
> nfl-eval@1.0.0 test
> vitest run --reporter=verbose --reporter=json --outputFile=test-results.json


[1m[46m RUN [49m[22m [36mv3.2.4 [39m[90mC:/github/nfl-eval[39m

(node:63440) ExperimentalWarning: SQLite is an experimental feature and might change at any time
(Use `node --trace-warnings ...` to show where the warning was created)
(node:69828) ExperimentalWarning: SQLite is an experimental feature and might change at any time
(Use `node --trace-warnings ...` to show where the warning was created)
(node:85444) ExperimentalWarning: SQLite is an experimental feature and might change at any time
(Use `node --trace-warnings ...` to show where the warning was created)
(node:46252) ExperimentalWarning: SQLite is an experimental feature and might change at any time
(Use `node --trace-warnings ...` to show where the warning was created)
(node:38484) ExperimentalWarning: SQLite is an experimental feature and might change at any time
(Use `node --trace-warnings ...` to show where the warning was created)
(node:13496) ExperimentalWarning: SQLite is an experimental feature and might change at any time
(Use `node --trace-warnings ...` to show where the warning was created)
(node:84716) ExperimentalWarning: SQLite is an experimental feature and might change at any time
(Use `node --trace-warnings ...` to show where the warning was created)
(node:82504) ExperimentalWarning: SQLite is an experimental feature and might change at any time
(Use `node --trace-warnings ...` to show where the warning was created)
(node:74652) ExperimentalWarning: SQLite is an experimental feature and might change at any time
(Use `node --trace-warnings ...` to show where the warning was created)
(node:31208) ExperimentalWarning: SQLite is an experimental feature and might change at any time
(Use `node --trace-warnings ...` to show where the warning was created)
(node:13084) ExperimentalWarning: SQLite is an experimental feature and might change at any time
(Use `node --trace-warnings ...` to show where the warning was created)
(node:71992) ExperimentalWarning: SQLite is an experimental feature and might change at any time
(Use `node --trace-warnings ...` to show where the warning was created)
(node:38080) ExperimentalWarning: SQLite is an experimental feature and might change at any time
(Use `node --trace-warnings ...` to show where the warning was created)
(node:85396) ExperimentalWarning: SQLite is an experimental feature and might change at any time
(Use `node --trace-warnings ...` to show where the warning was created)
(node:17392) ExperimentalWarning: SQLite is an experimental feature and might change at any time
(Use `node --trace-warnings ...` to show where the warning was created)
(node:72464) ExperimentalWarning: SQLite is an experimental feature and might change at any time
(Use `node --trace-warnings ...` to show where the warning was created)
(node:72124) ExperimentalWarning: SQLite is an experimental feature and might change at any time
(Use `node --trace-warnings ...` to show where the warning was created)
(node:68728) ExperimentalWarning: SQLite is an experimental feature and might change at any time
(Use `node --trace-warnings ...` to show where the warning was created)
(node:40388) ExperimentalWarning: SQLite is an experimental feature and might change at any time
(Use `node --trace-warnings ...` to show where the warning was created)
(node:2348) ExperimentalWarning: SQLite is an experimental feature and might change at any time
(Use `node --trace-warnings ...` to show where the warning was created)
stderr | tests/llm/provider-copilot.test.ts > CopilotProvider > chat ΓÇö error handling > throws on 429 rate limit
[copilot] Retrying (1/3) after 429: Rate limit exceeded

(node:82604) ExperimentalWarning: SQLite is an experimental feature and might change at any time
(Use `node --trace-warnings ...` to show where the warning was created)
(node:67752) ExperimentalWarning: SQLite is an experimental feature and might change at any time
(Use `node --trace-warnings ...` to show where the warning was created)
 [32mΓ£ô[39m tests/agents/memory.test.ts[2m > [22mAgentMemory[2m > [22mstore and recall[2m > [22mstores a memory and recalls it[32m 19[2mms[22m[39m
 [32mΓ£ô[39m tests/agents/memory.test.ts[2m > [22mAgentMemory[2m > [22mstore and recall[2m > [22mstores with optional fields[32m 18[2mms[22m[39m
 [32mΓ£ô[39m tests/agents/memory.test.ts[2m > [22mAgentMemory[2m > [22mstore and recall[2m > [22mreturns unique ids for each stored memory[32m 33[2mms[22m[39m
 [32mΓ£ô[39m tests/agents/memory.test.ts[2m > [22mAgentMemory[2m > [22mcategory filtering[2m > [22mfilters by category[32m 20[2mms[22m[39m
 [32mΓ£ô[39m tests/pipeline/writer-factcheck.test.ts[2m > [22mwriter fact-check approved-source resolver[2m > [22mtreats official team primary pages as official_primary sources[32m 2[2mms[22m[39m
 [32mΓ£ô[39m tests/pipeline/writer-factcheck.test.ts[2m > [22mwriter fact-check approved-source resolver[2m > [22mfetches official team primary pages through the approved-source helper[32m 5[2mms[22m[39m
 [32mΓ£ô[39m tests/llm/provider-copilot.test.ts[2m > [22mCopilotProvider[2m > [22mlistModels[2m > [22mreturns supported model ids[32m 2[2mms[22m[39m
 [32mΓ£ô[39m tests/llm/provider-copilot.test.ts[2m > [22mCopilotProvider[2m > [22msupportsModel[2m > [22mreturns true for listed models[32m 0[2mms[22m[39m
 [32mΓ£ô[39m tests/llm/provider-copilot.test.ts[2m > [22mCopilotProvider[2m > [22msupportsModel[2m > [22mreturns false for unknown models[32m 0[2mms[22m[39m
 [32mΓ£ô[39m tests/llm/provider-copilot.test.ts[2m > [22mCopilotProvider[2m > [22mtoken resolution[2m > [22muses explicit token when provided[32m 0[2mms[22m[39m
 [32mΓ£ô[39m tests/llm/provider-copilot.test.ts[2m > [22mCopilotProvider[2m > [22mtoken resolution[2m > [22muses GITHUB_TOKEN env var[32m 0[2mms[22m[39m
 [32mΓ£ô[39m tests/llm/provider-copilot.test.ts[2m > [22mCopilotProvider[2m > [22mtoken resolution[2m > [22mexplicit token takes priority over env var[32m 0[2mms[22m[39m
 [32mΓ£ô[39m tests/llm/provider-copilot.test.ts[2m > [22mCopilotProvider[2m > [22mtoken resolution[2m > [22mthrows clear error when no token available[32m 1[2mms[22m[39m
 [32mΓ£ô[39m tests/llm/provider-copilot.test.ts[2m > [22mCopilotProvider[2m > [22mchat ΓÇö request building[2m > [22msends correct headers and model mapping[32m 1[2mms[22m[39m
 [32mΓ£ô[39m tests/llm/provider-copilot.test.ts[2m > [22mCopilotProvider[2m > [22mchat ΓÇö request building[2m > [22mmaps gpt-4.1 model correctly[32m 0[2mms[22m[39m
 [32mΓ£ô[39m tests/llm/provider-copilot.test.ts[2m > [22mCopilotProvider[2m > [22mchat ΓÇö request building[2m > [22mpasses temperature and maxTokens[32m 0[2mms[22m[39m
 [32mΓ£ô[39m tests/llm/provider-copilot.test.ts[2m > [22mCopilotProvider[2m > [22mchat ΓÇö request building[2m > [22msets response_format for JSON mode[32m 0[2mms[22m[39m
 [32mΓ£ô[39m tests/llm/provider-copilot.test.ts[2m > [22mCopilotProvider[2m > [22mchat ΓÇö request building[2m > [22mdefaults to gpt-4o when no model specified[32m 0[2mms[22m[39m
 [32mΓ£ô[39m tests/llm/provider-copilot.test.ts[2m > [22mCopilotProvider[2m > [22mchat ΓÇö request building[2m > [22muses max_completion_tokens and omits temperature for reasoning models[32m 0[2mms[22m[39m
 [32mΓ£ô[39m tests/llm/provider-copilot.test.ts[2m > [22mCopilotProvider[2m > [22mchat ΓÇö response parsing[2m > [22mparses a successful response[32m 0[2mms[22m[39m
 [32mΓ£ô[39m tests/llm/provider-copilot.test.ts[2m > [22mCopilotProvider[2m > [22mchat ΓÇö response parsing[2m > [22mhandles missing usage gracefully[32m 0[2mms[22m[39m
 [32mΓ£ô[39m tests/llm/provider-copilot.test.ts[2m > [22mCopilotProvider[2m > [22mchat ΓÇö response parsing[2m > [22mhandles null content in choice[32m 0[2mms[22m[39m
 [32mΓ£ô[39m tests/llm/provider-copilot.test.ts[2m > [22mCopilotProvider[2m > [22mchat ΓÇö error handling[2m > [22mthrows on non-ok HTTP status[32m 1[2mms[22m[39m
 [32mΓ£ô[39m tests/llm/provider-mock.test.ts[2m > [22mMockProvider[2m > [22midentity[2m > [22mhas correct id and name[32m 1[2mms[22m[39m
 [32mΓ£ô[39m tests/llm/provider-mock.test.ts[2m > [22mMockProvider[2m > [22msupportsModel[2m > [22mreturns true for any model[32m 0[2mms[22m[39m
 [32mΓ£ô[39m tests/llm/provider-mock.test.ts[2m > [22mMockProvider[2m > [22mlistModels[2m > [22mreturns at least one model[32m 1[2mms[22m[39m
 [32mΓ£ô[39m tests/config.test.ts[2m > [22mconfig[2m > [22mloads config with custom data dir[32m 4[2mms[22m[39m
 [32mΓ£ô[39m tests/config.test.ts[2m > [22mconfig[2m > [22minitializes data directory structure[32m 96[2mms[22m[39m
 [32mΓ£ô[39m tests/config/bootstrap.test.ts[2m > [22mBootstrap init[2m > [22minitDataDir[2m > [22mcreates directory structure[32m 33[2mms[22m[39m
 [32mΓ£ô[39m tests/db/repository.test.ts[2m > [22mRepository[2m > [22marticle CRUD[2m > [22mcreates and retrieves an article[32m 60[2mms[22m[39m
 [32mΓ£ô[39m tests/db/article-lifecycle.test.ts[2m > [22mArticle lifecycle (archive / delete)[2m > [22marchiveArticle[2m > [22msets status to archived[32m 72[2mms[22m[39m
 [32mΓ£ô[39m tests/config/mlb-boot.test.ts[2m > [22mMLB Boot Sequence[2m > [22mloadConfig with mlb returns valid AppConfig[32m 4[2mms[22m[39m
 [32mΓ£ô[39m tests/config/mlb-boot.test.ts[2m > [22mMLB Boot Sequence[2m > [22minitDataDir creates MLB directory structure[32m 23[2mms[22m[39m
 [32mΓ£ô[39m tests/config/mlb-boot.test.ts[2m > [22mMLB Boot Sequence[2m > [22mseedKnowledge copies all 5 MLB charters[32m 139[2mms[22m[39m
 [32mΓ£ô[39m tests/agents/memory.test.ts[2m > [22mAgentMemory[2m > [22mcategory filtering[2m > [22mreturns all categories when no filter[32m 20[2mms[22m[39m
 [32mΓ£ô[39m tests/agents/memory.test.ts[2m > [22mAgentMemory[2m > [22mrelevance scoring[2m > [22msorts by relevance descending then created_at descending[32m 20[2mms[22m[39m
 [32mΓ£ô[39m tests/agents/memory.test.ts[2m > [22mAgentMemory[2m > [22mrelevance scoring[2m > [22mfilters by minRelevance[32m 17[2mms[22m[39m
 [32mΓ£ô[39m tests/agents/memory.test.ts[2m > [22mAgentMemory[2m > [22mrelevance scoring[2m > [22mrespects limit[32m 36[2mms[22m[39m
 [32mΓ£ô[39m tests/llm/provider-mock.test.ts[2m > [22mMockProvider[2m > [22mdefault stage responses[2m > [22mreturns discussion prompt content for generatePrompt context[32m 212[2mms[22m[39m
 [32mΓ£ô[39m tests/config.test.ts[2m > [22mconfig[2m > [22mrespects NFL_DATA_DIR env var[32m 6[2mms[22m[39m
 [32mΓ£ô[39m tests/config.test.ts[2m > [22mconfig[2m > [22mthrows on unknown league[32m 4[2mms[22m[39m
 [32mΓ£ô[39m tests/config.test.ts[2m > [22mconfig[2m > [22msets correct paths for league-scoped dirs[32m 3[2mms[22m[39m
 [32mΓ£ô[39m tests/config.test.ts[2m > [22mconfig[2m > [22mcopies seed configs on initDataDir[32m 31[2mms[22m[39m
 [32mΓ£ô[39m tests/config.test.ts[2m > [22mconfig[2m > [22mdoes not overwrite existing configs on re-init[32m 54[2mms[22m[39m
 [32mΓ£ô[39m tests/config.test.ts[2m > [22mconfig[2m > [22mcomputes all derived paths correctly[32m 4[2mms[22m[39m
 [32mΓ£ô[39m tests/cli.test.ts[2m > [22mCLI[2m > [22mprintUsage[2m > [22mprints usage text to stdout[32m 6[2mms[22m[39m
 [32mΓ£ô[39m tests/cli.test.ts[2m > [22mCLI[2m > [22mhelp command[2m > [22mprints usage when "help" is passed[32m 3[2mms[22m[39m
 [32mΓ£ô[39m tests/cli.test.ts[2m > [22mCLI[2m > [22mhelp command[2m > [22mprints usage for --help flag[32m 4[2mms[22m[39m
 [32mΓ£ô[39m tests/cli.test.ts[2m > [22mCLI[2m > [22munknown command[2m > [22mprints error and usage for unknown command[32m 4[2mms[22m[39m
 [32mΓ£ô[39m tests/config.test.ts[2m > [22mconfig[2m > [22muses default port and env[32m 3[2mms[22m[39m
 [32mΓ£ô[39m tests/config.test.ts[2m > [22mconfig[2m > [22maccepts port and env overrides[32m 3[2mms[22m[39m
 [32mΓ£ô[39m tests/config.test.ts[2m > [22mconfig[2m > [22mdefaults dashboard auth off with secure cookies only in production[32m 3[2mms[22m[39m
 [32mΓ£ô[39m tests/config.test.ts[2m > [22mconfig[2m > [22mloads local dashboard auth from env vars[32m 3[2mms[22m[39m
 [32mΓ£ô[39m tests/db/article-lifecycle.test.ts[2m > [22mArticle lifecycle (archive / delete)[2m > [22marchiveArticle[2m > [22mworks from any stage[32m 50[2mms[22m[39m
 [32mΓ£ô[39m tests/db/article-lifecycle.test.ts[2m > [22mArticle lifecycle (archive / delete)[2m > [22marchiveArticle[2m > [22mthrows for missing article[32m 45[2mms[22m[39m
 [32mΓ£ô[39m tests/config/bootstrap.test.ts[2m > [22mBootstrap init[2m > [22minitDataDir[2m > [22mcopies seed configs[32m 110[2mms[22m[39m
 [32mΓ£ô[39m tests/config/bootstrap.test.ts[2m > [22mBootstrap init[2m > [22minitDataDir[2m > [22mdoesn't overwrite existing configs[32m 32[2mms[22m[39m
 [32mΓ£ô[39m tests/config/bootstrap.test.ts[2m > [22mBootstrap init[2m > [22minitDataDir[2m > [22mworks with custom league[32m 56[2mms[22m[39m
 [32mΓ£ô[39m tests/migration/migrate.test.ts[2m > [22mparseHistoryMd[2m > [22mparses heading-based entries[32m 2[2mms[22m[39m
 [32mΓ£ô[39m tests/migration/migrate.test.ts[2m > [22mparseHistoryMd[2m > [22mparses horizontal-rule-based entries[32m 0[2mms[22m[39m
 [32mΓ£ô[39m tests/migration/migrate.test.ts[2m > [22mparseHistoryMd[2m > [22mreturns empty for empty input[32m 0[2mms[22m[39m
 [32mΓ£ô[39m tests/migration/migrate.test.ts[2m > [22mparseHistoryMd[2m > [22mtreats short fragments as non-entries[32m 0[2mms[22m[39m
 [32mΓ£ô[39m tests/migration/migrate.test.ts[2m > [22mparseHistoryMd[2m > [22mdetects decision category from keywords[32m 0[2mms[22m[39m
 [32mΓ£ô[39m tests/migration/migrate.test.ts[2m > [22mmigrate[2m > [22mdry run reports actions without executing[32m 42[2mms[22m[39m
 [32mΓ£ô[39m tests/db/repository.test.ts[2m > [22mRepository[2m > [22marticle CRUD[2m > [22mcreates article with custom league[32m 48[2mms[22m[39m
 [32mΓ£ô[39m tests/db/repository.test.ts[2m > [22mRepository[2m > [22marticle CRUD[2m > [22mcreates article with custom depth level[32m 45[2mms[22m[39m
 [32mΓ£ô[39m tests/db/repository.test.ts[2m > [22mRepository[2m > [22marticle CRUD[2m > [22mreturns null for missing article[32m 46[2mms[22m[39m
 [32mΓ£ô[39m tests/pipeline/conversation.test.ts[2m > [22mconversation[2m > [22maddConversationTurn[2m > [22madds a turn and returns sequential turn number[32m 56[2mms[22m[39m
 [32mΓ£ô[39m tests/agents/memory.test.ts[2m > [22mAgentMemory[2m > [22mtouch[2m > [22mboosts relevance and increments access_count[32m 20[2mms[22m[39m
 [32mΓ£ô[39m tests/agents/memory.test.ts[2m > [22mAgentMemory[2m > [22mtouch[2m > [22mcaps relevance at 2.0[32m 16[2mms[22m[39m
 [32mΓ£ô[39m tests/agents/memory.test.ts[2m > [22mAgentMemory[2m > [22mtouch[2m > [22mis a no-op for non-existent id[32m 16[2mms[22m[39m
 [32mΓ£ô[39m tests/agents/memory.test.ts[2m > [22mAgentMemory[2m > [22mdecay[2m > [22mreduces relevance scores by factor[32m 20[2mms[22m[39m
 [32mΓ£ô[39m tests/agents/memory.test.ts[2m > [22mAgentMemory[2m > [22mdecay[2m > [22monly affects the specified agent[32m 18[2mms[22m[39m
 [32mΓ£ô[39m tests/agents/memory.test.ts[2m > [22mAgentMemory[2m > [22mdecay[2m > [22mreturns 0 for unknown agent[32m 15[2mms[22m[39m
 [32mΓ£ô[39m tests/config/mlb-boot.test.ts[2m > [22mMLB Boot Sequence[2m > [22mseedKnowledge copies statcast-data.md skill[32m 151[2mms[22m[39m
 [32mΓ£ô[39m tests/pipeline/engine.test.ts[2m > [22mGuard functions[2m > [22mrequireIdea[2m > [22mfails when idea.md does not exist[32m 48[2mms[22m[39m
 [32mΓ£ô[39m tests/pipeline/engine.test.ts[2m > [22mGuard functions[2m > [22mrequireIdea[2m > [22mfails when idea.md is empty[32m 50[2mms[22m[39m
 [32mΓ£ô[39m tests/pipeline/audit.test.ts[2m > [22mPipelineAuditor[2m > [22mlog()[2m > [22mcreates an audit record and retrieves it[32m 65[2mms[22m[39m
 [32mΓ£ô[39m tests/db/article-lifecycle.test.ts[2m > [22mArticle lifecycle (archive / delete)[2m > [22munarchiveArticle[2m > [22mrestores status based on current stage[32m 51[2mms[22m[39m
 [32mΓ£ô[39m tests/db/article-lifecycle.test.ts[2m > [22mArticle lifecycle (archive / delete)[2m > [22munarchiveArticle[2m > [22mrestores in_production for mid-pipeline stages[32m 49[2mms[22m[39m
(node:77040) ExperimentalWarning: SQLite is an experimental feature and might change at any time
(Use `node --trace-warnings ...` to show where the warning was created)
 [32mΓ£ô[39m tests/config/mlb-boot.test.ts[2m > [22mMLB Boot Sequence[2m > [22mMLB config has correct substackConfig[32m 2[2mms[22m[39m
 [32mΓ£ô[39m tests/config/mlb-boot.test.ts[2m > [22mMLB Boot Sequence[2m > [22mMLB teams file has expected structure[32m 4[2mms[22m[39m
 [32mΓ£ô[39m tests/config/mlb-boot.test.ts[2m > [22mMLB Boot Sequence[2m > [22minitDataDir copies team files including mlb.json[32m 40[2mms[22m[39m
 [32mΓ£ô[39m tests/config/mlb-boot.test.ts[2m > [22mMLB Boot Sequence[2m > [22mdoes not break NFL boot when MLB exists[32m 3[2mms[22m[39m
 [32mΓ£ô[39m tests/db/repository.test.ts[2m > [22mRepository[2m > [22marticle CRUD[2m > [22mrejects duplicate article ids[32m 63[2mms[22m[39m
 [32mΓ£ô[39m tests/db/repository.test.ts[2m > [22mRepository[2m > [22marticle CRUD[2m > [22mgetAllArticles returns all articles[32m 53[2mms[22m[39m
 [32mΓ£ô[39m tests/pipeline/conversation.test.ts[2m > [22mconversation[2m > [22maddConversationTurn[2m > [22mmaintains separate turn sequences per article[32m 64[2mms[22m[39m
 [32mΓ£ô[39m tests/pipeline/conversation.test.ts[2m > [22mconversation[2m > [22maddConversationTurn[2m > [22mestimates token count[32m 50[2mms[22m[39m
 [32mΓ£ô[39m tests/cli.test.ts[2m > [22mCLI[2m > [22minit command[2m > [22mcreates data directory structure and refreshes core prompts[32m 195[2mms[22m[39m
 [32mΓ£ô[39m tests/agents/memory.test.ts[2m > [22mAgentMemory[2m > [22mdecay[2m > [22mshouldDecay returns true when no prior decay[32m 30[2mms[22m[39m
 [32mΓ£ô[39m tests/agents/memory.test.ts[2m > [22mAgentMemory[2m > [22mdecay[2m > [22mshouldDecay returns false within cooldown[32m 16[2mms[22m[39m
 [32mΓ£ô[39m tests/agents/memory.test.ts[2m > [22mAgentMemory[2m > [22mdecay[2m > [22mshouldDecay returns true after cooldown[32m 19[2mms[22m[39m
 [32mΓ£ô[39m tests/agents/memory.test.ts[2m > [22mAgentMemory[2m > [22mprune[2m > [22mremoves low-relevance entries[32m 23[2mms[22m[39m
 [32mΓ£ô[39m tests/agents/memory.test.ts[2m > [22mAgentMemory[2m > [22mprune[2m > [22mremoves expired entries[32m 20[2mms[22m[39m
 [32mΓ£ô[39m tests/pipeline/engine.test.ts[2m > [22mGuard functions[2m > [22mrequireIdea[2m > [22mfails when idea.md is whitespace only[32m 62[2mms[22m[39m
 [32mΓ£ô[39m tests/pipeline/engine.test.ts[2m > [22mGuard functions[2m > [22mrequireIdea[2m > [22mpasses when idea.md has content[32m 53[2mms[22m[39m
 [32mΓ£ô[39m tests/db/article-lifecycle.test.ts[2m > [22mArticle lifecycle (archive / delete)[2m > [22munarchiveArticle[2m > [22mthrows for non-archived article[32m 53[2mms[22m[39m
 [32mΓ£ô[39m tests/db/article-lifecycle.test.ts[2m > [22mArticle lifecycle (archive / delete)[2m > [22munarchiveArticle[2m > [22mthrows for missing article[32m 50[2mms[22m[39m
 [32mΓ£ô[39m tests/pipeline/audit.test.ts[2m > [22mPipelineAuditor[2m > [22mlog()[2m > [22mstores guard results as JSON[32m 54[2mms[22m[39m
 [32mΓ£ô[39m tests/pipeline/audit.test.ts[2m > [22mPipelineAuditor[2m > [22mlog()[2m > [22mstores error and metadata fields[32m 59[2mms[22m[39m
 [32mΓ£ô[39m tests/agents/memory.test.ts[2m > [22mAgentMemory[2m > [22mexpiration[2m > [22mexcludes expired memories by default[32m 21[2mms[22m[39m
 [32mΓ£ô[39m tests/agents/memory.test.ts[2m > [22mAgentMemory[2m > [22mexpiration[2m > [22mincludes expired memories when requested[32m 24[2mms[22m[39m
 [32mΓ£ô[39m tests/agents/memory.test.ts[2m > [22mAgentMemory[2m > [22mexpiration[2m > [22mincludes non-expired future entries[32m 26[2mms[22m[39m
 [32mΓ£ô[39m tests/agents/memory.test.ts[2m > [22mAgentMemory[2m > [22mrecallGlobal[2m > [22mreturns memories across all agents[32m 25[2mms[22m[39m
 [32mΓ£ô[39m tests/db/repository.test.ts[2m > [22mRepository[2m > [22mstage transitions[2m > [22madvances stage with validation[32m 53[2mms[22m[39m
 [32mΓ£ô[39m tests/db/repository.test.ts[2m > [22mRepository[2m > [22mstage transitions[2m > [22madvances stage with status update[32m 65[2mms[22m[39m
 [32mΓ£ô[39m tests/pipeline/conversation.test.ts[2m > [22mconversation[2m > [22mgetArticleConversation[2m > [22mreturns all turns in order[32m 56[2mms[22m[39m
 [32mΓ£ô[39m tests/pipeline/conversation.test.ts[2m > [22mconversation[2m > [22mgetArticleConversation[2m > [22mfilters by sinceStage[32m 68[2mms[22m[39m
 [32mΓ£ô[39m tests/migration/migrate.test.ts[2m > [22mmigrate[2m > [22mpipeline.db gets league column added[32m 229[2mms[22m[39m
 [32mΓ£ô[39m tests/pipeline/engine.test.ts[2m > [22mGuard functions[2m > [22mrequirePrompt[2m > [22mfails when discussion-prompt.md does not exist[32m 57[2mms[22m[39m
 [32mΓ£ô[39m tests/pipeline/engine.test.ts[2m > [22mGuard functions[2m > [22mrequirePrompt[2m > [22mpasses when discussion-prompt.md exists[32m 60[2mms[22m[39m
(node:76488) ExperimentalWarning: SQLite is an experimental feature and might change at any time
(Use `node --trace-warnings ...` to show where the warning was created)
 [32mΓ£ô[39m tests/db/article-lifecycle.test.ts[2m > [22mArticle lifecycle (archive / delete)[2m > [22marchive ΓåÆ unarchive round-trip[2m > [22mreturns article to a usable status[32m 72[2mms[22m[39m
 [32mΓ£ô[39m tests/db/article-lifecycle.test.ts[2m > [22mArticle lifecycle (archive / delete)[2m > [22mdeleteArticle[2m > [22mremoves article from database[32m 64[2mms[22m[39m
 [32mΓ£ô[39m tests/pipeline/audit.test.ts[2m > [22mPipelineAuditor[2m > [22mdetectDrift()[2m > [22mfinds discrepancies between artifacts and DB[32m 72[2mms[22m[39m
 [32mΓ£ô[39m tests/pipeline/audit.test.ts[2m > [22mPipelineAuditor[2m > [22mdetectDrift()[2m > [22mreturns empty array when no drift exists[32m 63[2mms[22m[39m
 [32mΓ£ô[39m tests/pipeline/writer-factcheck.test.ts[2m > [22mwriter fact-check wall-clock budget[2m > [22mreports wall-clock exhaustion when the remaining stage budget aborts an in-flight fetch[33m 505[2mms[22m[39m
 [32mΓ£ô[39m tests/agents/memory.test.ts[2m > [22mAgentMemory[2m > [22mrecallGlobal[2m > [22mfilters by category globally[32m 28[2mms[22m[39m
 [32mΓ£ô[39m tests/agents/memory.test.ts[2m > [22mAgentMemory[2m > [22mrecallGlobal[2m > [22msearches content with LIKE[32m 24[2mms[22m[39m
 [32mΓ£ô[39m tests/agents/memory.test.ts[2m > [22mAgentMemory[2m > [22mrecallGlobal[2m > [22mcombines category and search[32m 23[2mms[22m[39m
 [32mΓ£ô[39m tests/agents/memory.test.ts[2m > [22mAgentMemory[2m > [22mstats[2m > [22mreturns per-agent statistics[32m 21[2mms[22m[39m
 [32mΓ£ô[39m tests/agents/memory.test.ts[2m > [22mAgentMemory[2m > [22mstats[2m > [22mreturns empty array for empty db[32m 22[2mms[22m[39m
 [32mΓ£ô[39m tests/cli/export.test.ts[2m > [22mexportArticle[2m > [22mexports metadata.json and available artifacts[32m 137[2mms[22m[39m
 [32mΓ£ô[39m tests/db/repository.test.ts[2m > [22mRepository[2m > [22mstage transitions[2m > [22mupdates article status without changing stage[32m 60[2mms[22m[39m
 [32mΓ£ô[39m tests/db/repository.test.ts[2m > [22mRepository[2m > [22mstage transitions[2m > [22mrejects stage mismatch[32m 56[2mms[22m[39m
 [32mΓ£ô[39m tests/pipeline/conversation.test.ts[2m > [22mconversation[2m > [22mgetArticleConversation[2m > [22mfilters by agentName[32m 61[2mms[22m[39m
 [32mΓ£ô[39m tests/pipeline/conversation.test.ts[2m > [22mconversation[2m > [22mgetArticleConversation[2m > [22mrespects limit[32m 62[2mms[22m[39m
 [32mΓ£ô[39m tests/pipeline/engine.test.ts[2m > [22mGuard functions[2m > [22mrequirePanelComposition[2m > [22mfails when panel-composition.md does not exist[32m 57[2mms[22m[39m
 [32mΓ£ô[39m tests/pipeline/engine.test.ts[2m > [22mGuard functions[2m > [22mrequirePanelComposition[2m > [22mpasses when panel-composition.md exists[32m 67[2mms[22m[39m
 [32mΓ£ô[39m tests/llm/provider-mock.test.ts[2m > [22mMockProvider[2m > [22mdefault stage responses[2m > [22mreturns panel composition content for composePanel context[33m 494[2mms[22m[39m
 [32mΓ£ô[39m tests/agents/memory.test.ts[2m > [22mAgentMemory[2m > [22medge cases[2m > [22mrecall returns empty array for unknown agent[32m 32[2mms[22m[39m
 [32mΓ£ô[39m tests/agents/memory.test.ts[2m > [22mAgentMemory[2m > [22medge cases[2m > [22mrecall returns empty array on empty db[32m 27[2mms[22m[39m
 [32mΓ£ô[39m tests/agents/memory.test.ts[2m > [22mAgentMemory[2m > [22medge cases[2m > [22mrecallGlobal returns empty array on empty db[32m 31[2mms[22m[39m
 [32mΓ£ô[39m tests/pipeline/scheduler.test.ts[2m > [22mPipelineScheduler[2m > [22mfindReady[2m > [22mreturns articles that can advance[32m 77[2mms[22m[39m
 [32mΓ£ô[39m tests/config/bootstrap.test.ts[2m > [22mBootstrap init[2m > [22mseedKnowledge[2m > [22mcopies charters[32m 289[2mms[22m[39m
 [32mΓ£ô[39m tests/cli.test.ts[2m > [22mCLI[2m > [22mrefresh-prompts command[2m > [22mrefreshes curated runtime prompts from defaults[32m 191[2mms[22m[39m
 [32mΓ£ô[39m tests/mcp/server.test.ts[2m > [22mMCP Server[2m > [22mserver creation[2m > [22mcreates a Server instance[32m 81[2mms[22m[39m
 [32mΓ£ô[39m tests/pipeline/audit.test.ts[2m > [22mPipelineAuditor[2m > [22mgetHistory()[2m > [22mreturns entries only for the specified article[32m 66[2mms[22m[39m
 [32mΓ£ô[39m tests/pipeline/audit.test.ts[2m > [22mPipelineAuditor[2m > [22mgetHistory()[2m > [22mreturns entries in chronological order[32m 70[2mms[22m[39m
 [32mΓ£ô[39m tests/db/article-lifecycle.test.ts[2m > [22mArticle lifecycle (archive / delete)[2m > [22mdeleteArticle[2m > [22mremoves all related data[32m 77[2mms[22m[39m
 [32mΓ£ô[39m tests/db/article-lifecycle.test.ts[2m > [22mArticle lifecycle (archive / delete)[2m > [22mdeleteArticle[2m > [22mcleans up artifact files[32m 74[2mms[22m[39m
 [32mΓ£ô[39m tests/db/repository.test.ts[2m > [22mRepository[2m > [22mstage transitions[2m > [22mrejects invalid stage numbers[32m 59[2mms[22m[39m
 [32mΓ£ô[39m tests/db/repository.test.ts[2m > [22mRepository[2m > [22mstage transitions[2m > [22mallows null from_stage for initial seed[32m 70[2mms[22m[39m
 [32mΓ£ô[39m tests/cli/export.test.ts[2m > [22mexportArticle[2m > [22mskips artifacts that do not exist[32m 143[2mms[22m[39m
 [32mΓ£ô[39m tests/agents/memory.test.ts[2m > [22mAgentMemory[2m > [22medge cases[2m > [22mallows duplicate content for the same agent[32m 35[2mms[22m[39m
 [32mΓ£ô[39m tests/agents/memory.test.ts[2m > [22mAgentMemory[2m > [22medge cases[2m > [22mprune on empty db returns 0[32m 36[2mms[22m[39m
 [32mΓ£ô[39m tests/agents/memory.test.ts[2m > [22mAgentMemory[2m > [22mlatestKnowledge[2m > [22mreturns null when no domain_knowledge exists[32m 35[2mms[22m[39m
 [32mΓ£ô[39m tests/pipeline/conversation.test.ts[2m > [22mconversation[2m > [22mgetArticleConversation[2m > [22mprefers newest turns when newestFirst is set[32m 67[2mms[22m[39m
 [32mΓ£ô[39m tests/pipeline/conversation.test.ts[2m > [22mconversation[2m > [22mgetArticleConversation[2m > [22mcombines filters[32m 83[2mms[22m[39m
 [32mΓ£ô[39m tests/pipeline/scheduler.test.ts[2m > [22mPipelineScheduler[2m > [22mfindReady[2m > [22mreturns empty array when no articles exist[32m 88[2mms[22m[39m
 [32mΓ£ô[39m tests/config/bootstrap.test.ts[2m > [22mBootstrap init[2m > [22mseedKnowledge[2m > [22mskips charters if dir not empty[32m 255[2mms[22m[39m
(node:41052) ExperimentalWarning: SQLite is an experimental feature and might change at any time
(Use `node --trace-warnings ...` to show where the warning was created)
 [32mΓ£ô[39m tests/db/article-lifecycle.test.ts[2m > [22mArticle lifecycle (archive / delete)[2m > [22mdeleteArticle[2m > [22mthrows for missing article[32m 79[2mms[22m[39m
 [32mΓ£ô[39m tests/mcp/server.test.ts[2m > [22mMCP Server[2m > [22mserver creation[2m > [22mregisters all expected tools[32m 96[2mms[22m[39m
 [32mΓ£ô[39m tests/pipeline/audit.test.ts[2m > [22mPipelineAuditor[2m > [22mgetRecent()[2m > [22mreturns entries across all articles in reverse-chronological order[32m 91[2mms[22m[39m
 [32mΓ£ô[39m tests/pipeline/engine.test.ts[2m > [22mGuard functions[2m > [22mrequireDiscussionSummary[2m > [22mfails when discussion-summary.md does not exist[32m 72[2mms[22m[39m
 [32mΓ£ô[39m tests/pipeline/engine.test.ts[2m > [22mGuard functions[2m > [22mrequireDiscussionSummary[2m > [22mpasses when discussion-summary.md exists[32m 79[2mms[22m[39m
 [32mΓ£ô[39m tests/db/article-lifecycle.test.ts[2m > [22mArticle lifecycle (archive / delete)[2m > [22mlistArticles excludeArchived[2m > [22mexcludes archived articles when excludeArchived is true[32m 99[2mms[22m[39m
 [32mΓ£ô[39m tests/migration/migrate.test.ts[2m > [22mmigrate[2m > [22mbackfills legacy article editorial columns during migration[32m 263[2mms[22m[39m
 [32mΓ£ô[39m tests/cli.test.ts[2m > [22mCLI[2m > [22mrefresh-prompts command[2m > [22mdispatches through run()[33m 349[2mms[22m[39m
 [32mΓ£ô[39m tests/db/repository.test.ts[2m > [22mRepository[2m > [22mstage transitions[2m > [22mrejects nonexistent article[32m 82[2mms[22m[39m
 [32mΓ£ô[39m tests/db/repository.test.ts[2m > [22mRepository[2m > [22mstage transitions[2m > [22madvances with usage event[32m 79[2mms[22m[39m
 [32mΓ£ô[39m tests/cli/export.test.ts[2m > [22mexportArticle[2m > [22mthrows for non-existent article[32m 174[2mms[22m[39m
 [32mΓ£ô[39m tests/pipeline/scheduler.test.ts[2m > [22mPipelineScheduler[2m > [22mfindReady[2m > [22mskips stage-8 articles[32m 125[2mms[22m[39m
 [32mΓ£ô[39m tests/agents/memory.test.ts[2m > [22mAgentMemory[2m > [22mlatestKnowledge[2m > [22mreturns null for unknown agent[32m 36[2mms[22m[39m
 [32mΓ£ô[39m tests/agents/memory.test.ts[2m > [22mAgentMemory[2m > [22mlatestKnowledge[2m > [22mreturns the latest domain_knowledge date[32m 21[2mms[22m[39m
 [32mΓ£ô[39m tests/agents/memory.test.ts[2m > [22mAgentMemory[2m > [22mlatestKnowledge[2m > [22mignores other categories[32m 24[2mms[22m[39m
 [32mΓ£ô[39m tests/agents/memory.test.ts[2m > [22mAgentMemory[2m > [22mknowledgeFreshness[2m > [22mreturns empty map on empty db[32m 19[2mms[22m[39m
 [32mΓ£ô[39m tests/agents/memory.test.ts[2m > [22mAgentMemory[2m > [22mknowledgeFreshness[2m > [22mreturns map with entries for agents that have domain_knowledge[32m 31[2mms[22m[39m
(node:59136) ExperimentalWarning: SQLite is an experimental feature and might change at any time
(Use `node --trace-warnings ...` to show where the warning was created)
 [32mΓ£ô[39m tests/pipeline/conversation.test.ts[2m > [22mconversation[2m > [22mgetArticleConversation[2m > [22mreturns empty array for unknown article[32m 100[2mms[22m[39m
 [32mΓ£ô[39m tests/pipeline/conversation.test.ts[2m > [22mconversation[2m > [22maddRevisionSummary[2m > [22mrecords a revision with key issues[32m 58[2mms[22m[39m
 [32mΓ£ô[39m tests/mcp/server.test.ts[2m > [22mMCP Server[2m > [22mserver creation[2m > [22mtools have correct inputSchema types[32m 105[2mms[22m[39m
 [32mΓ£ô[39m tests/mcp/server.test.ts[2m > [22mMCP Server[2m > [22mserver creation[2m > [22marticle_create schema requires id and title[32m 62[2mms[22m[39m
 [32mΓ£ô[39m tests/pipeline/engine.test.ts[2m > [22mGuard functions[2m > [22mrequireArticleContract[2m > [22mfails when article-contract.md does not exist[32m 92[2mms[22m[39m
 [32mΓ£ô[39m tests/pipeline/engine.test.ts[2m > [22mGuard functions[2m > [22mrequireArticleContract[2m > [22mpasses when article-contract.md exists[32m 63[2mms[22m[39m
stderr | tests/llm/provider-copilot.test.ts > CopilotProvider > chat ΓÇö error handling > throws on 429 rate limit
[copilot] Retrying (2/3) after 429: Rate limit exceeded

 [32mΓ£ô[39m tests/pipeline/writer-factcheck.test.ts[2m > [22mwriter fact-check wall-clock budget[2m > [22mcaps a slow fetch to the remaining wall-clock budget[33m 510[2mms[22m[39m
 [32mΓ£ô[39m tests/pipeline/audit.test.ts[2m > [22mPipelineAuditor[2m > [22mgetRecent()[2m > [22mrespects the limit parameter[32m 103[2mms[22m[39m
 [32mΓ£ô[39m tests/pipeline/audit.test.ts[2m > [22mPipelineAuditor[2m > [22mgenerateReport()[2m > [22mproduces a correct pipeline health summary[32m 75[2mms[22m[39m
 [32mΓ£ô[39m tests/agents/memory.test.ts[2m > [22mAgentMemory[2m > [22mknowledgeFreshness[2m > [22mreturns latest date per agent[32m 18[2mms[22m[39m
 [32mΓ£ô[39m tests/agents/memory.test.ts[2m > [22mAgentMemory[2m > [22mcategoryStats[2m > [22mreturns empty array for unknown agent[32m 16[2mms[22m[39m
 [32mΓ£ô[39m tests/agents/memory.test.ts[2m > [22mAgentMemory[2m > [22mcategoryStats[2m > [22mreturns per-category breakdown[32m 21[2mms[22m[39m
 [32mΓ£ô[39m tests/pipeline/conversation.test.ts[2m > [22mconversation[2m > [22maddRevisionSummary[2m > [22mrecords structured blocker metadata without breaking free-text fields[32m 58[2mms[22m[39m
 [32mΓ£ô[39m tests/config/multi-league.test.ts[2m > [22mMulti-League Config[2m > [22mConfig loading[2m > [22mdefaults to nfl when no league override is provided[32m 3[2mms[22m[39m
 [32mΓ£ô[39m tests/config/multi-league.test.ts[2m > [22mMulti-League Config[2m > [22mConfig loading[2m > [22mloadConfig with league "nfl" returns config with 32 teams[32m 3[2mms[22m[39m
 [32mΓ£ô[39m tests/config/multi-league.test.ts[2m > [22mMulti-League Config[2m > [22mConfig loading[2m > [22mloadConfig with league "mlb" returns valid config with 30 teams[32m 3[2mms[22m[39m
 [32mΓ£ô[39m tests/config/multi-league.test.ts[2m > [22mMulti-League Config[2m > [22mTeam files[2m > [22mnfl.json has 32 teams[32m 0[2mms[22m[39m
 [32mΓ£ô[39m tests/config/multi-league.test.ts[2m > [22mMulti-League Config[2m > [22mTeam files[2m > [22mmlb.json has 30 teams[32m 0[2mms[22m[39m
 [32mΓ£ô[39m tests/config/multi-league.test.ts[2m > [22mMulti-League Config[2m > [22mTeam files[2m > [22meach NFL team has abbr, name, city fields[32m 2[2mms[22m[39m
 [32mΓ£ô[39m tests/config/multi-league.test.ts[2m > [22mMulti-League Config[2m > [22mTeam files[2m > [22meach MLB team has abbr, name, city fields[32m 3[2mms[22m[39m
 [32mΓ£ô[39m tests/config/multi-league.test.ts[2m > [22mMulti-League Config[2m > [22mTeam files[2m > [22mNFL teams include expected abbreviations[32m 1[2mms[22m[39m
 [32mΓ£ô[39m tests/config/multi-league.test.ts[2m > [22mMulti-League Config[2m > [22mTeam files[2m > [22mMLB teams include expected abbreviations[32m 1[2mms[22m[39m
 [32mΓ£ô[39m tests/config/multi-league.test.ts[2m > [22mMulti-League Config[2m > [22mLeague data tool routing[2m > [22mreturns nflverse-data for nfl[32m 0[2mms[22m[39m
 [32mΓ£ô[39m tests/config/multi-league.test.ts[2m > [22mMulti-League Config[2m > [22mLeague data tool routing[2m > [22mreturns statcast-data for mlb[32m 0[2mms[22m[39m
 [32mΓ£ô[39m tests/config/multi-league.test.ts[2m > [22mMulti-League Config[2m > [22mLeague data tool routing[2m > [22mreturns nflverse-data as default fallback for unknown leagues[32m 0[2mms[22m[39m
 [32mΓ£ô[39m tests/config/multi-league.test.ts[2m > [22mMulti-League Config[2m > [22mCurrent season helper[2m > [22mreturns a reasonable year[32m 1[2mms[22m[39m
 [32mΓ£ô[39m tests/config/multi-league.test.ts[2m > [22mMulti-League Config[2m > [22mCurrent season helper[2m > [22mreturns a number for nfl[32m 0[2mms[22m[39m
 [32mΓ£ô[39m tests/config/multi-league.test.ts[2m > [22mMulti-League Config[2m > [22mCurrent season helper[2m > [22mreturns a number for mlb[32m 0[2mms[22m[39m
 [32mΓ£ô[39m tests/config/multi-league.test.ts[2m > [22mMulti-League Config[2m > [22mCurrent season helper[2m > [22mreturns a number for nba[32m 0[2mms[22m[39m
 [32mΓ£ô[39m tests/config/multi-league.test.ts[2m > [22mMulti-League Config[2m > [22mClaim extraction[2m > [22mNFL config has non-empty statPatterns[32m 0[2mms[22m[39m
 [32mΓ£ô[39m tests/config/multi-league.test.ts[2m > [22mMulti-League Config[2m > [22mClaim extraction[2m > [22mNFL config has non-empty draftPatterns[32m 0[2mms[22m[39m
 [32mΓ£ô[39m tests/config/multi-league.test.ts[2m > [22mMulti-League Config[2m > [22mClaim extraction[2m > [22mNFL config has non-empty superlativePatterns[32m 0[2mms[22m[39m
 [32mΓ£ô[39m tests/config/multi-league.test.ts[2m > [22mMulti-League Config[2m > [22mClaim extraction[2m > [22mMLB config exists with expected shape[32m 0[2mms[22m[39m
 [32mΓ£ô[39m tests/config/multi-league.test.ts[2m > [22mMulti-League Config[2m > [22mClaim extraction[2m > [22mextractClaims extracts stat claims from NFL text[32m 3[2mms[22m[39m
 [32mΓ£ô[39m tests/config/multi-league.test.ts[2m > [22mMulti-League Config[2m > [22mLeague helpers[2m > [22mdataSourceName for nfl returns nflverse[32m 0[2mms[22m[39m
 [32mΓ£ô[39m tests/config/multi-league.test.ts[2m > [22mMulti-League Config[2m > [22mLeague helpers[2m > [22mdataSourceName for mlb contains Statcast[32m 0[2mms[22m[39m
 [32mΓ£ô[39m tests/config/multi-league.test.ts[2m > [22mMulti-League Config[2m > [22mMLB charter files[2m > [22mmlb charter directory exists[32m 0[2mms[22m[39m
 [32mΓ£ô[39m tests/config/multi-league.test.ts[2m > [22mMulti-League Config[2m > [22mMLB charter files[2m > [22mmlb/lead.md exists and has Identity section[32m 0[2mms[22m[39m
 [32mΓ£ô[39m tests/config/multi-league.test.ts[2m > [22mMulti-League Config[2m > [22mMLB charter files[2m > [22mmlb/writer.md exists and has Identity section[32m 1[2mms[22m[39m
 [32mΓ£ô[39m tests/config/multi-league.test.ts[2m > [22mMulti-League Config[2m > [22mMLB charter files[2m > [22mmlb/editor.md exists and has Identity section[32m 0[2mms[22m[39m
 [32mΓ£ô[39m tests/config/multi-league.test.ts[2m > [22mMulti-League Config[2m > [22mMLB charter files[2m > [22mmlb/publisher.md exists and has Identity section[32m 1[2mms[22m[39m
 [32mΓ£ô[39m tests/config/multi-league.test.ts[2m > [22mMulti-League Config[2m > [22mMLB charter files[2m > [22mmlb/panel-moderator.md exists and has Identity section[32m 0[2mms[22m[39m
 [32mΓ£ô[39m tests/config/multi-league.test.ts[2m > [22mMulti-League Config[2m > [22mMLB charter files[2m > [22mmlb charters reference MLB Lab branding[32m 0[2mms[22m[39m
 [32mΓ£ô[39m tests/config/multi-league.test.ts[2m > [22mMulti-League Config[2m > [22mMLB charter files[2m > [22mmlb charters do NOT hardcode NFL references[32m 1[2mms[22m[39m
 [32mΓ£ô[39m tests/config/multi-league.test.ts[2m > [22mMulti-League Config[2m > [22mStatcast data skill[2m > [22mstatcast-data.md exists[32m 0[2mms[22m[39m
 [32mΓ£ô[39m tests/config/multi-league.test.ts[2m > [22mMulti-League Config[2m > [22mStatcast data skill[2m > [22mhas correct frontmatter[32m 0[2mms[22m[39m
 [32mΓ£ô[39m tests/config/multi-league.test.ts[2m > [22mMulti-League Config[2m > [22mseedKnowledge() for MLB[2m > [22mseeds MLB charters into a fresh data directory[33m 458[2mms[22m[39m
 [32mΓ£ô[39m tests/cli/export.test.ts[2m > [22mexportArticle[2m > [22mcreates output directory if it does not exist[32m 123[2mms[22m[39m
 [32mΓ£ô[39m tests/pipeline/scheduler.test.ts[2m > [22mPipelineScheduler[2m > [22mfindReadyAtStage[2m > [22mfilters by stage[32m 71[2mms[22m[39m
 [32mΓ£ô[39m tests/pipeline/scheduler.test.ts[2m > [22mPipelineScheduler[2m > [22mfindReadyAtStage[2m > [22mreturns empty when no articles at that stage are ready[32m 88[2mms[22m[39m
 [32mΓ£ô[39m tests/mcp/server.test.ts[2m > [22mMCP Server[2m > [22mpipeline_status[2m > [22mreturns correct format with no articles[32m 49[2mms[22m[39m
 [32mΓ£ô[39m tests/pipeline/engine.test.ts[2m > [22mGuard functions[2m > [22mrequireDraft[2m > [22mfails when draft.md does not exist[32m 48[2mms[22m[39m
 [32mΓ£ô[39m tests/db/repository.test.ts[2m > [22mRepository[2m > [22meditor reviews[2m > [22mrecords and retrieves editor review[32m 62[2mms[22m[39m
 [32mΓ£ô[39m tests/db/repository.test.ts[2m > [22mRepository[2m > [22meditor reviews[2m > [22mauto-increments review number[32m 51[2mms[22m[39m
 [32mΓ£ô[39m tests/cli/export.test.ts[2m > [22mexportArticle[2m > [22mexports stage transitions when present[32m 152[2mms[22m[39m
 [32mΓ£ô[39m tests/agents/memory.test.ts[2m > [22mAgentMemory[2m > [22mcategoryStats[2m > [22mdoes not include other agents[32m 62[2mms[22m[39m
 [32mΓ£ô[39m tests/agents/memory.test.ts[2m > [22mAgentMemory[2m > [22mstale badge logic[2m > [22mknowledge older than 7 days is stale[32m 19[2mms[22m[39m
 [32mΓ£ô[39m tests/agents/memory.test.ts[2m > [22mAgentMemory[2m > [22mstale badge logic[2m > [22mknowledge within 7 days is fresh[32m 23[2mms[22m[39m
 [32mΓ£ô[39m tests/agents/memory.test.ts[2m > [22mAgentMemory[2m > [22mstale badge logic[2m > [22mSQLite date format (without T) is handled[32m 24[2mms[22m[39m
 [32mΓ£ô[39m tests/llm/provider-mock.test.ts[2m > [22mMockProvider[2m > [22mdefault stage responses[2m > [22mreturns discussion summary for runDiscussion context[33m 446[2mms[22m[39m
 [32mΓ£ô[39m tests/pipeline/conversation.test.ts[2m > [22mconversation[2m > [22maddRevisionSummary[2m > [22mrecords revision without optional fields[32m 96[2mms[22m[39m
 [32mΓ£ô[39m tests/pipeline/conversation.test.ts[2m > [22mconversation[2m > [22mparseRevisionBlockerMetadata[2m > [22mreturns parsed blocker metadata when JSON is valid[32m 56[2mms[22m[39m
 [32mΓ£ô[39m tests/pipeline/audit.test.ts[2m > [22mPipelineAuditor[2m > [22mgenerateReport()[2m > [22mreturns zeros when no articles exist[32m 91[2mms[22m[39m
 [32mΓ£ô[39m tests/pipeline/audit.test.ts[2m > [22mPipelineAuditor[2m > [22mfile logging[2m > [22mwrites JSONL entries to the log directory[32m 68[2mms[22m[39m
 [32mΓ£ô[39m tests/cli.test.ts[2m > [22mCLI[2m > [22mstatus command[2m > [22mprints pipeline summary table[32m 282[2mms[22m[39m
 [32mΓ£ô[39m tests/pipeline/engine.test.ts[2m > [22mGuard functions[2m > [22mrequireDraft[2m > [22mfails when draft.md has fewer than 200 words[32m 96[2mms[22m[39m
 [32mΓ£ô[39m tests/pipeline/engine.test.ts[2m > [22mGuard functions[2m > [22mrequireDraft[2m > [22mpasses when draft.md has 200+ words[32m 65[2mms[22m[39m
 [32mΓ£ô[39m tests/db/repository.test.ts[2m > [22mRepository[2m > [22meditor reviews[2m > [22mrejects invalid verdict[32m 111[2mms[22m[39m
 [32mΓ£ô[39m tests/db/repository.test.ts[2m > [22mRepository[2m > [22mrevision summaries[2m > [22mretrieves structured blocker metadata from stored revision summaries[32m 56[2mms[22m[39m
 [32mΓ£ô[39m tests/pipeline/audit.test.ts[2m > [22mPipelineAuditor[2m > [22mfile logging[2m > [22mappends multiple entries to the same file[32m 61[2mms[22m[39m
 [32mΓ£ô[39m tests/pipeline/scheduler.test.ts[2m > [22mPipelineScheduler[2m > [22madvanceSingle[2m > [22msucceeds with valid article[32m 64[2mms[22m[39m
 [32mΓ£ô[39m tests/pipeline/scheduler.test.ts[2m > [22mPipelineScheduler[2m > [22madvanceSingle[2m > [22mfails gracefully on guard failure[32m 71[2mms[22m[39m
 [32mΓ£ô[39m tests/migration/migrate.test.ts[2m > [22mmigrate[2m > [22mrecreates pipeline_board with the current schema contract[33m 381[2mms[22m[39m
 [32mΓ£ô[39m tests/mcp/server.test.ts[2m > [22mMCP Server[2m > [22mpipeline_status[2m > [22mcounts articles per stage[32m 116[2mms[22m[39m
 [32mΓ£ô[39m tests/mcp/server.test.ts[2m > [22mMCP Server[2m > [22mpipeline_status[2m > [22midentifies articles ready to advance[32m 73[2mms[22m[39m
 [32mΓ£ô[39m tests/pipeline/conversation.test.ts[2m > [22mconversation[2m > [22mparseRevisionBlockerMetadata[2m > [22mreturns null when blocker metadata is absent[32m 58[2mms[22m[39m
 [32mΓ£ô[39m tests/pipeline/conversation.test.ts[2m > [22mconversation[2m > [22mparseRevisionBlockerMetadata[2m > [22mreturns null for malformed blocker id JSON[32m 53[2mms[22m[39m
 [32mΓ£ô[39m tests/config/bootstrap.test.ts[2m > [22mBootstrap init[2m > [22mseedKnowledge[2m > [22mcopies skills[33m 308[2mms[22m[39m
 [32mΓ£ô[39m tests/pipeline/engine.test.ts[2m > [22mGuard functions[2m > [22mrequireDraft[2m > [22mpasses at exactly 800 words[32m 53[2mms[22m[39m
 [32mΓ£ô[39m tests/pipeline/engine.test.ts[2m > [22mGuard functions[2m > [22mrequireDraft[2m > [22mfails when TLDR block is missing near the top[32m 53[2mms[22m[39m
 [32mΓ£ô[39m tests/db/repository.test.ts[2m > [22mRepository[2m > [22mrevision summaries[2m > [22mkeeps older revision rows readable when blocker metadata is absent[32m 52[2mms[22m[39m
 [32mΓ£ô[39m tests/db/repository.test.ts[2m > [22mRepository[2m > [22mpublisher pass[2m > [22mrecords publisher pass[32m 51[2mms[22m[39m
 [32mΓ£ô[39m tests/cli.test.ts[2m > [22mCLI[2m > [22mstatus command[2m > [22mreflects actual article counts[32m 128[2mms[22m[39m
 [32mΓ£ô[39m tests/cli.test.ts[2m > [22mCLI[2m > [22madvance command[2m > [22merrors when no article id is given[32m 3[2mms[22m[39m
 [32mΓ£ô[39m tests/config/multi-league.test.ts[2m > [22mMulti-League Config[2m > [22mseedKnowledge() for MLB[2m > [22mseeds statcast-data.md skill alongside existing skills[32m 251[2mms[22m[39m
 [32mΓ£ô[39m tests/pipeline/scheduler.test.ts[2m > [22mPipelineScheduler[2m > [22madvanceSingle[2m > [22mfails when article does not exist[32m 56[2mms[22m[39m
 [32mΓ£ô[39m tests/pipeline/scheduler.test.ts[2m > [22mPipelineScheduler[2m > [22madvanceBatch[2m > [22mprocesses multiple articles[32m 59[2mms[22m[39m
 [32mΓ£ô[39m tests/mcp/server.test.ts[2m > [22mMCP Server[2m > [22marticle_get[2m > [22mreturns article details[32m 61[2mms[22m[39m
 [32mΓ£ô[39m tests/mcp/server.test.ts[2m > [22mMCP Server[2m > [22marticle_get[2m > [22mexposes repeated blocker escalation read-model data[32m 63[2mms[22m[39m
 [32mΓ£ô[39m tests/pipeline/conversation.test.ts[2m > [22mconversation[2m > [22mgetRevisionBlockerSignature[2m > [22mnormalizes blocker ids into a deterministic fingerprint[32m 52[2mms[22m[39m
 [32mΓ£ô[39m tests/pipeline/conversation.test.ts[2m > [22mconversation[2m > [22mgetRevisionBlockerSignature[2m > [22mreturns null when structured blocker metadata is absent[32m 54[2mms[22m[39m
 [32mΓ£ô[39m tests/pipeline/engine.test.ts[2m > [22mGuard functions[2m > [22minspectDraftStructure[2m > [22mpasses when the draft follows the canonical TLDR contract[32m 51[2mms[22m[39m
 [32mΓ£ô[39m tests/pipeline/engine.test.ts[2m > [22mGuard functions[2m > [22minspectDraftStructure[2m > [22mfails when TLDR appears after the first section heading[32m 51[2mms[22m[39m
 [32mΓ£ô[39m tests/db/repository.test.ts[2m > [22mRepository[2m > [22mpublisher pass[2m > [22mrecords publisher pass without auto-advancing[32m 56[2mms[22m[39m
 [32mΓ£ô[39m tests/db/repository.test.ts[2m > [22mRepository[2m > [22mpublisher pass[2m > [22mrejects nonexistent article[32m 51[2mms[22m[39m
 [32mΓ£ô[39m tests/cli.test.ts[2m > [22mCLI[2m > [22mretrospective digest command[2m > [22mprints a bounded markdown digest for manual review[32m 130[2mms[22m[39m
 [32mΓ£ô[39m tests/pipeline/scheduler.test.ts[2m > [22mPipelineScheduler[2m > [22madvanceBatch[2m > [22mrespects limit[32m 64[2mms[22m[39m
 [32mΓ£ô[39m tests/pipeline/scheduler.test.ts[2m > [22mPipelineScheduler[2m > [22madvanceBatch[2m > [22mrespects stage filter[32m 60[2mms[22m[39m
 [32mΓ£ô[39m tests/mcp/server.test.ts[2m > [22mMCP Server[2m > [22marticle_get[2m > [22mreturns error for missing article[32m 61[2mms[22m[39m
 [32mΓ£ô[39m tests/mcp/server.test.ts[2m > [22mMCP Server[2m > [22marticle_get[2m > [22mreturns error when article_id is missing[32m 55[2mms[22m[39m
 [32mΓ£ô[39m tests/pipeline/conversation.test.ts[2m > [22mconversation[2m > [22mfindConsecutiveRepeatedRevisionBlocker[2m > [22mdetects an exact repeat across the last two editor revise summaries[32m 54[2mms[22m[39m
 [32mΓ£ô[39m tests/pipeline/conversation.test.ts[2m > [22mconversation[2m > [22mfindConsecutiveRepeatedRevisionBlocker[2m > [22mignores non-repeated or unstructured revision summaries[32m 54[2mms[22m[39m
 [32mΓ£ô[39m tests/llm/provider-mock.test.ts[2m > [22mMockProvider[2m > [22mdefault stage responses[2m > [22mreturns article draft for writeDraft context[33m 356[2mms[22m[39m
 [32mΓ£ô[39m tests/dashboard/new-idea.test.ts[2m > [22mgenerateSlug[2m > [22mlowercases and hyphenates[32m 1[2mms[22m[39m
 [32mΓ£ô[39m tests/dashboard/new-idea.test.ts[2m > [22mgenerateSlug[2m > [22mremoves special characters[32m 0[2mms[22m[39m
 [32mΓ£ô[39m tests/dashboard/new-idea.test.ts[2m > [22mgenerateSlug[2m > [22mcollapses multiple hyphens[32m 0[2mms[22m[39m
 [32mΓ£ô[39m tests/dashboard/new-idea.test.ts[2m > [22mgenerateSlug[2m > [22mtruncates to 60 characters[32m 0[2mms[22m[39m
 [32mΓ£ô[39m tests/dashboard/new-idea.test.ts[2m > [22mgenerateSlug[2m > [22mstrips leading/trailing hyphens[32m 0[2mms[22m[39m
 [32mΓ£ô[39m tests/dashboard/new-idea.test.ts[2m > [22mextractTitleFromIdea[2m > [22mextracts title from ## Working Title section[32m 0[2mms[22m[39m
 [32mΓ£ô[39m tests/dashboard/new-idea.test.ts[2m > [22mextractTitleFromIdea[2m > [22mfalls back to # Article Idea: heading[32m 0[2mms[22m[39m
 [32mΓ£ô[39m tests/dashboard/new-idea.test.ts[2m > [22mextractTitleFromIdea[2m > [22mfalls back to first non-empty line[32m 0[2mms[22m[39m
 [32mΓ£ô[39m tests/dashboard/new-idea.test.ts[2m > [22mextractTitleFromIdea[2m > [22mstrips markdown heading markers from first line fallback[32m 0[2mms[22m[39m
 [32mΓ£ô[39m tests/dashboard/new-idea.test.ts[2m > [22mextractTitleFromIdea[2m > [22mhandles empty input[32m 0[2mms[22m[39m
 [32mΓ£ô[39m tests/dashboard/new-idea.test.ts[2m > [22mextractTitleFromIdea[2m > [22mhandles whitespace-only input[32m 0[2mms[22m[39m
 [32mΓ£ô[39m tests/dashboard/new-idea.test.ts[2m > [22mextractTitleFromIdea[2m > [22mprefers Working Title over Article Idea heading[32m 0[2mms[22m[39m
 [32mΓ£ô[39m tests/dashboard/new-idea.test.ts[2m > [22mextractTitleFromIdea[2m > [22mhandles Working Title with blank lines[32m 0[2mms[22m[39m
 [32mΓ£ô[39m tests/dashboard/new-idea.test.ts[2m > [22mextractTitleFromIdea[2m > [22munwraps JSON envelope and extracts title from inner content[32m 0[2mms[22m[39m
 [32mΓ£ô[39m tests/dashboard/new-idea.test.ts[2m > [22mextractTitleFromIdea[2m > [22munwraps JSON envelope and falls back to h1 when no Working Title[32m 0[2mms[22m[39m
 [32mΓ£ô[39m tests/dashboard/new-idea.test.ts[2m > [22mrenderNewIdeaPage[2m > [22mrenders the smart form with prompt, team grid, editorial preset, and auto-advance[32m 2[2mms[22m[39m
 [32mΓ£ô[39m tests/dashboard/new-idea.test.ts[2m > [22mrenderNewIdeaPage[2m > [22mdefaults the preset to beat analysis[32m 0[2mms[22m[39m
 [32mΓ£ô[39m tests/dashboard/new-idea.test.ts[2m > [22mrenderNewIdeaPage[2m > [22mrenders an LLM provider selector when providers are available[32m 0[2mms[22m[39m
 [32mΓ£ô[39m tests/dashboard/new-idea.test.ts[2m > [22mrenderNewIdeaPage[2m > [22membeds trace-aware error rendering for failed idea creation[32m 0[2mms[22m[39m
 [32mΓ£ô[39m tests/dashboard/new-idea.test.ts[2m > [22mrenderNewIdeaPage[2m > [22membeds the auto-advance handoff for the created article detail page[32m 0[2mms[22m[39m
 [32mΓ£ô[39m tests/dashboard/new-idea.test.ts[2m > [22mrenderIdeaErrorStatus[2m > [22mincludes trace details when the API returns them[32m 0[2mms[22m[39m
 [32mΓ£ô[39m tests/dashboard/new-idea.test.ts[2m > [22mrenderIdeaErrorStatus[2m > [22mescapes error and trace values before rendering[32m 0[2mms[22m[39m
 [32mΓ£ô[39m tests/dashboard/new-idea.test.ts[2m > [22mQuick-action buttons[2m > [22mcontains Surprise Me button[32m 0[2mms[22m[39m
 [32mΓ£ô[39m tests/dashboard/new-idea.test.ts[2m > [22mQuick-action buttons[2m > [22mcontains Breaking News button[32m 0[2mms[22m[39m
 [32mΓ£ô[39m tests/dashboard/new-idea.test.ts[2m > [22mQuick-action buttons[2m > [22mSurprise Me preset prompt is embedded in page script[32m 0[2mms[22m[39m
 [32mΓ£ô[39m tests/dashboard/new-idea.test.ts[2m > [22mrenderIdeaSuccess[2m > [22mrenders success message with article link[32m 0[2mms[22m[39m
 [32mΓ£ô[39m tests/pipeline/engine.test.ts[2m > [22mGuard functions[2m > [22mrequireEditorApproval[2m > [22mfails when no editor-review file exists[32m 59[2mms[22m[39m
(node:42420) ExperimentalWarning: SQLite is an experimental feature and might change at any time
(Use `node --trace-warnings ...` to show where the warning was created)
 [32mΓ£ô[39m tests/migration/migrate.test.ts[2m > [22mmigrate[2m > [22marticle directories are copied to correct location[32m 297[2mms[22m[39m
 [32mΓ£ô[39m tests/agents/local-tools.test.ts[2m > [22mlocal tool executor[2m > [22mfilters pipeline tools by alias and read/write policy[32m 12[2mms[22m[39m
 [32mΓ£ô[39m tests/agents/local-tools.test.ts[2m > [22mlocal tool executor[2m > [22mvalidates arguments before executing a tool[32m 1[2mms[22m[39m
 [32mΓ£ô[39m tests/dashboard/publish.test.ts[2m > [22mPublish Workflow[2m > [22mcreateSubstackServiceFromEnv[2m > [22mcreates the startup Substack service when publish env vars are present[32m 75[2mms[22m[39m
 [32mΓ£ô[39m tests/mcp/local-tool-registry.test.ts[2m > [22mlocal tool registry[2m > [22mexports the approved read-only tool allowlist[33m 1624[2mms[22m[39m
 [32mΓ£ô[39m tests/mcp/local-tool-registry.test.ts[2m > [22mlocal tool registry[2m > [22mincludes local_tool_catalog plus query tools in the local registry[32m 1[2mms[22m[39m
 [32mΓ£ô[39m tests/mcp/local-tool-registry.test.ts[2m > [22mlocal tool registry[2m > [22mdefaults local_tool_catalog to the safe read-only subset[32m 1[2mms[22m[39m
(node:50928) ExperimentalWarning: SQLite is an experimental feature and might change at any time
(Use `node --trace-warnings ...` to show where the warning was created)
 [32mΓ£ô[39m tests/dashboard/traces.test.ts[2m > [22mTrace page ΓÇö enriched headers & internals[2m > [22mrenders stage badge for known stage[32m 95[2mms[22m[39m
 [32mΓ£ô[39m tests/dashboard/image-generation.test.ts[2m > [22mImage Generation Endpoint[2m > [22mreturns 404 for nonexistent article[32m 93[2mms[22m[39m
 [32mΓ£ô[39m tests/config/bootstrap.test.ts[2m > [22mBootstrap init[2m > [22mseedKnowledge[2m > [22mdoesn't overwrite existing skills[32m 229[2mms[22m[39m
 [32mΓ£ô[39m tests/db/repository.test.ts[2m > [22mRepository[2m > [22marticle retrospectives[2m > [22msaves and retrieves a retrospective with structured findings[32m 56[2mms[22m[39m
 [32mΓ£ô[39m tests/db/repository.test.ts[2m > [22mRepository[2m > [22marticle retrospectives[2m > [22mupserts the same completion path without duplicating rows[32m 83[2mms[22m[39m
 [32mΓ£ô[39m tests/pipeline/scheduler.test.ts[2m > [22mPipelineScheduler[2m > [22madvanceBatch[2m > [22mreturns empty result for empty pipeline[32m 91[2mms[22m[39m
 [32mΓ£ô[39m tests/mcp/server.test.ts[2m > [22mMCP Server[2m > [22marticle_create[2m > [22mcreates an article through MCP[32m 93[2mms[22m[39m
 [32mΓ£ô[39m tests/pipeline/conversation.test.ts[2m > [22mconversation[2m > [22mgetRevisionCount[2m > [22mreturns 0 for article with no revisions[32m 73[2mms[22m[39m
 [32mΓ£ô[39m tests/dashboard/new-idea.test.ts[2m > [22mNew Idea Routes[2m > [22mGET /ideas/new[2m > [22mrenders the smart idea form page[32m 94[2mms[22m[39m
 [32mΓ£ô[39m tests/pipeline/engine.test.ts[2m > [22mGuard functions[2m > [22mrequireEditorApproval[2m > [22mfails when verdict is REVISE[32m 93[2mms[22m[39m
 [32mΓ£ô[39m tests/dashboard/server.test.ts[2m > [22mDashboard Server[2m > [22menables the app-owned tool loop for non-Copilot-CLI providers[32m 102[2mms[22m[39m
 [32mΓ£ô[39m tests/cli.test.ts[2m > [22mCLI[2m > [22mretrospective digest command[2m > [22msupports json output through the command dispatcher[32m 115[2mms[22m[39m
 [32mΓ£ô[39m tests/dashboard/publish.test.ts[2m > [22mPublish Workflow[2m > [22mcreateTwitterServiceFromEnv[2m > [22mcreates the startup Twitter service when all tweet env vars are present[32m 74[2mms[22m[39m
 [32mΓ£ô[39m tests/dashboard/settings-routes.test.ts[2m > [22mSettings API Routes[2m > [22mPOST /api/settings/workspace[2m > [22msaves publishing settings from form[32m 163[2mms[22m[39m
stderr | tests/e2e/edge-cases.test.ts > Auto-advance failure + retry > auto-advance fails at stage 1 when idea.md missing
[auto-advance] Stage 1 failed: Guard failed: Idea has not been written yet

 [32mΓ£ô[39m tests/dashboard/image-generation.test.ts[2m > [22mImage Generation Endpoint[2m > [22mreturns 422 when article is below Stage 5[32m 93[2mms[22m[39m
 [32mΓ£ô[39m tests/dashboard/traces.test.ts[2m > [22mTrace page ΓÇö enriched headers & internals[2m > [22mrenders stage badge null fallback[32m 91[2mms[22m[39m
 [32mΓ£ô[39m tests/agents/local-tools.test.ts[2m > [22mlocal tool executor[2m > [22mincludes parameter descriptions in the tool catalog prompt[33m 956[2mms[22m[39m
 [32mΓ£ô[39m tests/agents/local-tools.test.ts[2m > [22mlocal tool executor[2m > [22mexposes web_search when web search is requested explicitly[32m 0[2mms[22m[39m
 [32mΓ£ô[39m tests/agents/local-tools.test.ts[2m > [22mlocal tool executor[2m > [22mexecutes pipeline tools with repository context[32m 128[2mms[22m[39m
 [32mΓ£ô[39m tests/db/repository.test.ts[2m > [22mRepository[2m > [22marticle retrospectives[2m > [22mlists joined digest findings for the latest retrospectives only[32m 110[2mms[22m[39m
(node:24856) ExperimentalWarning: SQLite is an experimental feature and might change at any time
(Use `node --trace-warnings ...` to show where the warning was created)
 [32mΓ£ô[39m tests/e2e/full-lifecycle.test.ts[2m > [22mFull lifecycle: Stage 1 ΓåÆ 8[2m > [22mcreates an idea at Stage 1[32m 15[2mms[22m[39m
 [32mΓ£ô[39m tests/e2e/full-lifecycle.test.ts[2m > [22mFull lifecycle: Stage 1 ΓåÆ 8[2m > [22madvances 1ΓåÆ2 (idea.md guard)[32m 5[2mms[22m[39m
 [32mΓ£ô[39m tests/e2e/full-lifecycle.test.ts[2m > [22mFull lifecycle: Stage 1 ΓåÆ 8[2m > [22mcannot advance 2ΓåÆ3 without discussion-prompt.md[32m 1[2mms[22m[39m
 [32mΓ£ô[39m tests/e2e/full-lifecycle.test.ts[2m > [22mFull lifecycle: Stage 1 ΓåÆ 8[2m > [22madvances 2ΓåÆ3 after writing discussion-prompt.md[32m 4[2mms[22m[39m
 [32mΓ£ô[39m tests/e2e/full-lifecycle.test.ts[2m > [22mFull lifecycle: Stage 1 ΓåÆ 8[2m > [22mcannot advance 3ΓåÆ4 without panel-composition.md[32m 1[2mms[22m[39m
 [32mΓ£ô[39m tests/e2e/full-lifecycle.test.ts[2m > [22mFull lifecycle: Stage 1 ΓåÆ 8[2m > [22madvances 3ΓåÆ4 after writing panel-composition.md[32m 4[2mms[22m[39m
 [32mΓ£ô[39m tests/e2e/full-lifecycle.test.ts[2m > [22mFull lifecycle: Stage 1 ΓåÆ 8[2m > [22mcannot advance 4ΓåÆ5 without discussion-summary.md[32m 1[2mms[22m[39m
 [32mΓ£ô[39m tests/e2e/full-lifecycle.test.ts[2m > [22mFull lifecycle: Stage 1 ΓåÆ 8[2m > [22madvances 4ΓåÆ5 after writing discussion-summary.md[32m 6[2mms[22m[39m
 [32mΓ£ô[39m tests/e2e/full-lifecycle.test.ts[2m > [22mFull lifecycle: Stage 1 ΓåÆ 8[2m > [22mcannot advance 5ΓåÆ6 without draft.md[32m 1[2mms[22m[39m
 [32mΓ£ô[39m tests/e2e/full-lifecycle.test.ts[2m > [22mFull lifecycle: Stage 1 ΓåÆ 8[2m > [22mcannot advance 5ΓåÆ6 with draft.md under 200 words[32m 3[2mms[22m[39m
 [32mΓ£ô[39m tests/e2e/full-lifecycle.test.ts[2m > [22mFull lifecycle: Stage 1 ΓåÆ 8[2m > [22madvances 5ΓåÆ6 after writing draft.md with 800+ words[32m 9[2mms[22m[39m
 [32mΓ£ô[39m tests/e2e/full-lifecycle.test.ts[2m > [22mFull lifecycle: Stage 1 ΓåÆ 8[2m > [22mcannot advance 6ΓåÆ7 without editor-review.md[32m 1[2mms[22m[39m
 [32mΓ£ô[39m tests/e2e/full-lifecycle.test.ts[2m > [22mFull lifecycle: Stage 1 ΓåÆ 8[2m > [22mcannot advance 6ΓåÆ7 with REVISE verdict[32m 6[2mms[22m[39m
 [32mΓ£ô[39m tests/e2e/full-lifecycle.test.ts[2m > [22mFull lifecycle: Stage 1 ΓåÆ 8[2m > [22mcannot advance 6ΓåÆ7 with REJECT verdict[32m 2[2mms[22m[39m
 [32mΓ£ô[39m tests/e2e/full-lifecycle.test.ts[2m > [22mFull lifecycle: Stage 1 ΓåÆ 8[2m > [22madvances 6ΓåÆ7 after editor approves[32m 5[2mms[22m[39m
 [32mΓ£ô[39m tests/e2e/full-lifecycle.test.ts[2m > [22mFull lifecycle: Stage 1 ΓåÆ 8[2m > [22mcannot advance 7ΓåÆ8 without publisher-pass.md artifact[32m 1[2mms[22m[39m
 [32mΓ£ô[39m tests/e2e/full-lifecycle.test.ts[2m > [22mFull lifecycle: Stage 1 ΓåÆ 8[2m > [22mhtmx advance rejects 7ΓåÆ8 without substack_url (defense-in-depth)[32m 2[2mms[22m[39m
 [32mΓ£ô[39m tests/e2e/full-lifecycle.test.ts[2m > [22mFull lifecycle: Stage 1 ΓåÆ 8[2m > [22madvances 7ΓåÆ8 via recordPublish (real publish path)[32m 2[2mms[22m[39m
 [32mΓ£ô[39m tests/e2e/full-lifecycle.test.ts[2m > [22mFull lifecycle: Stage 1 ΓåÆ 8[2m > [22mcannot advance beyond Stage 8[32m 0[2mms[22m[39m
 [32mΓ£ô[39m tests/e2e/full-lifecycle.test.ts[2m > [22mFull lifecycle: Stage 1 ΓåÆ 8[2m > [22mrecords stage transitions for every advance[32m 1[2mms[22m[39m
 [32mΓ£ô[39m tests/e2e/full-lifecycle.test.ts[2m > [22mEditor review variants[2m > [22maccepts numbered editor review file (editor-review-2.md)[32m 17[2mms[22m[39m
 [32mΓ£ô[39m tests/e2e/full-lifecycle.test.ts[2m > [22mEditor review variants[2m > [22muses latest numbered review when multiple exist[32m 23[2mms[22m[39m
 [32mΓ£ô[39m tests/mcp/server.test.ts[2m > [22mMCP Server[2m > [22marticle_create[2m > [22mreturns error for missing required fields[32m 99[2mms[22m[39m
 [32mΓ£ô[39m tests/pipeline/scheduler.test.ts[2m > [22mPipelineScheduler[2m > [22mdryRun mode[2m > [22mdoes not actually advance articles[32m 105[2mms[22m[39m
 [32mΓ£ô[39m tests/dashboard/new-idea.test.ts[2m > [22mNew Idea Routes[2m > [22mPOST /api/ideas (prompt-based)[2m > [22mcreates article from a freeform prompt[32m 105[2mms[22m[39m
 [32mΓ£ô[39m tests/e2e/ux-happy-path.test.ts[2m > [22mUX Happy Path ΓÇö full user journey[2m > [22m1. loads home page with empty dashboard[32m 13[2mms[22m[39m
 [32mΓ£ô[39m tests/e2e/ux-happy-path.test.ts[2m > [22mUX Happy Path ΓÇö full user journey[2m > [22m2. loads new idea form page[32m 2[2mms[22m[39m
 [32mΓ£ô[39m tests/e2e/ux-happy-path.test.ts[2m > [22mUX Happy Path ΓÇö full user journey[2m > [22m3. creates article at Stage 1 with idea.md artifact[32m 8[2mms[22m[39m
 [32mΓ£ô[39m tests/e2e/ux-happy-path.test.ts[2m > [22mUX Happy Path ΓÇö full user journey[2m > [22m4. renders article detail page at Stage 1[32m 3[2mms[22m[39m
 [32mΓ£ô[39m tests/e2e/ux-happy-path.test.ts[2m > [22mUX Happy Path ΓÇö full user journey[2m > [22m5. advances 1ΓåÆ2 via HTMX and writes discussion-prompt.md[32m 5[2mms[22m[39m
 [32mΓ£ô[39m tests/e2e/ux-happy-path.test.ts[2m > [22mUX Happy Path ΓÇö full user journey[2m > [22m6. advances 2ΓåÆ3 via HTMX and writes panel-composition.md[32m 6[2mms[22m[39m
 [32mΓ£ô[39m tests/e2e/ux-happy-path.test.ts[2m > [22mUX Happy Path ΓÇö full user journey[2m > [22m7. writes discussion-summary.md and advances 3ΓåÆ4[32m 12[2mms[22m[39m
 [32mΓ£ô[39m tests/e2e/ux-happy-path.test.ts[2m > [22mUX Happy Path ΓÇö full user journey[2m > [22m8. writes 250-word draft.md and advances 4ΓåÆ5[32m 7[2mms[22m[39m
 [32mΓ£ô[39m tests/e2e/ux-happy-path.test.ts[2m > [22mUX Happy Path ΓÇö full user journey[2m > [22m9. writes editor-review.md with APPROVED verdict and advances 5ΓåÆ6[32m 5[2mms[22m[39m
 [32mΓ£ô[39m tests/e2e/ux-happy-path.test.ts[2m > [22mUX Happy Path ΓÇö full user journey[2m > [22m10. advances 6ΓåÆ7 and creates publisher pass artifact[32m 4[2mms[22m[39m
 [32mΓ£ô[39m tests/e2e/ux-happy-path.test.ts[2m > [22mUX Happy Path ΓÇö full user journey[2m > [22m11. article is at Stage 7 ΓÇö ready to publish[32m 0[2mms[22m[39m
 [32mΓ£ô[39m tests/e2e/ux-happy-path.test.ts[2m > [22mUX Happy Path ΓÇö full user journey[2m > [22m12. loads publish page with preview and publish actions[32m 4[2mms[22m[39m
 [32mΓ£ô[39m tests/e2e/ux-happy-path.test.ts[2m > [22mUX Happy Path ΓÇö full user journey[2m > [22m13. toggles checklist item via HTMX POST and verifies persistence[32m 4[2mms[22m[39m
 [32mΓ£ô[39m tests/e2e/ux-happy-path.test.ts[2m > [22mUX Happy Path ΓÇö full user journey[2m > [22m14. article detail shows Stage 7 with all artifacts[32m 2[2mms[22m[39m
 [32mΓ£ô[39m tests/e2e/ux-happy-path.test.ts[2m > [22mUX Happy Path ΓÇö full user journey[2m > [22m15. sends article back to Stage 4 via HTMX regress[32m 8[2mms[22m[39m
 [32mΓ£ô[39m tests/e2e/ux-happy-path.test.ts[2m > [22mUX Happy Path ΓÇö full user journey[2m > [22m16. stale artifacts are cleared after regression[32m 0[2mms[22m[39m
 [32mΓ£ô[39m tests/e2e/ux-happy-path.test.ts[2m > [22mUX Happy Path ΓÇö full user journey[2m > [22m17. re-writes draft.md and editor-review.md, advances 4ΓåÆ5[32m 8[2mms[22m[39m
 [32mΓ£ô[39m tests/services/image.test.ts[2m > [22mStubImageProvider[2m > [22mgenerates a valid placeholder PNG file[32m 22[2mms[22m[39m
 [32mΓ£ô[39m tests/services/image.test.ts[2m > [22mStubImageProvider[2m > [22mcreates parent directories if needed[32m 67[2mms[22m[39m
 [32mΓ£ô[39m tests/dashboard/server.test.ts[2m > [22mDashboard Server[2m > [22mauto-advance detail banner[2m > [22mshows an in-progress message while background auto-advance is still running[32m 111[2mms[22m[39m
 [32mΓ£ô[39m tests/pipeline/engine.test.ts[2m > [22mGuard functions[2m > [22mrequireEditorApproval[2m > [22mfails when verdict is REJECT[32m 108[2mms[22m[39m
 [32mΓ£ô[39m tests/dashboard/publish.test.ts[2m > [22mPublish Workflow[2m > [22mcreateTwitterServiceFromEnv[2m > [22mreturns undefined when any required Twitter credential is missing[32m 84[2mms[22m[39m
 [32mΓ£ô[39m tests/cache/cache.test.ts[2m > [22mFileCacheProvider[2m > [22mget returns null on miss[32m 39[2mms[22m[39m
 [32mΓ£ô[39m tests/cache/cache.test.ts[2m > [22mFileCacheProvider[2m > [22mset and get roundtrip[32m 26[2mms[22m[39m
 [32mΓ£ô[39m tests/cache/cache.test.ts[2m > [22mFileCacheProvider[2m > [22mstores entries as JSON files on disk[32m 25[2mms[22m[39m
 [32mΓ£ô[39m tests/db/schedule.test.ts[2m > [22mArticle Schedule Repository[2m > [22mschedule CRUD[2m > [22mcreates and retrieves a schedule[32m 92[2mms[22m[39m
 [32mΓ£ô[39m tests/llm/provider-mock.test.ts[2m > [22mMockProvider[2m > [22mdefault stage responses[2m > [22mreturns editor review for runEditor context[32m 262[2mms[22m[39m
 [32mΓ£ô[39m tests/config/bootstrap.test.ts[2m > [22mBootstrap init[2m > [22mseedKnowledge[2m > [22mcreates bootstrap memory[33m 313[2mms[22m[39m
 [32mΓ£ô[39m tests/pipeline/conversation.test.ts[2m > [22mconversation[2m > [22mgetRevisionCount[2m > [22mreturns the max iteration number[32m 103[2mms[22m[39m
 [32mΓ£ô[39m tests/pipeline/conversation.test.ts[2m > [22mconversation[2m > [22mbuildConversationContext[2m > [22mreturns empty string for no data[32m 97[2mms[22m[39m
 [32mΓ£ô[39m tests/dashboard/image-generation.test.ts[2m > [22mImage Generation Endpoint[2m > [22mreturns 422 for Stage 4 article[32m 103[2mms[22m[39m
 [32mΓ£ô[39m tests/dashboard/settings-routes.test.ts[2m > [22mSettings API Routes[2m > [22mPOST /api/settings/workspace[2m > [22msaves images settings from form[32m 126[2mms[22m[39m
 [32mΓ£ô[39m tests/agents/local-tools.test.ts[2m > [22mlocal tool executor[2m > [22msurfaces blocker escalation read-model data through article_get[32m 114[2mms[22m[39m
 [32mΓ£ô[39m tests/pipeline/actions.test.ts[2m > [22mSTAGE_ACTIONS[2m > [22mgeneratePrompt[2m > [22mcalls lead agent and writes discussion-prompt.md[33m 1055[2mms[22m[39m
 [32mΓ£ô[39m tests/agents/runner.test.ts[2m > [22mAgentRunner[2m > [22mdisables the legacy tool loop when explicit toolCalling is enabled[33m 981[2mms[22m[39m
 [32mΓ£ô[39m tests/dashboard/traces.test.ts[2m > [22mTrace page ΓÇö enriched headers & internals[2m > [22mrenders task family badge[32m 95[2mms[22m[39m
 [32mΓ£ô[39m tests/dashboard/traces.test.ts[2m > [22mTrace page ΓÇö enriched headers & internals[2m > [22mshows provider label when present[32m 76[2mms[22m[39m
 [32mΓ£ô[39m tests/mcp/server.test.ts[2m > [22mMCP Server[2m > [22marticle_create[2m > [22mreturns error for duplicate id[32m 133[2mms[22m[39m
 [32mΓ£ô[39m tests/services/image.test.ts[2m > [22mStubImageProvider[2m > [22mreturns correct dimensions for each aspect ratio[32m 28[2mms[22m[39m
 [32mΓ£ô[39m tests/services/image.test.ts[2m > [22mStubImageProvider[2m > [22mincludes team and player info in the prompt text[32m 22[2mms[22m[39m
 [32mΓ£ô[39m tests/services/image.test.ts[2m > [22mGeminiImageProvider[2m > [22mthrows when constructed without an API key[32m 1[2mms[22m[39m
 [32mΓ£ô[39m tests/services/image.test.ts[2m > [22mGeminiImageProvider[2m > [22mcan be constructed with a valid API key[32m 0[2mms[22m[39m
 [32mΓ£ô[39m tests/services/image.test.ts[2m > [22mGeminiImageProvider[2m > [22mconstructs correct API URL with key[32m 29[2mms[22m[39m
 [32mΓ£ô[39m tests/services/image.test.ts[2m > [22mGeminiImageProvider[2m > [22mthrows on API error response[32m 22[2mms[22m[39m
 [32mΓ£ô[39m tests/services/image.test.ts[2m > [22mGeminiImageProvider[2m > [22mthrows when API returns no image data[32m 17[2mms[22m[39m
 [32mΓ£ô[39m tests/pipeline/scheduler.test.ts[2m > [22mPipelineScheduler[2m > [22msummary[2m > [22mreturns correct counts per stage[32m 133[2mms[22m[39m
 [32mΓ£ô[39m tests/e2e/full-lifecycle.test.ts[2m > [22mEditor review variants[2m > [22mblocks when latest numbered review is REVISE[32m 16[2mms[22m[39m
 [32mΓ£ô[39m tests/e2e/full-lifecycle.test.ts[2m > [22mEditor review variants[2m > [22mrecognizes bold verdict format: **APPROVED**[32m 18[2mms[22m[39m
 [32mΓ£ô[39m tests/e2e/full-lifecycle.test.ts[2m > [22mEditor review variants[2m > [22mrecognizes emoji verdict format: Γ£à APPROVED[32m 20[2mms[22m[39m
 [32mΓ£ô[39m tests/e2e/full-lifecycle.test.ts[2m > [22mJSON API advance: full lifecycle[2m > [22madvances through all stages via /api/articles/:id/advance[32m 25[2mms[22m[39m
 [32mΓ£ô[39m tests/e2e/full-lifecycle.test.ts[2m > [22mDraft word count boundary[2m > [22mrejects 199 words[32m 2[2mms[22m[39m
 [32mΓ£ô[39m tests/e2e/full-lifecycle.test.ts[2m > [22mDraft word count boundary[2m > [22maccepts exactly 200 words[32m 4[2mms[22m[39m
 [32mΓ£ô[39m tests/pipeline/engine.test.ts[2m > [22mGuard functions[2m > [22mrequireEditorApproval[2m > [22mpasses when verdict is APPROVED[32m 132[2mms[22m[39m
 [32mΓ£ô[39m tests/db/repository.test.ts[2m > [22mRepository[2m > [22mupdateChecklistItem[2m > [22mtoggles a boolean checklist field[32m 97[2mms[22m[39m
 [32mΓ£ô[39m tests/db/repository.test.ts[2m > [22mRepository[2m > [22mupdateChecklistItem[2m > [22msets and clears publish_datetime[32m 77[2mms[22m[39m
 [32mΓ£ô[39m tests/cache/cache.test.ts[2m > [22mFileCacheProvider[2m > [22msurvives new provider instance (restart simulation)[32m 27[2mms[22m[39m
 [32mΓ£ô[39m tests/cache/cache.test.ts[2m > [22mFileCacheProvider[2m > [22mrespects TTL ΓÇö expired entries return null[32m 21[2mms[22m[39m
 [32mΓ£ô[39m tests/cache/cache.test.ts[2m > [22mFileCacheProvider[2m > [22mentries with ttlSeconds=0 never expire[32m 30[2mms[22m[39m
 [32mΓ£ô[39m tests/cache/cache.test.ts[2m > [22mFileCacheProvider[2m > [22mdelete removes an entry[32m 28[2mms[22m[39m
 [32mΓ£ô[39m tests/dashboard/new-idea.test.ts[2m > [22mNew Idea Routes[2m > [22mPOST /api/ideas (prompt-based)[2m > [22mgenerates a slug from the prompt[32m 102[2mms[22m[39m
 [32mΓ£ô[39m tests/dashboard/new-idea.test.ts[2m > [22mNew Idea Routes[2m > [22mPOST /api/ideas (prompt-based)[2m > [22mhandles duplicate slugs with suffix[32m 90[2mms[22m[39m
 [32mΓ£ô[39m tests/dashboard/server.test.ts[2m > [22mDashboard Server[2m > [22mauto-advance detail banner[2m > [22mshows a completion message only after the background run finishes[32m 102[2mms[22m[39m
 [32mΓ£ô[39m tests/dashboard/server.test.ts[2m > [22mDashboard Server[2m > [22mauto-advance detail banner[2m > [22mshows the lead-review pause message after auto-advance stops there[32m 76[2mms[22m[39m
 [32mΓ£ô[39m tests/cli.test.ts[2m > [22mCLI[2m > [22mretrospective digest command[2m > [22mpromotes repeated non-lead process improvements to issue-ready candidates[32m 237[2mms[22m[39m
 [32mΓ£ô[39m tests/dashboard/publish.test.ts[2m > [22mPublish Workflow[2m > [22mproseMirrorToHtml[2m > [22mrenders paragraphs and headings[32m 103[2mms[22m[39m
 [32mΓ£ô[39m tests/dashboard/publish.test.ts[2m > [22mPublish Workflow[2m > [22mproseMirrorToHtml[2m > [22mrenders bold and italic marks[32m 70[2mms[22m[39m
 [32mΓ£ô[39m tests/dashboard/image-generation.test.ts[2m > [22mImage Generation Endpoint[2m > [22mgenerates images for Stage 5+ article[32m 87[2mms[22m[39m
 [32mΓ£ô[39m tests/e2e/full-lifecycle.test.ts[2m > [22mPublisher pass artifact guard[2m > [22mrejects 7ΓåÆ8 when publisher-pass.md artifact is missing[32m 1[2mms[22m[39m
 [32mΓ£ô[39m tests/e2e/full-lifecycle.test.ts[2m > [22mPublisher pass artifact guard[2m > [22mallows 7ΓåÆ8 when publisher-pass.md artifact exists (via recordPublish)[32m 4[2mms[22m[39m
 [32mΓ£ô[39m tests/e2e/full-lifecycle.test.ts[2m > [22mMultiple articles at different stages[2m > [22mmanages independent articles without cross-contamination[32m 17[2mms[22m[39m
 [32mΓ£ô[39m tests/e2e/full-lifecycle.test.ts[2m > [22mArticle detail page reflects pipeline state[2m > [22mshows current stage and available artifacts[32m 3[2mms[22m[39m
 [32mΓ£ô[39m tests/e2e/ux-happy-path.test.ts[2m > [22mUX Happy Path ΓÇö full user journey[2m > [22m18. auto-advances from Stage 5 through remaining stages to 7[32m 206[2mms[22m[39m
 [32mΓ£ô[39m tests/dashboard/settings-routes.test.ts[2m > [22mSettings API Routes[2m > [22mPOST /api/settings/workspace[2m > [22msaves access/auth settings from form[32m 121[2mms[22m[39m
 [32mΓ£ô[39m tests/db/schedule.test.ts[2m > [22mArticle Schedule Repository[2m > [22mschedule CRUD[2m > [22mlists schedules[32m 72[2mms[22m[39m
 [32mΓ£ô[39m tests/db/schedule.test.ts[2m > [22mArticle Schedule Repository[2m > [22mschedule CRUD[2m > [22mupdates a schedule[32m 83[2mms[22m[39m
 [32mΓ£ô[39m tests/dashboard/traces.test.ts[2m > [22mTrace page ΓÇö enriched headers & internals[2m > [22mdisplays token split[32m 90[2mms[22m[39m
 [32mΓ£ô[39m tests/dashboard/wave2.test.ts[2m > [22mmarkdownToHtml[2m > [22mconverts headings[32m 2[2mms[22m[39m
 [32mΓ£ô[39m tests/dashboard/wave2.test.ts[2m > [22mmarkdownToHtml[2m > [22mconverts bold and italic[32m 0[2mms[22m[39m
 [32mΓ£ô[39m tests/dashboard/wave2.test.ts[2m > [22mmarkdownToHtml[2m > [22mconverts inline code[32m 0[2mms[22m[39m
 [32mΓ£ô[39m tests/dashboard/wave2.test.ts[2m > [22mmarkdownToHtml[2m > [22mconverts fenced code blocks[32m 0[2mms[22m[39m
 [32mΓ£ô[39m tests/dashboard/wave2.test.ts[2m > [22mmarkdownToHtml[2m > [22mconverts unordered lists[32m 0[2mms[22m[39m
 [32mΓ£ô[39m tests/dashboard/wave2.test.ts[2m > [22mmarkdownToHtml[2m > [22mconverts ordered lists[32m 0[2mms[22m[39m
 [32mΓ£ô[39m tests/dashboard/wave2.test.ts[2m > [22mmarkdownToHtml[2m > [22mconverts blockquotes[32m 0[2mms[22m[39m
 [32mΓ£ô[39m tests/dashboard/wave2.test.ts[2m > [22mmarkdownToHtml[2m > [22mconverts links[32m 0[2mms[22m[39m
 [32mΓ£ô[39m tests/dashboard/wave2.test.ts[2m > [22mmarkdownToHtml[2m > [22mconverts images[32m 0[2mms[22m[39m
 [32mΓ£ô[39m tests/dashboard/wave2.test.ts[2m > [22mmarkdownToHtml[2m > [22mconverts horizontal rules[32m 0[2mms[22m[39m
 [32mΓ£ô[39m tests/dashboard/wave2.test.ts[2m > [22mmarkdownToHtml[2m > [22mconverts tables[32m 0[2mms[22m[39m
 [32mΓ£ô[39m tests/dashboard/wave2.test.ts[2m > [22mmarkdownToHtml[2m > [22mhandles table alignment[32m 0[2mms[22m[39m
 [32mΓ£ô[39m tests/dashboard/wave2.test.ts[2m > [22mmarkdownToHtml[2m > [22mconverts paragraphs[32m 0[2mms[22m[39m
 [32mΓ£ô[39m tests/dashboard/wave2.test.ts[2m > [22mmarkdownToHtml[2m > [22mescapes HTML in content[32m 0[2mms[22m[39m
 [32mΓ£ô[39m tests/dashboard/wave2.test.ts[2m > [22mmarkdownToHtml[2m > [22mconverts strikethrough[32m 0[2mms[22m[39m
 [32mΓ£ô[39m tests/dashboard/wave2.test.ts[2m > [22mmarkdownToHtml[2m > [22mhandles complex document[32m 1[2mms[22m[39m
 [32mΓ£ô[39m tests/dashboard/wave2.test.ts[2m > [22mrenderArtifactContent[2m > [22mreturns empty state when content is null[32m 0[2mms[22m[39m
 [32mΓ£ô[39m tests/dashboard/wave2.test.ts[2m > [22mrenderArtifactContent[2m > [22mrenders markdown for .md files[32m 1[2mms[22m[39m
 [32mΓ£ô[39m tests/dashboard/wave2.test.ts[2m > [22mrenderArtifactContent[2m > [22mrenders pre block for non-.md files[32m 0[2mms[22m[39m
 [32mΓ£ô[39m tests/dashboard/wave2.test.ts[2m > [22mrenderArtifactContent[2m > [22mprefers persisted thinking sidecars over inline think blocks[32m 0[2mms[22m[39m
 [32mΓ£ô[39m tests/dashboard/wave2.test.ts[2m > [22mrenderArtifactContent[2m > [22mfalls back to extracting inline think blocks when no sidecar exists[32m 0[2mms[22m[39m
 [32mΓ£ô[39m tests/dashboard/wave2.test.ts[2m > [22mshared mobile dashboard shell[2m > [22mrenders mobile navigation hooks and active state in the shared layout[32m 0[2mms[22m[39m
 [32mΓ£ô[39m tests/dashboard/wave2.test.ts[2m > [22mshared mobile dashboard shell[2m > [22mstyles safe-area-aware mobile shell hooks and shared overflow guards in the shared stylesheet[32m 1[2mms[22m[39m
 [32mΓ£ô[39m tests/dashboard/wave2.test.ts[2m > [22mrenderUsagePanel[2m > [22mshows empty state when no events[32m 0[2mms[22m[39m
 [32mΓ£ô[39m tests/dashboard/wave2.test.ts[2m > [22mrenderUsagePanel[2m > [22mshows token totals and cost[32m 2[2mms[22m[39m
 [32mΓ£ô[39m tests/dashboard/wave2.test.ts[2m > [22mrenderUsagePanel[2m > [22mshows cached tokens[32m 0[2mms[22m[39m
 [32mΓ£ô[39m tests/dashboard/wave2.test.ts[2m > [22mrenderUsagePanel[2m > [22mshows model breakdown[32m 0[2mms[22m[39m
 [32mΓ£ô[39m tests/dashboard/wave2.test.ts[2m > [22mrenderUsagePanel[2m > [22mshows stage breakdown[32m 0[2mms[22m[39m
 [32mΓ£ô[39m tests/dashboard/wave2.test.ts[2m > [22mrenderUsagePanel[2m > [22mshows provider breakdown[32m 0[2mms[22m[39m
 [32mΓ£ô[39m tests/pipeline/conversation.test.ts[2m > [22mconversation[2m > [22mbuildConversationContext[2m > [22mformats revision summaries[32m 66[2mms[22m[39m
 [32mΓ£ô[39m tests/pipeline/conversation.test.ts[2m > [22mconversation[2m > [22mbuildConversationContext[2m > [22mformats conversation turns[32m 79[2mms[22m[39m
 [32mΓ£ô[39m tests/services/image.test.ts[2m > [22mImageService[2m > [22mthrows when outputDir is empty[32m 14[2mms[22m[39m
 [32mΓ£ô[39m tests/services/image.test.ts[2m > [22mImageService[2m > [22mthrows for an invalid provider name[32m 26[2mms[22m[39m
 [32mΓ£ô[39m tests/services/image.test.ts[2m > [22mImageService[2m > [22mthrows when gemini provider has no API key[32m 15[2mms[22m[39m
 [32mΓ£ô[39m tests/services/image.test.ts[2m > [22mImageService[2m > [22mthrows for unimplemented imagen provider[32m 17[2mms[22m[39m
 [32mΓ£ô[39m tests/config/multi-league.test.ts[2m > [22mMulti-League Config[2m > [22mseedKnowledge() for MLB[2m > [22minitDataDir creates league-specific directories for mlb[32m 77[2mms[22m[39m
 [32mΓ£ô[39m tests/config/multi-league.test.ts[2m > [22mMulti-League Config[2m > [22mseedKnowledge() for MLB[2m > [22mdoes not overwrite existing charters on re-seed[33m 544[2mms[22m[39m
 [32mΓ£ô[39m tests/db/repository.test.ts[2m > [22mRepository[2m > [22mupdateChecklistItem[2m > [22mcreates publisher_pass row if missing[32m 92[2mms[22m[39m
 [32mΓ£ô[39m tests/cache/cache.test.ts[2m > [22mFileCacheProvider[2m > [22mhas returns false for expired entries[32m 37[2mms[22m[39m
 [32mΓ£ô[39m tests/cache/cache.test.ts[2m > [22mFileCacheProvider[2m > [22mclear removes all entries[32m 37[2mms[22m[39m
 [32mΓ£ô[39m tests/e2e/ux-happy-path.test.ts[2m > [22mUX Happy Path ΓÇö full user journey[2m > [22m19. final state ΓÇö Stage 7 with all artifacts present[32m 2[2mms[22m[39m
 [32mΓ£ô[39m tests/pipeline/scheduler.test.ts[2m > [22mPipelineScheduler[2m > [22msummary[2m > [22mincludes all stages in the result[32m 113[2mms[22m[39m
 [32mΓ£ô[39m tests/pipeline/actions.test.ts[2m > [22mSTAGE_ACTIONS[2m > [22mgeneratePrompt[2m > [22mreuses the article provider for later stage runs[32m 142[2mms[22m[39m
(node:65400) ExperimentalWarning: SQLite is an experimental feature and might change at any time
(Use `node --trace-warnings ...` to show where the warning was created)
 [32mΓ£ô[39m tests/dashboard/new-idea.test.ts[2m > [22mNew Idea Routes[2m > [22mPOST /api/ideas (prompt-based)[2m > [22mreturns 400 for empty prompt[32m 84[2mms[22m[39m
 [32mΓ£ô[39m tests/dashboard/server.test.ts[2m > [22mDashboard Server[2m > [22mauto-advance detail banner[2m > [22msurfaces explicit auto-advance failures from the query string[32m 92[2mms[22m[39m
 [32mΓ£ô[39m tests/pipeline/engine.test.ts[2m > [22mGuard functions[2m > [22mrequireEditorApproval[2m > [22muses the latest review file when multiple exist[32m 112[2mms[22m[39m
 [32mΓ£ô[39m tests/mcp/server.test.ts[2m > [22mMCP Server[2m > [22marticle_advance[2m > [22madvances article when guard passes[32m 125[2mms[22m[39m
 [32mΓ£ô[39m tests/pipeline/scheduler.test.ts[2m > [22mPipelineScheduler[2m > [22msummary[2m > [22mreturns zeros for an empty pipeline[32m 135[2mms[22m[39m
 [32mΓ£ô[39m tests/agents/tool-trace-copilot-cli.test.ts[2m > [22mTool trace metadata ΓÇö copilot-cli bypass[2m > [22mlogs availableTools in metadata when copilot-cli provider is used with tools enabled[33m 1246[2mms[22m[39m
 [32mΓ£ô[39m tests/dashboard/image-generation.test.ts[2m > [22mImage Generation Endpoint[2m > [22msaves images.json artifact after generation[32m 110[2mms[22m[39m
 [32mΓ£ô[39m tests/dashboard/publish.test.ts[2m > [22mPublish Workflow[2m > [22mproseMirrorToHtml[2m > [22mrenders horizontal rules[32m 94[2mms[22m[39m
 [32mΓ£ô[39m tests/db/schedule.test.ts[2m > [22mArticle Schedule Repository[2m > [22mschedule CRUD[2m > [22menables and disables a schedule[32m 88[2mms[22m[39m
 [32mΓ£ô[39m tests/dashboard/traces.test.ts[2m > [22mTrace page ΓÇö enriched headers & internals[2m > [22mshows model delta when requested differs from actual[32m 96[2mms[22m[39m
 [32mΓ£ô[39m tests/services/image.test.ts[2m > [22mImageService[2m > [22mcreates article slug directory under outputDir[32m 42[2mms[22m[39m
 [32mΓ£ô[39m tests/services/image.test.ts[2m > [22mImageService[2m > [22mnames cover images as {slug}-cover.png[32m 39[2mms[22m[39m
 [32mΓ£ô[39m tests/services/image.test.ts[2m > [22mImageService[2m > [22mdefaults cover images to 16:9[32m 29[2mms[22m[39m
 [32mΓ£ô[39m tests/services/image.test.ts[2m > [22mImageService[2m > [22mnames inline images as {slug}-inline-{n}.png[32m 23[2mms[22m[39m
 [32mΓ£ô[39m tests/dashboard/wave2.test.ts[2m > [22mWave 2 Routes[2m > [22mGET /htmx/articles/:id/artifact/:name[2m > [22mrenders markdown artifacts as rich HTML[32m 119[2mms[22m[39m
 [32mΓ£ô[39m tests/pipeline/conversation.test.ts[2m > [22mconversation[2m > [22mbuildConversationContext[2m > [22mtruncates very long content[32m 101[2mms[22m[39m
 [32mΓ£ô[39m tests/agents/runner.test.ts[2m > [22mAgentRunner[2m > [22mrecords available tools and tool calls on failed traced runs[32m 177[2mms[22m[39m
 [32mΓ£ô[39m tests/dashboard/settings-routes.test.ts[2m > [22mSettings API Routes[2m > [22mPOST /api/settings/workspace[2m > [22mreturns 400 when namespace is missing[32m 141[2mms[22m[39m
 [32mΓ£ô[39m tests/cache/cache.test.ts[2m > [22mFileCacheProvider[2m > [22mpurgeExpired only removes expired entries[32m 45[2mms[22m[39m
 [32mΓ£ô[39m tests/cache/cache.test.ts[2m > [22mFileCacheProvider[2m > [22mstats tracks hits and misses[32m 34[2mms[22m[39m
 [32mΓ£ô[39m tests/cache/cache.test.ts[2m > [22mFileCacheProvider[2m > [22mcreates cache dir if it does not exist[32m 31[2mms[22m[39m
 [32mΓ£ô[39m tests/cache/cache.test.ts[2m > [22mQueryCache[2m > [22mgetOrFetch caches the result of the fetcher[32m 10[2mms[22m[39m
 [32mΓ£ô[39m tests/cache/cache.test.ts[2m > [22mQueryCache[2m > [22mgetOrFetch does not cache null returns[32m 6[2mms[22m[39m
 [32mΓ£ô[39m tests/mcp/server.test.ts[2m > [22mMCP Server[2m > [22marticle_advance[2m > [22mreturns error when guard fails[32m 146[2mms[22m[39m
 [32mΓ£ô[39m tests/pipeline/engine.test.ts[2m > [22mGuard functions[2m > [22mrequireEditorApproval[2m > [22mnormalizes PIVOT REQUIRED to REVISE[32m 135[2mms[22m[39m
 [32mΓ£ô[39m tests/dashboard/server.test.ts[2m > [22mDashboard Server[2m > [22mauthentication[2m > [22mredirects protected HTML requests to /login when auth is enabled[32m 113[2mms[22m[39m
 [32mΓ£ô[39m tests/llm/provider-mock.test.ts[2m > [22mMockProvider[2m > [22mdefault stage responses[2m > [22mcan return a malformed draft fixture for writer repair tests[33m 340[2mms[22m[39m
 [32mΓ£ô[39m tests/pipeline/actions.test.ts[2m > [22mSTAGE_ACTIONS[2m > [22mgeneratePrompt[2m > [22mreturns error when idea.md is missing[32m 155[2mms[22m[39m
 [32mΓ£ô[39m tests/dashboard/image-generation.test.ts[2m > [22mImage Generation Endpoint[2m > [22mreturns 500 when imageService is not configured[32m 115[2mms[22m[39m
 [32mΓ£ô[39m tests/cache/cache.test.ts[2m > [22mQueryCache[2m > [22mgetOrFetchAsync works with async fetchers[32m 20[2mms[22m[39m
 [32mΓ£ô[39m tests/cache/cache.test.ts[2m > [22mQueryCache[2m > [22minvalidate removes a cached entry[32m 16[2mms[22m[39m
 [32mΓ£ô[39m tests/cache/cache.test.ts[2m > [22mNullCacheProvider[2m > [22mnever caches anything[32m 0[2mms[22m[39m
 [32mΓ£ô[39m tests/cache/cache.test.ts[2m > [22mNullCacheProvider[2m > [22mtracks misses[32m 0[2mms[22m[39m
 [32mΓ£ô[39m tests/cache/cache.test.ts[2m > [22mCache key builders[2m > [22mrosterCacheKey normalizes team to uppercase[32m 0[2mms[22m[39m
 [32mΓ£ô[39m tests/cache/cache.test.ts[2m > [22mCache key builders[2m > [22msnapsCacheKey includes all parameters[32m 0[2mms[22m[39m
 [32mΓ£ô[39m tests/cache/cache.test.ts[2m > [22mCache key builders[2m > [22mplayerStatsCacheKey normalizes player name[32m 0[2mms[22m[39m
 [32mΓ£ô[39m tests/cache/cache.test.ts[2m > [22mCache key builders[2m > [22mpythonQueryCacheKey combines script and args[32m 0[2mms[22m[39m
 [32mΓ£ô[39m tests/cache/cache.test.ts[2m > [22mGlobal cache[2m > [22mgetGlobalCache returns NullCacheProvider when uninitialized[32m 0[2mms[22m[39m
 [32mΓ£ô[39m tests/cache/cache.test.ts[2m > [22mGlobal cache[2m > [22minitGlobalCache sets the global provider[32m 27[2mms[22m[39m
 [32mΓ£ô[39m tests/cache/cache.test.ts[2m > [22mDEFAULT_TTL[2m > [22mhas expected categories[32m 0[2mms[22m[39m
 [32mΓ£ô[39m tests/db/repository.test.ts[2m > [22mRepository[2m > [22mupdateChecklistItem[2m > [22mrejects invalid checklist key[32m 88[2mms[22m[39m
 [32mΓ£ô[39m tests/db/repository.test.ts[2m > [22mRepository[2m > [22mupdateChecklistItem[2m > [22mrejects nonexistent article[32m 84[2mms[22m[39m
 [32mΓ£ô[39m tests/dashboard/new-idea.test.ts[2m > [22mNew Idea Routes[2m > [22mPOST /api/ideas (prompt-based)[2m > [22mpasses autoAdvance flag in response[32m 100[2mms[22m[39m
 [32mΓ£ô[39m tests/dashboard/new-idea.test.ts[2m > [22mNew Idea Routes[2m > [22mPOST /api/ideas (prompt-based)[2m > [22mstores depth level from request[32m 84[2mms[22m[39m
 [32mΓ£ô[39m tests/dashboard/publish.test.ts[2m > [22mPublish Workflow[2m > [22mGET /articles/:id/publish[2m > [22mredirects publish preview to login when dashboard auth is enabled[32m 124[2mms[22m[39m
 [32mΓ£ô[39m tests/services/image.test.ts[2m > [22mImageService[2m > [22mdefaults inline index to 1[32m 16[2mms[22m[39m
 [32mΓ£ô[39m tests/services/image.test.ts[2m > [22mImageService[2m > [22mgenerates all requested images in batch[32m 36[2mms[22m[39m
 [32mΓ£ô[39m tests/services/image.test.ts[2m > [22mImageService[2m > [22mhandles batch with cover only[32m 38[2mms[22m[39m
 [32mΓ£ô[39m tests/migration/migrate.test.ts[2m > [22mmigrate[2m > [22mcharter files are copied[33m 343[2mms[22m[39m
 [32mΓ£ô[39m tests/db/schedule.test.ts[2m > [22mArticle Schedule Repository[2m > [22mschedule CRUD[2m > [22mdeletes a schedule[32m 82[2mms[22m[39m
 [32mΓ£ô[39m tests/db/schedule.test.ts[2m > [22mArticle Schedule Repository[2m > [22mschedule CRUD[2m > [22mreturns due schedules[32m 84[2mms[22m[39m
 [32mΓ£ô[39m tests/e2e/edge-cases.test.ts[2m > [22mAuto-advance failure + retry[2m > [22mauto-advance fails at stage 1 when idea.md missing[33m 536[2mms[22m[39m
 [32mΓ£ô[39m tests/services/image.test.ts[2m > [22mImageService[2m > [22mhandles batch with inline only[32m 34[2mms[22m[39m
 [32mΓ£ô[39m tests/services/image.test.ts[2m > [22mImageService[2m > [22mhandles batch with no prompts[32m 6[2mms[22m[39m
 [32mΓ£ô[39m tests/dashboard/settings-routes.test.ts[2m > [22mSettings API Routes[2m > [22mPOST /api/settings/me[2m > [22msaves user preferences from form[32m 133[2mms[22m[39m
 [32mΓ£ô[39m tests/agents/runner.test.ts[2m > [22mAgentRunner[2m > [22muses the per-run max tool budget for LM Studio manual tool loops[32m 168[2mms[22m[39m
 [32mΓ£ô[39m tests/dashboard/traces.test.ts[2m > [22mTrace page ΓÇö enriched headers & internals[2m > [22mshows Duration label instead of Latency[32m 83[2mms[22m[39m
 [32mΓ£ô[39m tests/dashboard/traces.test.ts[2m > [22mTrace page ΓÇö enriched headers & internals[2m > [22mrenders parameter pills for temperature[32m 93[2mms[22m[39m
 [32mΓ£ô[39m tests/dashboard/server.test.ts[2m > [22mDashboard Server[2m > [22mauthentication[2m > [22mallows login, protects SSE/API/HTMX, and clears the session on logout[32m 120[2mms[22m[39m
 [32mΓ£ô[39m tests/pipeline/conversation.test.ts[2m > [22mconversation[2m > [22mbuildRevisionSummaryContext[2m > [22mreturns empty string when there are no revisions[32m 80[2mms[22m[39m
 [32mΓ£ô[39m tests/pipeline/conversation.test.ts[2m > [22mconversation[2m > [22mbuildRevisionSummaryContext[2m > [22mformats a compact shared handoff without raw transcript turns[32m 88[2mms[22m[39m
 [32mΓ£ô[39m tests/dashboard/wave2.test.ts[2m > [22mWave 2 Routes[2m > [22mGET /htmx/articles/:id/artifact/:name[2m > [22mrenders lists and code blocks[32m 84[2mms[22m[39m
 [32mΓ£ô[39m tests/dashboard/wave2.test.ts[2m > [22mWave 2 Routes[2m > [22mGET /htmx/articles/:id/usage[2m > [22mreturns usage panel with data[32m 90[2mms[22m[39m
 [32mΓ£ô[39m tests/config/bootstrap.test.ts[2m > [22mBootstrap init[2m > [22mseedKnowledge[2m > [22mskips memory if db exists[33m 496[2mms[22m[39m
 [32mΓ£ô[39m tests/mcp/server.test.ts[2m > [22mMCP Server[2m > [22marticle_advance[2m > [22mreturns error for missing article[32m 99[2mms[22m[39m
 [32mΓ£ô[39m tests/db/repository.test.ts[2m > [22mRepository[2m > [22mpublish confirmation[2m > [22mrecords publish and sets stage 8[32m 85[2mms[22m[39m
 [32mΓ£ô[39m tests/dashboard/new-idea.test.ts[2m > [22mNew Idea Routes[2m > [22mPOST /api/ideas (prompt-based)[2m > [22mdefaults depth level to 2[32m 80[2mms[22m[39m
 [32mΓ£ô[39m tests/dashboard/schedules.test.ts[2m > [22mSchedule API routes[2m > [22mGET /api/schedules returns empty array initially[32m 96[2mms[22m[39m
 [32mΓ£ô[39m tests/cli.test.ts[2m > [22mprogrammatic index exports[2m > [22mexports core types and classes[33m 576[2mms[22m[39m
 [32mΓ£ô[39m tests/pipeline/engine.test.ts[2m > [22mGuard functions[2m > [22mrequireEditorApproval[2m > [22muses fallback keyword detection when no structured verdict[32m 96[2mms[22m[39m
 [32mΓ£ô[39m tests/pipeline/engine.test.ts[2m > [22mGuard functions[2m > [22mrequireEditorApproval[2m > [22muses fallback to detect APPROVED when no header[32m 96[2mms[22m[39m
 [32mΓ£ô[39m tests/db/schedule.test.ts[2m > [22mArticle Schedule Repository[2m > [22mschedule CRUD[2m > [22mdoes not return disabled schedules as due[32m 75[2mms[22m[39m
 [32mΓ£ô[39m tests/dashboard/publish.test.ts[2m > [22mPublish Workflow[2m > [22mGET /articles/:id/publish[2m > [22mallows authenticated publish preview access after login[32m 116[2mms[22m[39m
 [32mΓ£ô[39m tests/pipeline/actions.test.ts[2m > [22mSTAGE_ACTIONS[2m > [22mgeneratePrompt[2m > [22mreturns error when article not found[32m 137[2mms[22m[39m
 [32mΓ£ô[39m tests/dashboard/image-generation.test.ts[2m > [22mImage Generation Endpoint[2m > [22marticle detail page shows image section for Stage 5+[32m 106[2mms[22m[39m
 [32mΓ£ô[39m tests/dashboard/image-generation.test.ts[2m > [22mImage Generation Endpoint[2m > [22marticle detail page does NOT show image section for Stage <5[32m 96[2mms[22m[39m
(node:80584) ExperimentalWarning: SQLite is an experimental feature and might change at any time
(Use `node --trace-warnings ...` to show where the warning was created)
 [32mΓ£ô[39m tests/dashboard/wave2.test.ts[2m > [22mWave 2 Routes[2m > [22mGET /htmx/articles/:id/usage[2m > [22mreturns empty state for no usage[32m 102[2mms[22m[39m
 [32mΓ£ô[39m tests/pipeline/conversation.test.ts[2m > [22mconversation[2m > [22mbuildRevisionHistoryEntries[2m > [22mmatches revision summaries to the writer and editor turns for each loop[32m 96[2mms[22m[39m
 [32mΓ£ô[39m tests/agents/runner.test.ts[2m > [22mAgentRunner[2m > [22mLM Studio tool loop gets headroom beyond the requested budget[32m 123[2mms[22m[39m
 [32mΓ£ô[39m tests/agents/runner.test.ts[2m > [22mAgentRunner[2m > [22mloadCharter[2m > [22mloads a charter from a markdown file[32m 58[2mms[22m[39m
 [32mΓ£ô[39m tests/dashboard/traces.test.ts[2m > [22mTrace page ΓÇö enriched headers & internals[2m > [22mhides internals for completed traces[32m 99[2mms[22m[39m
 [32mΓ£ô[39m tests/mcp/server.test.ts[2m > [22mMCP Server[2m > [22marticle_advance[2m > [22muses custom agent name when provided[32m 129[2mms[22m[39m
 [32mΓ£ô[39m tests/dashboard/settings-routes.test.ts[2m > [22mSettings API Routes[2m > [22mPOST /api/settings/provider-profiles (create)[2m > [22mcreates a provider profile from form[32m 137[2mms[22m[39m
 [32mΓ£ô[39m tests/dashboard/server.test.ts[2m > [22mDashboard Server[2m > [22mauthentication[2m > [22mkeeps published image routes public while auth is enabled[32m 127[2mms[22m[39m
 [32mΓ£ô[39m tests/db/repository.test.ts[2m > [22mRepository[2m > [22mpublish confirmation[2m > [22mrejects nonexistent article[32m 98[2mms[22m[39m
 [32mΓ£ô[39m tests/dashboard/new-idea.test.ts[2m > [22mNew Idea Routes[2m > [22mPOST /api/ideas (prompt-based)[2m > [22mreturns 400 for missing prompt field[32m 96[2mms[22m[39m
 [32mΓ£ô[39m tests/dashboard/schedules.test.ts[2m > [22mSchedule API routes[2m > [22mPOST /api/schedules creates a schedule[32m 98[2mms[22m[39m
 [32mΓ£ô[39m tests/pipeline/engine.test.ts[2m > [22mGuard functions[2m > [22mextractVerdict[2m > [22mparses standard verdict headers[32m 83[2mms[22m[39m
(node:58132) ExperimentalWarning: SQLite is an experimental feature and might change at any time
(Use `node --trace-warnings ...` to show where the warning was created)
 [31m├ù[39m tests/dashboard/publish.test.ts[2m > [22mPublish Workflow[2m > [22mGET /articles/:id/publish[2m > [22mrenders publish preview page with article content[32m 146[2mms[22m[39m
[31m   ΓåÆ expected '<!DOCTYPE html>\n<html lang="en">\n<hΓÇª' to contain 'Test Article'[39m
 [32mΓ£ô[39m tests/dashboard/image-generation.test.ts[2m > [22mImage Generation Endpoint[2m > [22mhtmx image gallery returns images after generation[32m 118[2mms[22m[39m
(node:51864) ExperimentalWarning: SQLite is an experimental feature and might change at any time
(Use `node --trace-warnings ...` to show where the warning was created)
(node:80772) ExperimentalWarning: SQLite is an experimental feature and might change at any time
(Use `node --trace-warnings ...` to show where the warning was created)
 [32mΓ£ô[39m tests/mcp/server.test.ts[2m > [22mMCP Server[2m > [22marticle_list[2m > [22mlists all articles[32m 111[2mms[22m[39m
 [32mΓ£ô[39m tests/dashboard/server.test.ts[2m > [22mDashboard Server[2m > [22mHTML pages[2m > [22mhome page returns 200 with HTML[32m 99[2mms[22m[39m
 [32mΓ£ô[39m tests/db/schedule.test.ts[2m > [22mArticle Schedule Repository[2m > [22mschedule run claim idempotency[2m > [22mclaims a run slot and returns a run object[32m 89[2mms[22m[39m
 [32mΓ£ô[39m tests/db/schedule.test.ts[2m > [22mArticle Schedule Repository[2m > [22mschedule run claim idempotency[2m > [22mreturns null on second claim for same slot[32m 93[2mms[22m[39m
 [32mΓ£ô[39m tests/agents/runner.test.ts[2m > [22mAgentRunner[2m > [22mloadCharter[2m > [22mloads charter without a model section[32m 60[2mms[22m[39m
 [32mΓ£ô[39m tests/agents/runner.test.ts[2m > [22mAgentRunner[2m > [22mloadCharter[2m > [22mloads charter from subdirectory (charter.md)[32m 65[2mms[22m[39m
 [32mΓ£ô[39m tests/pipeline/actions.test.ts[2m > [22mSTAGE_ACTIONS[2m > [22mgeneratePrompt[2m > [22mlinks stage-run usage and llm traces during executeTransition[32m 191[2mms[22m[39m
 [32mΓ£ô[39m tests/dashboard/image-generation.test.ts[2m > [22mImage Generation Endpoint[2m > [22mhtmx generate-images returns HTML fragment[32m 125[2mms[22m[39m
 [32mΓ£ô[39m tests/dashboard/schedules.test.ts[2m > [22mSchedule API routes[2m > [22mPOST /api/schedules returns 400 if required fields missing[32m 91[2mms[22m[39m
 [32mΓ£ô[39m tests/dashboard/settings-routes.test.ts[2m > [22mSettings API Routes[2m > [22mPOST /api/settings/provider-profiles (create)[2m > [22mreturns 400 if provider or label missing[32m 131[2mms[22m[39m
 [32mΓ£ô[39m tests/pipeline/engine.test.ts[2m > [22mGuard functions[2m > [22mextractVerdict[2m > [22mmaps PIVOT REQUIRED to REVISE[32m 96[2mms[22m[39m
 [32mΓ£ô[39m tests/pipeline/conversation.test.ts[2m > [22mconversation[2m > [22mbuildRevisionHistoryEntries[2m > [22muses feedback previews to skip unrelated editor turns[32m 88[2mms[22m[39m
 [32mΓ£ô[39m tests/pipeline/conversation.test.ts[2m > [22mconversation[2m > [22mbuildEditorPreviousReviews[2m > [22mreturns empty string for no reviews[32m 76[2mms[22m[39m
 [32mΓ£ô[39m tests/dashboard/traces.test.ts[2m > [22mTrace page ΓÇö enriched headers & internals[2m > [22mshows internals for failed traces[32m 93[2mms[22m[39m
 [32mΓ£ô[39m tests/dashboard/traces.test.ts[2m > [22mTrace page ΓÇö enriched headers & internals[2m > [22mtimeline card links to standalone page[32m 80[2mms[22m[39m
 [32mΓ£ô[39m tests/dashboard/publish.test.ts[2m > [22mPublish Workflow[2m > [22mGET /articles/:id/publish[2m > [22mreturns 404 for missing article[32m 90[2mms[22m[39m
 [32mΓ£ô[39m tests/dashboard/wave2.test.ts[2m > [22mWave 2 Routes[2m > [22mGET /htmx/articles/:id/usage[2m > [22mreturns 404 for unknown article[32m 93[2mms[22m[39m
 [32mΓ£ô[39m tests/dashboard/wave2.test.ts[2m > [22mWave 2 Routes[2m > [22mArticle detail page[2m > [22mincludes usage panel and trace link[32m 83[2mms[22m[39m
 [32mΓ£ô[39m tests/db/repository.test.ts[2m > [22mRepository[2m > [22mdraft URL management[2m > [22msets and gets draft URL[32m 96[2mms[22m[39m
 [32mΓ£ô[39m tests/db/repository.test.ts[2m > [22mRepository[2m > [22mdraft URL management[2m > [22mreturns null when no draft URL set[32m 88[2mms[22m[39m
 [32mΓ£ô[39m tests/settings/resolver.test.ts[2m > [22mSettingsResolver[2m > [22mresolveDashboardAuth[2m > [22mreturns defaults when nothing is configured[32m 5[2mms[22m[39m
 [32mΓ£ô[39m tests/settings/resolver.test.ts[2m > [22mSettingsResolver[2m > [22mresolveDashboardAuth[2m > [22mworkspace settings override env defaults[32m 5[2mms[22m[39m
 [32mΓ£ô[39m tests/settings/resolver.test.ts[2m > [22mSettingsResolver[2m > [22mresolveDashboardAuth[2m > [22menv vars serve as fallback[32m 3[2mms[22m[39m
 [32mΓ£ô[39m tests/settings/resolver.test.ts[2m > [22mSettingsResolver[2m > [22mresolveProviderProfiles[2m > [22mreturns empty set when no profiles exist[32m 4[2mms[22m[39m
 [32mΓ£ô[39m tests/settings/resolver.test.ts[2m > [22mSettingsResolver[2m > [22mresolveProviderProfiles[2m > [22mreturns profiles with default identified[32m 4[2mms[22m[39m
 [32mΓ£ô[39m tests/settings/resolver.test.ts[2m > [22mSettingsResolver[2m > [22mresolveDefaultProviderProfile[2m > [22marticle override takes precedence[32m 4[2mms[22m[39m
 [32mΓ£ô[39m tests/settings/resolver.test.ts[2m > [22mSettingsResolver[2m > [22mresolveDefaultProviderProfile[2m > [22muser preference overrides workspace default[32m 3[2mms[22m[39m
 [32mΓ£ô[39m tests/settings/resolver.test.ts[2m > [22mSettingsResolver[2m > [22mresolveDefaultProviderProfile[2m > [22mfalls back to workspace default when no article or user pref[32m 3[2mms[22m[39m
 [32mΓ£ô[39m tests/settings/resolver.test.ts[2m > [22mSettingsResolver[2m > [22mresolveDefaultProviderProfile[2m > [22mfalls back to env when no profiles exist[32m 4[2mms[22m[39m
 [32mΓ£ô[39m tests/settings/resolver.test.ts[2m > [22mSettingsResolver[2m > [22mresolveDefaultProviderProfile[2m > [22mreturns default source with warning when nothing configured[32m 3[2mms[22m[39m
 [32mΓ£ô[39m tests/settings/resolver.test.ts[2m > [22mSettingsResolver[2m > [22mresolveDefaultProviderProfile[2m > [22mwarns when article specifies unknown provider[32m 3[2mms[22m[39m
 [32mΓ£ô[39m tests/settings/resolver.test.ts[2m > [22mSettingsResolver[2m > [22mresolvePublishingConfig[2m > [22mreturns defaults when nothing configured[32m 3[2mms[22m[39m
 [32mΓ£ô[39m tests/settings/resolver.test.ts[2m > [22mSettingsResolver[2m > [22mresolvePublishingConfig[2m > [22mworkspace settings override env[32m 3[2mms[22m[39m
 [32mΓ£ô[39m tests/settings/resolver.test.ts[2m > [22mSettingsResolver[2m > [22mresolvePublishingConfig[2m > [22mdetects substack token from env fallback[32m 3[2mms[22m[39m
 [32mΓ£ô[39m tests/settings/resolver.test.ts[2m > [22mSettingsResolver[2m > [22mresolvePublishingConfig[2m > [22mdetects substack token from encrypted secret[32m 41[2mms[22m[39m
 [32mΓ£ô[39m tests/settings/resolver.test.ts[2m > [22mSettingsResolver[2m > [22mresolveImageConfig[2m > [22mreturns defaults[32m 3[2mms[22m[39m
 [32mΓ£ô[39m tests/settings/resolver.test.ts[2m > [22mSettingsResolver[2m > [22mresolveImageConfig[2m > [22mdetects gemini key from env[32m 5[2mms[22m[39m
(node:18616) ExperimentalWarning: SQLite is an experimental feature and might change at any time
(Use `node --trace-warnings ...` to show where the warning was created)
 [32mΓ£ô[39m tests/settings/settings.test.ts[2m > [22mSettings schema and repository[2m > [22musers[2m > [22mensureBootstrapAdmin creates a new admin user[32m 7[2mms[22m[39m
 [32mΓ£ô[39m tests/settings/settings.test.ts[2m > [22mSettings schema and repository[2m > [22musers[2m > [22mensureBootstrapAdmin is idempotent[32m 3[2mms[22m[39m
 [32mΓ£ô[39m tests/settings/settings.test.ts[2m > [22mSettings schema and repository[2m > [22musers[2m > [22mgetUserByUsername returns null for non-existent user[32m 3[2mms[22m[39m
 [32mΓ£ô[39m tests/settings/settings.test.ts[2m > [22mSettings schema and repository[2m > [22musers[2m > [22mgetUserById returns the correct user[32m 3[2mms[22m[39m
 [32mΓ£ô[39m tests/settings/settings.test.ts[2m > [22mSettings schema and repository[2m > [22musers[2m > [22mgetUserForSession joins session to user[32m 3[2mms[22m[39m
 [32mΓ£ô[39m tests/settings/settings.test.ts[2m > [22mSettings schema and repository[2m > [22musers[2m > [22mgetUserForSession returns null for expired session[32m 3[2mms[22m[39m
 [32mΓ£ô[39m tests/settings/settings.test.ts[2m > [22mSettings schema and repository[2m > [22musers[2m > [22mtouchUserLogin updates last_login_at[32m 3[2mms[22m[39m
 [32mΓ£ô[39m tests/settings/settings.test.ts[2m > [22mSettings schema and repository[2m > [22mworkspace settings[2m > [22mget returns null for unset key[32m 4[2mms[22m[39m
 [32mΓ£ô[39m tests/settings/settings.test.ts[2m > [22mSettings schema and repository[2m > [22mworkspace settings[2m > [22mset and get round-trips[32m 3[2mms[22m[39m
 [32mΓ£ô[39m tests/settings/settings.test.ts[2m > [22mSettings schema and repository[2m > [22mworkspace settings[2m > [22mset overwrites existing value[32m 6[2mms[22m[39m
 [32mΓ£ô[39m tests/settings/settings.test.ts[2m > [22mSettings schema and repository[2m > [22mworkspace settings[2m > [22mlistWorkspaceSettings filters by namespace[32m 10[2mms[22m[39m
 [32mΓ£ô[39m tests/settings/settings.test.ts[2m > [22mSettings schema and repository[2m > [22mworkspace settings[2m > [22mlistWorkspaceSettings returns all when no namespace[32m 4[2mms[22m[39m
 [32mΓ£ô[39m tests/settings/settings.test.ts[2m > [22mSettings schema and repository[2m > [22muser settings[2m > [22mget returns null for unset key[32m 4[2mms[22m[39m
 [32mΓ£ô[39m tests/settings/settings.test.ts[2m > [22mSettings schema and repository[2m > [22muser settings[2m > [22mset and get round-trips[32m 6[2mms[22m[39m
 [32mΓ£ô[39m tests/settings/settings.test.ts[2m > [22mSettings schema and repository[2m > [22muser settings[2m > [22mlistUserSettings filters by namespace[32m 3[2mms[22m[39m
 [32mΓ£ô[39m tests/settings/settings.test.ts[2m > [22mSettings schema and repository[2m > [22mprovider profiles[2m > [22mcreates and retrieves a profile[32m 3[2mms[22m[39m
 [32mΓ£ô[39m tests/settings/settings.test.ts[2m > [22mSettings schema and repository[2m > [22mprovider profiles[2m > [22mlists profiles by scope[32m 3[2mms[22m[39m
 [32mΓ£ô[39m tests/settings/settings.test.ts[2m > [22mSettings schema and repository[2m > [22mprovider profiles[2m > [22mupdates a profile[32m 5[2mms[22m[39m
 [32mΓ£ô[39m tests/settings/settings.test.ts[2m > [22mSettings schema and repository[2m > [22mprovider profiles[2m > [22mdeletes a profile[32m 3[2mms[22m[39m
 [32mΓ£ô[39m tests/settings/settings.test.ts[2m > [22mSettings schema and repository[2m > [22mprovider profiles[2m > [22msetDefaultProviderProfile enforces single default per scope[32m 4[2mms[22m[39m
 [32mΓ£ô[39m tests/settings/settings.test.ts[2m > [22mSettings schema and repository[2m > [22msecrets[2m > [22mset and get round-trips ciphertext[32m 3[2mms[22m[39m
 [32mΓ£ô[39m tests/settings/settings.test.ts[2m > [22mSettings schema and repository[2m > [22msecrets[2m > [22mclear removes the secret[32m 3[2mms[22m[39m
 [32mΓ£ô[39m tests/settings/settings.test.ts[2m > [22mSettings schema and repository[2m > [22msecrets[2m > [22mlistSecretStatus does not include ciphertext[32m 3[2mms[22m[39m
 [32mΓ£ô[39m tests/settings/settings.test.ts[2m > [22mSettings schema and repository[2m > [22maudit log[2m > [22mrecords and retrieves audit entries[32m 4[2mms[22m[39m
 [32mΓ£ô[39m tests/settings/settings.test.ts[2m > [22mSettings crypto[2m > [22misSecretCryptoAvailable returns false without master key[32m 0[2mms[22m[39m
 [32mΓ£ô[39m tests/settings/settings.test.ts[2m > [22mSettings crypto[2m > [22mencrypt/decrypt round-trips[32m 43[2mms[22m[39m
 [32mΓ£ô[39m tests/agents/tool-trace-copilot-cli.test.ts[2m > [22mTool trace metadata ΓÇö copilot-cli bypass[2m > [22mlogs availableTools in metadata even when tools list is empty[33m 539[2mms[22m[39m
 [32mΓ£ô[39m tests/dashboard/server.test.ts[2m > [22mDashboard Server[2m > [22mHTML pages[2m > [22mremoved legacy dashboard pages return 404[32m 92[2mms[22m[39m
 [32mΓ£ô[39m tests/settings/resolver.test.ts[2m > [22mSettingsResolver[2m > [22mresolveUiPreferences[2m > [22mreturns application defaults[32m 5[2mms[22m[39m
 [32mΓ£ô[39m tests/settings/resolver.test.ts[2m > [22mSettingsResolver[2m > [22mresolveUiPreferences[2m > [22muser settings override defaults[32m 4[2mms[22m[39m
 [32mΓ£ô[39m tests/settings/resolver.test.ts[2m > [22mSettingsResolver[2m > [22mresolveUiPreferences[2m > [22mworkspace settings fill in when no user pref[32m 5[2mms[22m[39m
 [32mΓ£ô[39m tests/settings/resolver.test.ts[2m > [22mSettingsResolver[2m > [22mbuildDiagnosticsSnapshot[2m > [22mincludes crypto warning when master key not set[32m 3[2mms[22m[39m
 [32mΓ£ô[39m tests/settings/resolver.test.ts[2m > [22mSettingsResolver[2m > [22mbuildDiagnosticsSnapshot[2m > [22mincludes service readiness[32m 5[2mms[22m[39m
 [32mΓ£ô[39m tests/settings/resolver.test.ts[2m > [22mSettingsResolver[2m > [22mbuildDiagnosticsSnapshot[2m > [22mredacts secret values[32m 5[2mms[22m[39m
 [32mΓ£ô[39m tests/mcp/server.test.ts[2m > [22mMCP Server[2m > [22marticle_list[2m > [22mfilters by stage[32m 115[2mms[22m[39m
 [32mΓ£ô[39m tests/db/schedule.test.ts[2m > [22mArticle Schedule Repository[2m > [22mschedule run claim idempotency[2m > [22mallows claiming different slots for the same schedule[32m 97[2mms[22m[39m
 [32mΓ£ô[39m tests/dashboard/schedules.test.ts[2m > [22mSchedule API routes[2m > [22mGET /api/schedules returns created schedule[32m 102[2mms[22m[39m
 [32mΓ£ô[39m tests/agents/runner.test.ts[2m > [22mAgentRunner[2m > [22mloadCharter[2m > [22mreturns null for missing charter[32m 64[2mms[22m[39m
 [32mΓ£ô[39m tests/agents/runner.test.ts[2m > [22mAgentRunner[2m > [22mloadSkill[2m > [22mloads a skill from a markdown file with YAML frontmatter[32m 44[2mms[22m[39m
 [32mΓ£ô[39m tests/pipeline/conversation.test.ts[2m > [22mconversation[2m > [22mbuildEditorPreviousReviews[2m > [22mformats editor reviews with stage info[32m 106[2mms[22m[39m
 [32mΓ£ô[39m tests/dashboard/traces.test.ts[2m > [22mTrace page ΓÇö context & copy[2m > [22mrenders skills in context injection[32m 119[2mms[22m[39m
 [32mΓ£ô[39m tests/dashboard/wave2.test.ts[2m > [22mWave 2 Routes[2m > [22mArticle detail page[2m > [22mdoes not include removed stage timeline markup[32m 115[2mms[22m[39m
 [32mΓ£ô[39m tests/dashboard/settings-routes.test.ts[2m > [22mSettings API Routes[2m > [22mPOST /api/settings/provider-profiles/:id (update)[2m > [22mupdates a provider profile[32m 144[2mms[22m[39m
 [32mΓ£ô[39m tests/dashboard/publish.test.ts[2m > [22mPublish Workflow[2m > [22mGET /articles/:id/publish[2m > [22mshows empty state when no draft exists[32m 130[2mms[22m[39m
 [32mΓ£ô[39m tests/db/repository.test.ts[2m > [22mRepository[2m > [22mdraft URL management[2m > [22mreturns null for nonexistent article[32m 101[2mms[22m[39m
 [32mΓ£ô[39m tests/dashboard/wave2.test.ts[2m > [22mWave 2 Routes[2m > [22mArticle detail page[2m > [22mrenders editor reviews with verdict badges[32m 105[2mms[22m[39m
 [32mΓ£ô[39m tests/settings/settings.test.ts[2m > [22mSettings crypto[2m > [22mdecrypt fails with wrong key[32m 81[2mms[22m[39m
 [32mΓ£ô[39m tests/settings/settings.test.ts[2m > [22mBootstrap admin[2m > [22mcreates admin user with given username[32m 4[2mms[22m[39m
 [32mΓ£ô[39m tests/settings/settings.test.ts[2m > [22mBootstrap admin[2m > [22mis idempotent ΓÇö second call returns same user[32m 3[2mms[22m[39m
 [32mΓ£ô[39m tests/settings/settings.test.ts[2m > [22mBootstrap admin[2m > [22mdefaults to admin when username is null[32m 4[2mms[22m[39m
 [32mΓ£ô[39m tests/pipeline/actions.test.ts[2m > [22mSTAGE_ACTIONS[2m > [22mgeneratePrompt[2m > [22mrequests the default 50-call tool budget for stage agent runs[32m 178[2mms[22m[39m
 [32mΓ£ô[39m tests/pipeline/write-agent-result.test.ts[2m > [22mwriteAgentResult[2m > [22msaves main artifact when no thinking present[32m 116[2mms[22m[39m
 [32mΓ£ô[39m tests/pipeline/write-agent-result.test.ts[2m > [22mwriteAgentResult[2m > [22msaves main artifact and thinking file when thinking present[32m 95[2mms[22m[39m
 [32mΓ£ô[39m tests/dashboard/server.test.ts[2m > [22mDashboard Server[2m > [22mHTML pages[2m > [22mhome page shows articles in correct sections[32m 124[2mms[22m[39m
 [32mΓ£ô[39m tests/pipeline/engine.test.ts[2m > [22mGuard functions[2m > [22mextractVerdict[2m > [22mmaps NEEDS REVISION to REVISE[32m 104[2mms[22m[39m
 [32mΓ£ô[39m tests/pipeline/engine.test.ts[2m > [22mGuard functions[2m > [22mextractVerdict[2m > [22mhandles bold verdict markers[32m 94[2mms[22m[39m
 [32mΓ£ô[39m tests/mcp/server.test.ts[2m > [22mMCP Server[2m > [22marticle_list[2m > [22mrespects limit[32m 118[2mms[22m[39m
 [32mΓ£ô[39m tests/dashboard/config.test.ts[2m > [22mConfig Viewer Page[2m > [22mGET /config returns 200[32m 170[2mms[22m[39m
 [32mΓ£ô[39m tests/pipeline/artifact-scanner.test.ts[2m > [22martifact-scanner[2m > [22minferStage[2m > [22mreturns stage 1 for empty directory[32m 24[2mms[22m[39m
 [32mΓ£ô[39m tests/pipeline/artifact-scanner.test.ts[2m > [22martifact-scanner[2m > [22minferStage[2m > [22mreturns stage 1 for idea only[32m 17[2mms[22m[39m
 [32mΓ£ô[39m tests/pipeline/artifact-scanner.test.ts[2m > [22martifact-scanner[2m > [22minferStage[2m > [22mreturns stage 2 for discussion prompt[32m 31[2mms[22m[39m
 [32mΓ£ô[39m tests/agents/runner.test.ts[2m > [22mAgentRunner[2m > [22mloadSkill[2m > [22mparses skill confidence as a number[32m 56[2mms[22m[39m
 [32mΓ£ô[39m tests/agents/runner.test.ts[2m > [22mAgentRunner[2m > [22mloadSkill[2m > [22mreturns null for missing skill[32m 57[2mms[22m[39m
 [32mΓ£ô[39m tests/dashboard/traces.test.ts[2m > [22mTrace page ΓÇö context & copy[2m > [22mrenders memories in context injection[32m 119[2mms[22m[39m
 [32mΓ£ô[39m tests/db/schedule.test.ts[2m > [22mArticle Schedule Repository[2m > [22mschedule run claim idempotency[2m > [22mcompletes a run and records article id[32m 95[2mms[22m[39m
 [32mΓ£ô[39m tests/db/schedule.test.ts[2m > [22mArticle Schedule Repository[2m > [22mschedule run claim idempotency[2m > [22mfails a run and records error text[32m 87[2mms[22m[39m
 [32mΓ£ô[39m tests/services/twitter.test.ts[2m > [22mpercentEncode[2m > [22mencodes RFC 3986 special characters[32m 1[2mms[22m[39m
 [32mΓ£ô[39m tests/services/twitter.test.ts[2m > [22mpercentEncode[2m > [22mleaves unreserved characters untouched[32m 0[2mms[22m[39m
 [32mΓ£ô[39m tests/services/twitter.test.ts[2m > [22meffectiveTweetLength[2m > [22mreturns plain text length for tweets without URLs[32m 0[2mms[22m[39m
 [32mΓ£ô[39m tests/services/twitter.test.ts[2m > [22meffectiveTweetLength[2m > [22mcounts URLs as 23 characters (t.co wrapping)[32m 0[2mms[22m[39m
 [32mΓ£ô[39m tests/services/twitter.test.ts[2m > [22meffectiveTweetLength[2m > [22mhandles multiple URLs[32m 0[2mms[22m[39m
 [32mΓ£ô[39m tests/services/twitter.test.ts[2m > [22meffectiveTweetLength[2m > [22mreturns correct length at exactly 280 characters[32m 0[2mms[22m[39m
 [32mΓ£ô[39m tests/services/twitter.test.ts[2m > [22mTwitterService.generateOAuthSignature[2m > [22mproduces a deterministic HMAC-SHA1 signature with known inputs[32m 1[2mms[22m[39m
 [32mΓ£ô[39m tests/services/twitter.test.ts[2m > [22mTwitterService.generateOAuthSignature[2m > [22mproduces different signatures for different nonces[32m 1[2mms[22m[39m
 [32mΓ£ô[39m tests/services/twitter.test.ts[2m > [22mTwitterService.generateOAuthSignature[2m > [22mincludes bodyParams in signature when provided[32m 0[2mms[22m[39m
 [32mΓ£ô[39m tests/services/twitter.test.ts[2m > [22mTwitterService.generateAuthHeader[2m > [22mstarts with "OAuth " prefix[32m 0[2mms[22m[39m
 [32mΓ£ô[39m tests/services/twitter.test.ts[2m > [22mTwitterService.generateAuthHeader[2m > [22mcontains all required OAuth parameters[32m 0[2mms[22m[39m
 [32mΓ£ô[39m tests/services/twitter.test.ts[2m > [22mTwitterService.generateAuthHeader[2m > [22mparameters are sorted alphabetically[32m 0[2mms[22m[39m
 [32mΓ£ô[39m tests/services/twitter.test.ts[2m > [22mTwitterService.generateAuthHeader[2m > [22mvalues are percent-encoded and quoted[32m 0[2mms[22m[39m
 [32mΓ£ô[39m tests/services/twitter.test.ts[2m > [22mTwitterService constructor[2m > [22msucceeds with valid config[32m 1[2mms[22m[39m
 [32mΓ£ô[39m tests/services/twitter.test.ts[2m > [22mTwitterService constructor[2m > [22mthrows when apiKey is missing[32m 0[2mms[22m[39m
 [32mΓ£ô[39m tests/services/twitter.test.ts[2m > [22mTwitterService constructor[2m > [22mthrows when apiSecret is missing[32m 0[2mms[22m[39m
 [32mΓ£ô[39m tests/services/twitter.test.ts[2m > [22mTwitterService constructor[2m > [22mthrows when accessToken is missing[32m 0[2mms[22m[39m
 [32mΓ£ô[39m tests/services/twitter.test.ts[2m > [22mTwitterService constructor[2m > [22mthrows when accessTokenSecret is missing[32m 0[2mms[22m[39m
 [32mΓ£ô[39m tests/services/twitter.test.ts[2m > [22mpostTweet text validation[2m > [22mrejects tweets exceeding 280 characters[32m 1[2mms[22m[39m
 [32mΓ£ô[39m tests/services/twitter.test.ts[2m > [22mpostTweet text validation[2m > [22mrejects tweets that exceed 280 with URL expansion[32m 0[2mms[22m[39m
 [32mΓ£ô[39m tests/services/twitter.test.ts[2m > [22mpostTweet text validation[2m > [22mallows tweets at exactly 280 characters[32m 0[2mms[22m[39m
 [32mΓ£ô[39m tests/services/twitter.test.ts[2m > [22mpostTweet dry run[2m > [22mreturns a fake result without making HTTP calls[32m 1[2mms[22m[39m
 [32mΓ£ô[39m tests/services/twitter.test.ts[2m > [22mpostTweet network calls[2m > [22mposts a tweet and returns the result[32m 4[2mms[22m[39m
 [32mΓ£ô[39m tests/services/twitter.test.ts[2m > [22mpostTweet network calls[2m > [22mthrows on HTTP error[32m 1[2mms[22m[39m
 [32mΓ£ô[39m tests/services/twitter.test.ts[2m > [22mpostTweet network calls[2m > [22mthrows on unexpected response shape[32m 1[2mms[22m[39m
 [32mΓ£ô[39m tests/services/twitter.test.ts[2m > [22muploadMedia[2m > [22muploads an image and returns media_id_string[32m 24[2mms[22m[39m
 [32mΓ£ô[39m tests/services/twitter.test.ts[2m > [22muploadMedia[2m > [22msends correct MIME type for .jpg files[32m 11[2mms[22m[39m
 [32mΓ£ô[39m tests/services/twitter.test.ts[2m > [22muploadMedia[2m > [22mthrows on upload failure[32m 13[2mms[22m[39m
 [32mΓ£ô[39m tests/services/twitter.test.ts[2m > [22muploadMedia[2m > [22mthrows when media_id_string is missing from response[32m 14[2mms[22m[39m
 [32mΓ£ô[39m tests/services/twitter.test.ts[2m > [22mpostTweet with image[2m > [22muploads media then posts tweet with media_ids[32m 14[2mms[22m[39m
 [32mΓ£ô[39m tests/dashboard/schedules.test.ts[2m > [22mSchedule API routes[2m > [22mPATCH /api/schedules/:id updates a schedule[32m 103[2mms[22m[39m
 [32mΓ£ô[39m tests/dashboard/schedules.test.ts[2m > [22mSchedule API routes[2m > [22mPATCH /api/schedules/:id preserves canonical editorial overrides on non-editorial edits[32m 95[2mms[22m[39m
 [32mΓ£ô[39m tests/dashboard/publish.test.ts[2m > [22mPublish Workflow[2m > [22mGET /articles/:id/publish[2m > [22mshows an actionable config warning and disables publish actions when Substack is unavailable[32m 120[2mms[22m[39m
 [32mΓ£ô[39m tests/migration/migrate.test.ts[2m > [22mmigrate[2m > [22mskill files are copied[33m 618[2mms[22m[39m
 [32mΓ£ô[39m tests/pipeline/conversation.test.ts[2m > [22mconversation[2m > [22mbuildEditorPreviousReviews[2m > [22mtruncates long reviews[32m 89[2mms[22m[39m
 [32mΓ£ô[39m tests/pipeline/conversation.test.ts[2m > [22mconversation[2m > [22mbuildEditorPreviousReviews[2m > [22mcaps to the newest reviews in deterministic order[32m 84[2mms[22m[39m
 [32mΓ£ô[39m tests/dashboard/settings-routes.test.ts[2m > [22mSettings API Routes[2m > [22mPOST /api/settings/provider-profiles/:id/set-default[2m > [22msets a profile as default[32m 138[2mms[22m[39m
 [32mΓ£ô[39m tests/pipeline/write-agent-result.test.ts[2m > [22mwriteAgentResult[2m > [22mthinking file header contains correct metadata[32m 90[2mms[22m[39m
 [32mΓ£ô[39m tests/pipeline/engine.test.ts[2m > [22mGuard functions[2m > [22mextractVerdict[2m > [22mfalls back to keyword scan for unstructured output[32m 96[2mms[22m[39m
 [32mΓ£ô[39m tests/dashboard/server.test.ts[2m > [22mDashboard Server[2m > [22mHTML pages[2m > [22mhome page shows the dominant model badge on article cards[32m 96[2mms[22m[39m
 [32mΓ£ô[39m tests/mcp/server.test.ts[2m > [22mMCP Server[2m > [22mpipeline_batch[2m > [22mreports eligible articles in dry-run mode[32m 99[2mms[22m[39m
 [32mΓ£ô[39m tests/db/repository.test.ts[2m > [22mRepository[2m > [22mdraft URL management[2m > [22mblocks draft URL update on published article[32m 97[2mms[22m[39m
 [32mΓ£ô[39m tests/db/repository.test.ts[2m > [22mRepository[2m > [22massertNotPublished[2m > [22mpasses for unpublished article[32m 75[2mms[22m[39m
 [32mΓ£ô[39m tests/pipeline/write-agent-result.test.ts[2m > [22mwriteAgentResult[2m > [22mmultiple calls save separate thinking files without overwriting[32m 84[2mms[22m[39m
 [32mΓ£ô[39m tests/agents/runner.test.ts[2m > [22mAgentRunner[2m > [22mlistAgents[2m > [22mscans charters directory for agent names[32m 50[2mms[22m[39m
 [32mΓ£ô[39m tests/agents/runner.test.ts[2m > [22mAgentRunner[2m > [22mlistAgents[2m > [22mincludes agents from subdirectories with charter.md[32m 55[2mms[22m[39m
 [32mΓ£ô[39m tests/dashboard/config.test.ts[2m > [22mConfig Viewer Page[2m > [22mshows the tabbed admin settings page with overview[32m 126[2mms[22m[39m
 [32mΓ£ô[39m tests/pipeline/artifact-scanner.test.ts[2m > [22martifact-scanner[2m > [22minferStage[2m > [22mreturns stage 3 for panel composition[32m 27[2mms[22m[39m
 [32mΓ£ô[39m tests/pipeline/artifact-scanner.test.ts[2m > [22martifact-scanner[2m > [22minferStage[2m > [22mreturns stage 4 for panel outputs (ΓëÑ2 position files)[32m 23[2mms[22m[39m
 [32mΓ£ô[39m tests/pipeline/artifact-scanner.test.ts[2m > [22martifact-scanner[2m > [22minferStage[2m > [22mreturns stage 4 for discussion summary[32m 22[2mms[22m[39m
 [32mΓ£ô[39m tests/pipeline/artifact-scanner.test.ts[2m > [22martifact-scanner[2m > [22minferStage[2m > [22mreturns stage 4 for discussion synthesis (alternate filename)[32m 19[2mms[22m[39m
 [32mΓ£ô[39m tests/pipeline/artifact-scanner.test.ts[2m > [22martifact-scanner[2m > [22minferStage[2m > [22mreturns stage 5 for draft[32m 18[2mms[22m[39m
 [32mΓ£ô[39m tests/pipeline/actions.test.ts[2m > [22mSTAGE_ACTIONS[2m > [22mcomposePanel[2m > [22mcalls lead agent and writes panel-composition.md[32m 165[2mms[22m[39m
 [32mΓ£ô[39m tests/dashboard/traces.test.ts[2m > [22mTrace page ΓÇö context & copy[2m > [22momits context section when all context fields are null[32m 84[2mms[22m[39m
 [32mΓ£ô[39m tests/dashboard/schedules.test.ts[2m > [22mSchedule API routes[2m > [22mDELETE /api/schedules/:id removes the schedule[32m 76[2mms[22m[39m
 [32mΓ£ô[39m tests/dashboard/publish.test.ts[2m > [22mPublish Workflow[2m > [22mGET /articles/:id/publish[2m > [22mdisplays publish actions without checklist gate[32m 98[2mms[22m[39m
 [32mΓ£ô[39m tests/agents/tool-trace-copilot-cli.test.ts[2m > [22mTool trace metadata ΓÇö copilot-cli bypass[2m > [22mconfirms that tool loop is bypassed for copilot-cli provider[33m 373[2mms[22m[39m
 [32mΓ£ô[39m tests/llm/provider-mock.test.ts[2m > [22mMockProvider[2m > [22mdefault stage responses[2m > [22mcan return revise and reject editor fixtures for send-back tests[33m 726[2mms[22m[39m
 [32mΓ£ô[39m tests/e2e/edge-cases.test.ts[2m > [22mAuto-advance failure + retry[2m > [22maudit log records the guard failure[32m 1[2mms[22m[39m
 [32mΓ£ô[39m tests/e2e/edge-cases.test.ts[2m > [22mAuto-advance failure + retry[2m > [22mstage_runs records an error entry for the failed stage[32m 3[2mms[22m[39m
 [32mΓ£ô[39m tests/pipeline/conversation.test.ts[2m > [22mconversation[2m > [22mfull conversation flow[2m > [22mtracks a complete writer ΓåÆ editor ΓåÆ revision ΓåÆ writer cycle[32m 88[2mms[22m[39m
 [32mΓ£ô[39m tests/pipeline/conversation.test.ts[2m > [22mconversation[2m > [22mfull conversation flow[2m > [22msupports hybrid shared summaries without cross-role transcript bleed[32m 76[2mms[22m[39m
 [32mΓ£ô[39m tests/dashboard/settings-routes.test.ts[2m > [22mSettings API Routes[2m > [22mPOST /api/settings/provider-profiles/:id/toggle[2m > [22mtoggles enabled state of a profile[32m 122[2mms[22m[39m
 [32mΓ£ô[39m tests/db/schedule.test.ts[2m > [22mArticle Schedule Repository[2m > [22mschedule run listing[2m > [22mlists runs newest first[32m 76[2mms[22m[39m
 [32mΓ£ô[39m tests/mcp/server.test.ts[2m > [22mMCP Server[2m > [22mpipeline_batch[2m > [22madvances eligible articles when execute=true[32m 103[2mms[22m[39m
 [32mΓ£ô[39m tests/services/substack.test.ts[2m > [22mSubstackService[2m > [22mconstruction[2m > [22mcreates service with valid config[32m 4[2mms[22m[39m
 [32mΓ£ô[39m tests/services/substack.test.ts[2m > [22mSubstackService[2m > [22mconstruction[2m > [22mthrows on empty publication URL[32m 1[2mms[22m[39m
 [32mΓ£ô[39m tests/services/substack.test.ts[2m > [22mSubstackService[2m > [22mconstruction[2m > [22mthrows on invalid publication URL[32m 0[2mms[22m[39m
 [32mΓ£ô[39m tests/services/substack.test.ts[2m > [22mSubstackService[2m > [22mconstruction[2m > [22mthrows on empty token[32m 0[2mms[22m[39m
 [32mΓ£ô[39m tests/services/substack.test.ts[2m > [22mSubstackService[2m > [22mcreateDraft[2m > [22msends POST to /api/v1/drafts with correct payload[32m 3[2mms[22m[39m
 [32mΓ£ô[39m tests/services/substack.test.ts[2m > [22mSubstackService[2m > [22mcreateDraft[2m > [22mdefaults audience to everyone and tags to empty[32m 1[2mms[22m[39m
 [32mΓ£ô[39m tests/services/substack.test.ts[2m > [22mSubstackService[2m > [22mcreateDraft[2m > [22mthrows on HTTP error[32m 1[2mms[22m[39m
 [32mΓ£ô[39m tests/services/substack.test.ts[2m > [22mSubstackService[2m > [22mupdateDraft[2m > [22msends PUT to /api/v1/drafts/:id[32m 1[2mms[22m[39m
 [32mΓ£ô[39m tests/services/substack.test.ts[2m > [22mSubstackService[2m > [22mupdateDraft[2m > [22monly includes provided fields in payload[32m 1[2mms[22m[39m
 [32mΓ£ô[39m tests/services/substack.test.ts[2m > [22mSubstackService[2m > [22mupdateDraft[2m > [22mthrows on HTTP error[32m 0[2mms[22m[39m
 [32mΓ£ô[39m tests/services/substack.test.ts[2m > [22mSubstackService[2m > [22mpublishDraft[2m > [22msends POST to /api/v1/drafts/:id/publish with empty body[32m 0[2mms[22m[39m
 [32mΓ£ô[39m tests/services/substack.test.ts[2m > [22mSubstackService[2m > [22mpublishDraft[2m > [22mconstructs canonical URL from slug when not provided[32m 0[2mms[22m[39m
 [32mΓ£ô[39m tests/services/substack.test.ts[2m > [22mSubstackService[2m > [22mpublishDraft[2m > [22mthrows on HTTP error[32m 0[2mms[22m[39m
 [32mΓ£ô[39m tests/services/substack.test.ts[2m > [22mSubstackService[2m > [22mgetDraft[2m > [22msends GET to /api/v1/drafts/:id[32m 0[2mms[22m[39m
 [32mΓ£ô[39m tests/services/substack.test.ts[2m > [22mSubstackService[2m > [22mgetDraft[2m > [22mreturns null on 404[32m 0[2mms[22m[39m
 [32mΓ£ô[39m tests/services/substack.test.ts[2m > [22mSubstackService[2m > [22mgetDraft[2m > [22mthrows on non-404 errors[32m 0[2mms[22m[39m
 [32mΓ£ô[39m tests/services/substack.test.ts[2m > [22mSubstackService[2m > [22muploadImage[2m > [22muploads image as base64 data URI and returns CDN URL[32m 18[2mms[22m[39m
 [32mΓ£ô[39m tests/services/substack.test.ts[2m > [22mSubstackService[2m > [22muploadImage[2m > [22mresolves JPEG mime type from .jpg extension[32m 15[2mms[22m[39m
 [32mΓ£ô[39m tests/services/substack.test.ts[2m > [22mSubstackService[2m > [22muploadImage[2m > [22mthrows when image file does not exist[32m 8[2mms[22m[39m
 [32mΓ£ô[39m tests/services/substack.test.ts[2m > [22mSubstackService[2m > [22muploadImage[2m > [22mthrows on upload HTTP error[32m 15[2mms[22m[39m
 [32mΓ£ô[39m tests/services/substack.test.ts[2m > [22mSubstackService[2m > [22mcreateNote[2m > [22msends POST to the notes endpoint with ProseMirror body[32m 1[2mms[22m[39m
 [32mΓ£ô[39m tests/services/substack.test.ts[2m > [22mSubstackService[2m > [22mcreateNote[2m > [22mregisters attachment when articleSlug is provided[32m 1[2mms[22m[39m
 [32mΓ£ô[39m tests/services/substack.test.ts[2m > [22mSubstackService[2m > [22mcreateNote[2m > [22mfalls back to constructed URL when response has no explicit URL[32m 0[2mms[22m[39m
 [32mΓ£ô[39m tests/services/substack.test.ts[2m > [22mSubstackService[2m > [22mcreateNote[2m > [22muses default notesEndpoint when not configured[32m 0[2mms[22m[39m
 [32mΓ£ô[39m tests/services/substack.test.ts[2m > [22mSubstackService[2m > [22mcreateNote[2m > [22mthrows on HTTP error[32m 1[2mms[22m[39m
 [32mΓ£ô[39m tests/services/substack.test.ts[2m > [22mSubstackService[2m > [22mURL construction[2m > [22mbuilds prod URLs from publicationUrl[32m 1[2mms[22m[39m
 [32mΓ£ô[39m tests/services/substack.test.ts[2m > [22mSubstackService[2m > [22mURL construction[2m > [22mresolveBaseUrl returns prod URL by default[32m 0[2mms[22m[39m
 [32mΓ£ô[39m tests/services/substack.test.ts[2m > [22mSubstackService[2m > [22mURL construction[2m > [22mresolveBaseUrl returns stage URL when target is stage[32m 0[2mms[22m[39m
 [32mΓ£ô[39m tests/services/substack.test.ts[2m > [22mSubstackService[2m > [22mURL construction[2m > [22mresolveBaseUrl throws when stage URL is missing[32m 0[2mms[22m[39m
 [32mΓ£ô[39m tests/services/substack.test.ts[2m > [22mSubstackService[2m > [22mURL construction[2m > [22mstrips trailing slash from resolved URLs[32m 0[2mms[22m[39m
 [32mΓ£ô[39m tests/services/substack.test.ts[2m > [22mSubstackService[2m > [22mauth headers[2m > [22msends cookie header with raw token[32m 1[2mms[22m[39m
 [32mΓ£ô[39m tests/services/substack.test.ts[2m > [22mSubstackService[2m > [22mauth headers[2m > [22msends cookie header with decoded base64 token[32m 0[2mms[22m[39m
 [32mΓ£ô[39m tests/services/substack.test.ts[2m > [22mSubstackService[2m > [22mauth headers[2m > [22msets Origin and Referer headers for the publication[32m 0[2mms[22m[39m
 [32mΓ£ô[39m tests/services/substack.test.ts[2m > [22mSubstackService[2m > [22mauth headers[2m > [22msets User-Agent header[32m 0[2mms[22m[39m
 [32mΓ£ô[39m tests/services/substack.test.ts[2m > [22mSubstackService[2m > [22mnetwork error handling[2m > [22mpropagates fetch network errors[32m 1[2mms[22m[39m
 [32mΓ£ô[39m tests/services/substack.test.ts[2m > [22mSubstackService[2m > [22mnetwork error handling[2m > [22mhandles empty error response body gracefully[32m 1[2mms[22m[39m
 [32mΓ£ô[39m tests/services/substack.test.ts[2m > [22mdecodeSubstackToken[2m > [22mreturns raw token as both SIDs for plain string[32m 0[2mms[22m[39m
 [32mΓ£ô[39m tests/services/substack.test.ts[2m > [22mdecodeSubstackToken[2m > [22mdecodes base64 JSON with both SIDs[32m 0[2mms[22m[39m
 [32mΓ£ô[39m tests/services/substack.test.ts[2m > [22mdecodeSubstackToken[2m > [22mfalls back connect_sid to substack_sid when missing[32m 0[2mms[22m[39m
 [32mΓ£ô[39m tests/services/substack.test.ts[2m > [22mdecodeSubstackToken[2m > [22mthrows on empty token[32m 0[2mms[22m[39m
 [32mΓ£ô[39m tests/services/substack.test.ts[2m > [22mdecodeSubstackToken[2m > [22mthrows on whitespace-only token[32m 0[2mms[22m[39m
 [32mΓ£ô[39m tests/services/substack.test.ts[2m > [22mextractSubdomain[2m > [22mextracts subdomain from standard URL[32m 0[2mms[22m[39m
 [32mΓ£ô[39m tests/services/substack.test.ts[2m > [22mextractSubdomain[2m > [22mextracts subdomain from URL with path[32m 0[2mms[22m[39m
 [32mΓ£ô[39m tests/services/substack.test.ts[2m > [22mextractSubdomain[2m > [22mextracts from @mention syntax[32m 0[2mms[22m[39m
 [32mΓ£ô[39m tests/services/substack.test.ts[2m > [22mextractSubdomain[2m > [22mthrows on empty URL[32m 0[2mms[22m[39m
 [32mΓ£ô[39m tests/services/substack.test.ts[2m > [22mextractSubdomain[2m > [22mthrows on non-substack URL without @ prefix[32m 0[2mms[22m[39m
 [32mΓ£ô[39m tests/agents/runner.test.ts[2m > [22mAgentRunner[2m > [22mlistAgents[2m > [22mreturns empty array if charters dir does not exist[32m 47[2mms[22m[39m
 [32mΓ£ô[39m tests/agents/runner.test.ts[2m > [22mAgentRunner[2m > [22mlistAgents[2m > [22mreturns sorted agent names[32m 51[2mms[22m[39m
 [32mΓ£ô[39m tests/pipeline/artifact-scanner.test.ts[2m > [22martifact-scanner[2m > [22minferStage[2m > [22mreturns stage 6 for editor review with APPROVED[32m 29[2mms[22m[39m
 [32mΓ£ô[39m tests/pipeline/artifact-scanner.test.ts[2m > [22martifact-scanner[2m > [22minferStage[2m > [22mreturns stage 6 for REVISE verdict[32m 30[2mms[22m[39m
 [32mΓ£ô[39m tests/pipeline/artifact-scanner.test.ts[2m > [22martifact-scanner[2m > [22minferStage[2m > [22mreturns stage 6 for REJECT verdict[32m 21[2mms[22m[39m
 [32mΓ£ô[39m tests/pipeline/artifact-scanner.test.ts[2m > [22martifact-scanner[2m > [22minferStage[2m > [22mreturns stage 6 with null verdict if not parseable[32m 29[2mms[22m[39m
 [32mΓ£ô[39m tests/dashboard/config.test.ts[2m > [22mConfig Viewer Page[2m > [22mdiagnostics tab contains effective settings and service readiness[32m 115[2mms[22m[39m
 [32mΓ£ô[39m tests/dashboard/server.test.ts[2m > [22mDashboard Server[2m > [22mHTML pages[2m > [22marticle detail page renders[32m 92[2mms[22m[39m
 [32mΓ£ô[39m tests/dashboard/server.test.ts[2m > [22mDashboard Server[2m > [22mHTML pages[2m > [22marticle detail shows the dominant model badge from usage events[32m 86[2mms[22m[39m
stderr | tests/e2e/edge-cases.test.ts > Auto-advance failure + retry > retry succeeds after adding idea.md ΓÇö article advances beyond stage 1
[runDiscussion] Panelist 'offensive-line-investment' failed: Agent charter not found: offensive-line-investment
[runDiscussion] Panelist 'secondary-depth' failed: Agent charter not found: secondary-depth
[runDiscussion] Panelist 'quarterback-development' failed: Agent charter not found: quarterback-development
[runDiscussion] Panelist 'salary-cap-flexibility' failed: Agent charter not found: salary-cap-flexibility

 [32mΓ£ô[39m tests/pipeline/engine.test.ts[2m > [22mGuard functions[2m > [22mextractVerdict[2m > [22mreturns null when no signal at all[32m 92[2mms[22m[39m
 [32mΓ£ô[39m tests/pipeline/engine.test.ts[2m > [22mGuard functions[2m > [22mrequirePublisherPass[2m > [22mfails when publisher-pass.md artifact does not exist[32m 81[2mms[22m[39m
 [32mΓ£ô[39m tests/db/repository.test.ts[2m > [22mRepository[2m > [22massertNotPublished[2m > [22mthrows for nonexistent article[32m 76[2mms[22m[39m
 [32mΓ£ô[39m tests/db/repository.test.ts[2m > [22mRepository[2m > [22massertNotPublished[2m > [22mthrows for published article[32m 76[2mms[22m[39m
 [32mΓ£ô[39m tests/db/schedule.test.ts[2m > [22mArticle Schedule Repository[2m > [22mlegacy editorial backfill[2m > [22mbackfills existing schedule rows from legacy depth/content semantics[32m 153[2mms[22m[39m
stderr | tests/e2e/edge-cases.test.ts > Auto-advance failure + retry > retry succeeds after adding idea.md ΓÇö article advances beyond stage 1
[runDiscussion] All 4 panelists failed for 'edge-auto-advance-failure', falling back to single-moderator

 [32mΓ£ô[39m tests/dashboard/schedules.test.ts[2m > [22mSchedule API routes[2m > [22mGET /schedules renders the schedule list page[32m 87[2mms[22m[39m
 [32mΓ£ô[39m tests/dashboard/schedules.test.ts[2m > [22mSchedule API routes[2m > [22mTuesday accessible schedule has depth 1, Thursday deep dive has depth 3[32m 75[2mms[22m[39m
 [32mΓ£ô[39m tests/pipeline/actions.test.ts[2m > [22mSTAGE_ACTIONS[2m > [22mcomposePanel[2m > [22muses preset and panel constraints to shape the compose-panel prompt[32m 144[2mms[22m[39m
stderr | tests/pipeline/actions.test.ts > STAGE_ACTIONS > runDiscussion > falls back to single-moderator when composition cannot be parsed
[runDiscussion] Could not parse panel-composition.md for 'test-rd', falling back to single-moderator

 [32mΓ£ô[39m tests/dashboard/traces.test.ts[2m > [22mTrace page ΓÇö context & copy[2m > [22mincludes copy button on trace cards[32m 86[2mms[22m[39m
 [32mΓ£ô[39m tests/dashboard/traces.test.ts[2m > [22mTrace page ΓÇö filtering & data attributes[2m > [22mincludes data attributes on trace cards[32m 73[2mms[22m[39m
 [32mΓ£ô[39m tests/dashboard/settings-routes.test.ts[2m > [22mSettings API Routes[2m > [22mDELETE /api/settings/provider-profiles/:id[2m > [22mdeletes a provider profile via hx-delete[32m 102[2mms[22m[39m
 [32mΓ£ô[39m tests/config/bootstrap.test.ts[2m > [22mBootstrap init[2m > [22mseedKnowledge[2m > [22mreturns counts for all categories[33m 471[2mms[22m[39m
 [32mΓ£ô[39m tests/mcp/server.test.ts[2m > [22mMCP Server[2m > [22mpipeline_drift[2m > [22mdetects missing artifacts[32m 92[2mms[22m[39m
 [32mΓ£ô[39m tests/dashboard/publish.test.ts[2m > [22mPublish Workflow[2m > [22mGET /htmx/articles/:id/preview[2m > [22mreturns HTML preview fragment[32m 88[2mms[22m[39m
 [32mΓ£ô[39m tests/dashboard/publish.test.ts[2m > [22mPublish Workflow[2m > [22mGET /htmx/articles/:id/preview[2m > [22mreturns 404 for missing article[32m 77[2mms[22m[39m
 [32mΓ£ô[39m tests/dashboard/config.test.ts[2m > [22mConfig Viewer Page[2m > [22maccess tab shows auth settings[32m 111[2mms[22m[39m
 [32mΓ£ô[39m tests/pipeline/artifact-scanner.test.ts[2m > [22martifact-scanner[2m > [22minferStage[2m > [22mreturns stage 7 for publisher pass[32m 25[2mms[22m[39m
 [32mΓ£ô[39m tests/pipeline/artifact-scanner.test.ts[2m > [22martifact-scanner[2m > [22minferStage[2m > [22mpicks latest editor review file (highest numbered)[32m 14[2mms[22m[39m
 [32mΓ£ô[39m tests/pipeline/artifact-scanner.test.ts[2m > [22martifact-scanner[2m > [22minferStage[2m > [22mhandles non-existent directory gracefully (stage 1)[32m 3[2mms[22m[39m
 [32mΓ£ô[39m tests/pipeline/artifact-scanner.test.ts[2m > [22martifact-scanner[2m > [22minferStage[2m > [22mdetects legacy flat file as stage 8[32m 6[2mms[22m[39m
 [32mΓ£ô[39m tests/pipeline/artifact-scanner.test.ts[2m > [22martifact-scanner[2m > [22minferStage[2m > [22mprecedence: publisher pass beats editor review[32m 38[2mms[22m[39m
 [32mΓ£ô[39m tests/pipeline/artifact-scanner.test.ts[2m > [22martifact-scanner[2m > [22minferStage[2m > [22mprecedence: editor review beats draft[32m 15[2mms[22m[39m
 [32mΓ£ô[39m tests/pipeline/artifact-scanner.test.ts[2m > [22martifact-scanner[2m > [22minferStage[2m > [22mprecedence: draft beats discussion summary[32m 23[2mms[22m[39m
 [32mΓ£ô[39m tests/agents/runner.test.ts[2m > [22mAgentRunner[2m > [22mlistSkills[2m > [22mscans skills directory for skill names[32m 50[2mms[22m[39m
 [32mΓ£ô[39m tests/agents/runner.test.ts[2m > [22mAgentRunner[2m > [22mlistSkills[2m > [22mreturns empty array if skills dir does not exist[32m 44[2mms[22m[39m
 [32mΓ£ô[39m tests/agents/runner.test.ts[2m > [22mAgentRunner[2m > [22mcomposeSystemPrompt[2m > [22mcomposes system prompt from charter, skills, and memories[32m 48[2mms[22m[39m
 [32mΓ£ô[39m tests/dashboard/metadata-edit.test.ts[2m > [22mDashboard article metadata editing[2m > [22mPATCH /api/articles/:id[2m > [22mupdates whitelisted fields with validation + normalization[32m 97[2mms[22m[39m
 [32mΓ£ô[39m tests/db/repository.test.ts[2m > [22mRepository[2m > [22mnotes[2m > [22mrecords and retrieves notes[32m 76[2mms[22m[39m
 [32mΓ£ô[39m tests/pipeline/engine.test.ts[2m > [22mGuard functions[2m > [22mrequirePublisherPass[2m > [22mpasses when publisher-pass.md artifact exists[32m 87[2mms[22m[39m
stderr | tests/llm/provider-copilot.test.ts > CopilotProvider > chat ΓÇö error handling > throws on 429 rate limit
[copilot] Retrying (3/3) after 429: Rate limit exceeded

 [32mΓ£ô[39m tests/dashboard/traces.test.ts[2m > [22mTrace page ΓÇö filtering & data attributes[2m > [22mrenders filter bar for multiple traces[32m 81[2mms[22m[39m
 [32mΓ£ô[39m tests/dashboard/config.test.ts[2m > [22mConfig Viewer Page[2m > [22mschedules tab shows schedule management form and existing schedules[32m 126[2mms[22m[39m
(node:24228) ExperimentalWarning: SQLite is an experimental feature and might change at any time
(Use `node --trace-warnings ...` to show where the warning was created)
 [32mΓ£ô[39m tests/mcp/server.test.ts[2m > [22mMCP Server[2m > [22mpipeline_drift[2m > [22mreports no drift when artifacts match[32m 88[2mms[22m[39m
 [32mΓ£ô[39m tests/dashboard/settings-routes.test.ts[2m > [22mSettings API Routes[2m > [22marticle schedule settings routes[2m > [22mcreates a schedule from the config form[32m 112[2mms[22m[39m
 [32mΓ£ô[39m tests/dashboard/publish.test.ts[2m > [22mPublish Workflow[2m > [22mPOST /api/articles/:id/draft[2m > [22mconverts cleaned markdown via ProseMirror and creates draft[32m 101[2mms[22m[39m
 [32mΓ£ô[39m tests/pipeline/actions.test.ts[2m > [22mSTAGE_ACTIONS[2m > [22mrunDiscussion[2m > [22mfalls back to single-moderator when composition cannot be parsed[32m 161[2mms[22m[39m
 [32mΓ£ô[39m tests/e2e/live-server.test.ts[2m > [22mLive Server E2E[2m > [22msupports end-to-end login before accessing protected routes[32m 18[2mms[22m[39m
 [32mΓ£ô[39m tests/e2e/live-server.test.ts[2m > [22mLive Server E2E[2m > [22mGET / returns 200 with dashboard HTML[32m 5[2mms[22m[39m
 [32mΓ£ô[39m tests/e2e/live-server.test.ts[2m > [22mLive Server E2E[2m > [22mPOST /api/ideas creates article + idea.md[32m 8[2mms[22m[39m
 [32mΓ£ô[39m tests/e2e/live-server.test.ts[2m > [22mLive Server E2E[2m > [22mPOST /api/articles creates article + idea.md[32m 4[2mms[22m[39m
 [32mΓ£ô[39m tests/e2e/live-server.test.ts[2m > [22mLive Server E2E[2m > [22mPOST /htmx/articles/:id/advance succeeds after idea creation[32m 9[2mms[22m[39m
 [32mΓ£ô[39m tests/e2e/live-server.test.ts[2m > [22mLive Server E2E[2m > [22mPOST /htmx/articles/:id/advance returns 404 for unknown article[32m 1[2mms[22m[39m
 [32mΓ£ô[39m tests/e2e/live-server.test.ts[2m > [22mLive Server E2E[2m > [22mPOST /api/articles/:id/advance works for stage 1ΓåÆ2[32m 9[2mms[22m[39m
 [32mΓ£ô[39m tests/e2e/live-server.test.ts[2m > [22mLive Server E2E[2m > [22mGET /articles/:id renders article detail page[32m 3[2mms[22m[39m
 [32mΓ£ô[39m tests/e2e/live-server.test.ts[2m > [22mLive Server E2E[2m > [22mGET /articles/:id returns 404 for unknown article[32m 1[2mms[22m[39m
 [32mΓ£ô[39m tests/e2e/live-server.test.ts[2m > [22mLive Server E2E[2m > [22mGET /api/articles returns all created articles[32m 1[2mms[22m[39m
 [32mΓ£ô[39m tests/e2e/live-server.test.ts[2m > [22mLive Server E2E[2m > [22mGET /ideas/new returns the full idea form[32m 2[2mms[22m[39m
 [32mΓ£ô[39m tests/e2e/live-server.test.ts[2m > [22mLive Server E2E[2m > [22mPOST /api/ideas rejects missing prompt[32m 0[2mms[22m[39m
 [32mΓ£ô[39m tests/e2e/live-server.test.ts[2m > [22mLive Server E2E[2m > [22mPOST /api/ideas rejects empty body[32m 0[2mms[22m[39m
 [32mΓ£ô[39m tests/e2e/live-server.test.ts[2m > [22mLive Server E2E[2m > [22mPOST /api/articles rejects duplicate id[32m 4[2mms[22m[39m
 [32mΓ£ô[39m tests/e2e/live-server.test.ts[2m > [22mLive Server E2E[2m > [22mGET /htmx/ready-to-publish returns HTML partial[32m 1[2mms[22m[39m
 [32mΓ£ô[39m tests/e2e/live-server.test.ts[2m > [22mLive Server E2E[2m > [22mGET /htmx/recent-ideas returns HTML partial[32m 1[2mms[22m[39m
 [32mΓ£ô[39m tests/e2e/live-server.test.ts[2m > [22mLive Server E2E[2m > [22mGET /htmx/pipeline-summary returns HTML partial[32m 1[2mms[22m[39m
 [32mΓ£ô[39m tests/e2e/live-server.test.ts[2m > [22mLive Server E2E[2m > [22mGET /htmx/published returns HTML partial[32m 0[2mms[22m[39m
 [32mΓ£ô[39m tests/pipeline/artifact-scanner.test.ts[2m > [22martifact-scanner[2m > [22minferStage[2m > [22mstage 6 APPROVED with images shows "Publisher pass" next[32m 51[2mms[22m[39m
 [32mΓ£ô[39m tests/pipeline/artifact-scanner.test.ts[2m > [22martifact-scanner[2m > [22minferStage[2m > [22mstage 6 APPROVED without images shows image generation needed[32m 20[2mms[22m[39m
 [32mΓ£ô[39m tests/pipeline/artifact-scanner.test.ts[2m > [22martifact-scanner[2m > [22mparseEditorVerdict[2m > [22mparses bold verdict **APPROVED**[32m 12[2mms[22m[39m
 [32mΓ£ô[39m tests/pipeline/artifact-scanner.test.ts[2m > [22martifact-scanner[2m > [22mparseEditorVerdict[2m > [22mparses "Final Verdict: APPROVED"[32m 11[2mms[22m[39m
 [32mΓ£ô[39m tests/pipeline/artifact-scanner.test.ts[2m > [22martifact-scanner[2m > [22mparseEditorVerdict[2m > [22mparses "Overall Assessment: REVISE"[32m 9[2mms[22m[39m
 [32mΓ£ô[39m tests/pipeline/artifact-scanner.test.ts[2m > [22martifact-scanner[2m > [22mparseEditorVerdict[2m > [22mparses emoji-prefixed verdict on its own line[32m 8[2mms[22m[39m
 [32mΓ£ô[39m tests/agents/runner.test.ts[2m > [22mAgentRunner[2m > [22mcomposeSystemPrompt[2m > [22momits empty sections gracefully[32m 68[2mms[22m[39m
 [32mΓ£ô[39m tests/agents/runner.test.ts[2m > [22mAgentRunner[2m > [22mcomposeSystemPrompt[2m > [22morders sections: identity, responsibilities, skills, memories, boundaries[32m 43[2mms[22m[39m
 [32mΓ£ô[39m tests/dashboard/metadata-edit.test.ts[2m > [22mDashboard article metadata editing[2m > [22mPATCH /api/articles/:id[2m > [22mrejects unknown fields (id/slug immutability)[32m 85[2mms[22m[39m
 [32mΓ£ô[39m tests/db/repository.test.ts[2m > [22mRepository[2m > [22mnotes[2m > [22mrecords standalone note without article[32m 97[2mms[22m[39m
 [32mΓ£ô[39m tests/db/repository.test.ts[2m > [22mRepository[2m > [22mnotes[2m > [22mrecords note with all fields[32m 77[2mms[22m[39m
 [32mΓ£ô[39m tests/pipeline/writer-preflight.test.ts[2m > [22mwriter preflight[2m > [22mbuilds a short checklist focused on top blockers[32m 1[2mms[22m[39m
 [32mΓ£ô[39m tests/pipeline/writer-preflight.test.ts[2m > [22mwriter preflight[2m > [22mdowngrades unsupported name variants against supplied artifacts to warnings[32m 6[2mms[22m[39m
 [32mΓ£ô[39m tests/pipeline/writer-preflight.test.ts[2m > [22mwriter preflight[2m > [22mignores NFL Lab team branding phrases when extracting supported names[32m 1[2mms[22m[39m
 [32mΓ£ô[39m tests/pipeline/writer-preflight.test.ts[2m > [22mwriter preflight[2m > [22mflags unsupported precise claims as advisory, allows supported local claims through[32m 2[2mms[22m[39m
 [32mΓ£ô[39m tests/pipeline/writer-preflight.test.ts[2m > [22mwriter preflight[2m > [22mflags placeholder leakage and can render a bounded artifact summary[32m 1[2mms[22m[39m
 [32mΓ£ô[39m tests/pipeline/writer-preflight.test.ts[2m > [22mwriter preflight[2m > [22mdoes not flag panel-agreement historical framing as an unsupported date claim[32m 0[2mms[22m[39m
 [32mΓ£ô[39m tests/pipeline/writer-preflight.test.ts[2m > [22mwriter preflight[2m > [22mignores byline boilerplate when checking supported contract claims[32m 2[2mms[22m[39m
 [32mΓ£ô[39m tests/pipeline/writer-preflight.test.ts[2m > [22mwriter preflight[2m > [22mdoes not flag generic historical season framing as an unsupported date claim[32m 0[2mms[22m[39m
 [32mΓ£ô[39m tests/pipeline/writer-preflight.test.ts[2m > [22mwriter preflight[2m > [22maccepts paraphrased supported timeline claims with the same dated event details[32m 1[2mms[22m[39m
 [32mΓ£ô[39m tests/pipeline/writer-preflight.test.ts[2m > [22mwriter preflight[2m > [22mclassifies unsourced contract claims as advisory, not blocking[32m 1[2mms[22m[39m
 [32mΓ£ô[39m tests/pipeline/writer-preflight.test.ts[2m > [22mwriter preflight[2m > [22mkeeps placeholder leakage as blocking even though claims are advisory[32m 0[2mms[22m[39m
 [32mΓ£ô[39m tests/pipeline/writer-preflight.test.ts[2m > [22mwriter preflight[2m > [22mdoes not extract role titles like "Defense Analyst" as player names[32m 0[2mms[22m[39m
 [32mΓ£ô[39m tests/pipeline/writer-preflight.test.ts[2m > [22mwriter preflight[2m > [22mmatches fuzzy support when source contains "trade" keyword[32m 0[2mms[22m[39m
 [32mΓ£ô[39m tests/pipeline/writer-preflight.test.ts[2m > [22mwriter preflight[2m > [22mincludes advisory issues section in the preflight artifact[32m 0[2mms[22m[39m
 [32mΓ£ô[39m tests/pipeline/engine.test.ts[2m > [22mGuard functions[2m > [22mrequireSubstackUrl[2m > [22mfails when article does not exist[32m 102[2mms[22m[39m
 [32mΓ£ô[39m tests/pipeline/engine.test.ts[2m > [22mGuard functions[2m > [22mrequireSubstackUrl[2m > [22mfails when substack_url is null[32m 82[2mms[22m[39m
 [32mΓ£ô[39m tests/dashboard/traces.test.ts[2m > [22mTrace page ΓÇö filtering & data attributes[2m > [22momits filter bar for single trace[32m 81[2mms[22m[39m
 [32mΓ£ô[39m tests/dashboard/traces.test.ts[2m > [22mTrace page ΓÇö filtering & data attributes[2m > [22mrenders stage dividers between stage groups[32m 80[2mms[22m[39m
 [32mΓ£ô[39m tests/dashboard/settings-routes.test.ts[2m > [22mSettings API Routes[2m > [22marticle schedule settings routes[2m > [22mupdates a schedule from the config form[32m 113[2mms[22m[39m
 [32mΓ£ô[39m tests/dashboard/server.test.ts[2m > [22mDashboard Server[2m > [22mHTML pages[2m > [22marticle detail usage panel keeps older copilot-cli usage after many later events[32m 204[2mms[22m[39m
 [32mΓ£ô[39m tests/dashboard/server.test.ts[2m > [22mDashboard Server[2m > [22mHTML pages[2m > [22marticle detail renders revision history from persisted conversations[32m 78[2mms[22m[39m
 [32mΓ£ô[39m tests/migration/migrate.test.ts[2m > [22mmigrate[2m > [22mrefreshes only the allowlisted core prompts after migration[33m 582[2mms[22m[39m
 [32mΓ£ô[39m tests/mcp/server.test.ts[2m > [22mMCP Server[2m > [22mpipeline_drift[2m > [22mtreats article-contract.md as a required stage-4 artifact[32m 109[2mms[22m[39m
 [32mΓ£ô[39m tests/mcp/server.test.ts[2m > [22mMCP Server[2m > [22mpipeline_drift[2m > [22mchecks all articles when no article_id given[32m 66[2mms[22m[39m
 [32mΓ£ô[39m tests/agents/runner.test.ts[2m > [22mAgentRunner[2m > [22mcomposeSystemPrompt[2m > [22mincludes roster context when provided[32m 34[2mms[22m[39m
 [32mΓ£ô[39m tests/agents/runner.test.ts[2m > [22mAgentRunner[2m > [22mcomposeSystemPrompt[2m > [22momits roster section when not provided[32m 35[2mms[22m[39m
 [32mΓ£ô[39m tests/agents/runner.test.ts[2m > [22mAgentRunner[2m > [22mrun[2m > [22mintegrates gateway and memory for a basic run[32m 34[2mms[22m[39m
 [32mΓ£ô[39m tests/pipeline/artifact-scanner.test.ts[2m > [22martifact-scanner[2m > [22mparseEditorVerdict[2m > [22mparses hash-prefixed emoji verdict[32m 10[2mms[22m[39m
 [32mΓ£ô[39m tests/pipeline/artifact-scanner.test.ts[2m > [22martifact-scanner[2m > [22mparseEditorVerdict[2m > [22mreturns null for no review files[32m 15[2mms[22m[39m
 [32mΓ£ô[39m tests/pipeline/artifact-scanner.test.ts[2m > [22martifact-scanner[2m > [22mparseEditorVerdict[2m > [22mreturns null verdict if no pattern matches[32m 15[2mms[22m[39m
 [32mΓ£ô[39m tests/pipeline/artifact-scanner.test.ts[2m > [22martifact-scanner[2m > [22mparseEditorVerdict[2m > [22mcounts error/suggestion/note indicators[32m 9[2mms[22m[39m
 [32mΓ£ô[39m tests/pipeline/artifact-scanner.test.ts[2m > [22martifact-scanner[2m > [22mparseEditorVerdict[2m > [22mselects the highest-numbered review file[32m 9[2mms[22m[39m
 [32mΓ£ô[39m tests/pipeline/artifact-scanner.test.ts[2m > [22martifact-scanner[2m > [22mhelper functions[2m > [22mhasFile returns true for existing file[32m 8[2mms[22m[39m
 [32mΓ£ô[39m tests/pipeline/artifact-scanner.test.ts[2m > [22martifact-scanner[2m > [22mhelper functions[2m > [22mhasAnyFile matches regex patterns[32m 11[2mms[22m[39m
 [32mΓ£ô[39m tests/pipeline/artifact-scanner.test.ts[2m > [22martifact-scanner[2m > [22mhelper functions[2m > [22mhasPanelOutputs requires ΓëÑ2 position files[32m 18[2mms[22m[39m
 [32mΓ£ô[39m tests/pipeline/artifact-scanner.test.ts[2m > [22martifact-scanner[2m > [22mhelper functions[2m > [22mhasPublisherPass detects publisher-pass.md[32m 8[2mms[22m[39m
 [32mΓ£ô[39m tests/llm/provider-mock.test.ts[2m > [22mMockProvider[2m > [22mdefault stage responses[2m > [22mreturns publisher pass for runPublisherPass context[33m 416[2mms[22m[39m
 [32mΓ£ô[39m tests/dashboard/sse.test.ts[2m > [22mEventBus[2m > [22mdelivers events to a subscriber[32m 2[2mms[22m[39m
 [32mΓ£ô[39m tests/dashboard/sse.test.ts[2m > [22mEventBus[2m > [22mdelivers events to multiple subscribers[32m 0[2mms[22m[39m
 [32mΓ£ô[39m tests/dashboard/sse.test.ts[2m > [22mEventBus[2m > [22munsubscribe removes the listener[32m 0[2mms[22m[39m
 [32mΓ£ô[39m tests/dashboard/sse.test.ts[2m > [22mEventBus[2m > [22msubscriberCount tracks active connections[32m 0[2mms[22m[39m
 [32mΓ£ô[39m tests/dashboard/sse.test.ts[2m > [22mEventBus[2m > [22memitting with no subscribers does not throw[32m 1[2mms[22m[39m
 [32mΓ£ô[39m tests/dashboard/sse.test.ts[2m > [22mEventBus[2m > [22mdouble-unsubscribe is safe[32m 0[2mms[22m[39m
 [32mΓ£ô[39m tests/dashboard/sse.test.ts[2m > [22mformatSSE[2m > [22mproduces spec-compliant SSE message[32m 0[2mms[22m[39m
 [32mΓ£ô[39m tests/dashboard/sse.test.ts[2m > [22mformatSSE[2m > [22mformats different event types[32m 0[2mms[22m[39m
 [32mΓ£ô[39m tests/dashboard/sse.test.ts[2m > [22msseHandler[2m > [22mreturns response with correct SSE headers[32m 4[2mms[22m[39m
 [32mΓ£ô[39m tests/dashboard/sse.test.ts[2m > [22msseHandler[2m > [22mstreams emitted events to the response body[32m 1[2mms[22m[39m
 [32mΓ£ô[39m tests/dashboard/sse.test.ts[2m > [22msseHandler[2m > [22msubscribes on connect and unsubscribes on abort[32m 22[2mms[22m[39m
 [32mΓ£ô[39m tests/dashboard/sse.test.ts[2m > [22msseHandler[2m > [22mhandles multiple concurrent SSE connections[32m 1[2mms[22m[39m
 [32mΓ£ô[39m tests/dashboard/sse.test.ts[2m > [22mregisterSSE[2m > [22mregisters /events route on the app[32m 0[2mms[22m[39m
 [32mΓ£ô[39m tests/dashboard/publish.test.ts[2m > [22mPublish Workflow[2m > [22mPOST /api/articles/:id/draft[2m > [22mupdates an existing linked Substack draft instead of creating a new one[32m 103[2mms[22m[39m
 [32mΓ£ô[39m tests/dashboard/publish.test.ts[2m > [22mPublish Workflow[2m > [22mPOST /api/articles/:id/draft[2m > [22mreturns error when no markdown found[32m 67[2mms[22m[39m
 [32mΓ£ô[39m tests/pipeline/roster-context.test.ts[2m > [22mroster-context[2m > [22mbuildTeamRosterContext[2m > [22mreturns formatted roster context with official roster + snap data[32m 6[2mms[22m[39m
 [32mΓ£ô[39m tests/pipeline/roster-context.test.ts[2m > [22mroster-context[2m > [22mbuildTeamRosterContext[2m > [22mincludes backup players that have zero snaps[32m 3[2mms[22m[39m
 [32mΓ£ô[39m tests/pipeline/roster-context.test.ts[2m > [22mroster-context[2m > [22mbuildTeamRosterContext[2m > [22mannotates starters with snap percentages[32m 2[2mms[22m[39m
 [32mΓ£ô[39m tests/pipeline/roster-context.test.ts[2m > [22mroster-context[2m > [22mbuildTeamRosterContext[2m > [22mincludes special teams players[32m 2[2mms[22m[39m
 [32mΓ£ô[39m tests/pipeline/roster-context.test.ts[2m > [22mroster-context[2m > [22mbuildTeamRosterContext[2m > [22mshows data freshness caveat[32m 2[2mms[22m[39m
 [32mΓ£ô[39m tests/pipeline/roster-context.test.ts[2m > [22mroster-context[2m > [22mbuildTeamRosterContext[2m > [22mreturns null when no data available[32m 1[2mms[22m[39m
 [32mΓ£ô[39m tests/pipeline/roster-context.test.ts[2m > [22mroster-context[2m > [22mbuildTeamRosterContext[2m > [22muppercases team abbreviation[32m 2[2mms[22m[39m
 [32mΓ£ô[39m tests/pipeline/roster-context.test.ts[2m > [22mroster-context[2m > [22mbuildTeamRosterContext[2m > [22mfalls back to snap-only format when roster query fails[32m 1[2mms[22m[39m
 [32mΓ£ô[39m tests/pipeline/roster-context.test.ts[2m > [22mroster-context[2m > [22mbuildTeamRosterContext[2m > [22mgroups by position in expected order[32m 2[2mms[22m[39m
 [32mΓ£ô[39m tests/pipeline/roster-context.test.ts[2m > [22mroster-context[2m > [22mensureRosterContext[2m > [22mreturns cached artifact if available[32m 1[2mms[22m[39m
 [32mΓ£ô[39m tests/pipeline/roster-context.test.ts[2m > [22mroster-context[2m > [22mensureRosterContext[2m > [22mbuilds and stores context when not cached[32m 2[2mms[22m[39m
 [32mΓ£ô[39m tests/pipeline/roster-context.test.ts[2m > [22mroster-context[2m > [22mensureRosterContext[2m > [22mforce-refreshes even when cached[32m 2[2mms[22m[39m
 [32mΓ£ô[39m tests/pipeline/roster-context.test.ts[2m > [22mroster-context[2m > [22mensureRosterContext[2m > [22mreturns null when data unavailable[32m 1[2mms[22m[39m
 [32mΓ£ô[39m tests/pipeline/roster-context.test.ts[2m > [22mroster-context[2m > [22mgetRosterArtifactAgeDays[2m > [22mreturns Infinity when artifact does not exist[32m 0[2mms[22m[39m
 [32mΓ£ô[39m tests/pipeline/roster-context.test.ts[2m > [22mroster-context[2m > [22mgetRosterArtifactAgeDays[2m > [22mreturns 0 when artifact exists but no getMeta[32m 0[2mms[22m[39m
 [32mΓ£ô[39m tests/pipeline/roster-context.test.ts[2m > [22mroster-context[2m > [22mgetRosterArtifactAgeDays[2m > [22muses getMeta for actual age when available[32m 0[2mms[22m[39m
 [32mΓ£ô[39m tests/pipeline/roster-context.test.ts[2m > [22mroster-context[2m > [22mvalidatePlayerMentions[2m > [22mconfirms players found on team roster[32m 2[2mms[22m[39m
 [32mΓ£ô[39m tests/pipeline/roster-context.test.ts[2m > [22mroster-context[2m > [22mvalidatePlayerMentions[2m > [22mflags player on wrong team[32m 1[2mms[22m[39m
 [32mΓ£ô[39m tests/pipeline/roster-context.test.ts[2m > [22mroster-context[2m > [22mvalidatePlayerMentions[2m > [22mflags not-found player as not_found[32m 1[2mms[22m[39m
 [32mΓ£ô[39m tests/pipeline/roster-context.test.ts[2m > [22mroster-context[2m > [22mvalidatePlayerMentions[2m > [22mreturns empty when no roster data available[32m 1[2mms[22m[39m
 [32mΓ£ô[39m tests/pipeline/roster-context.test.ts[2m > [22mroster-context[2m > [22mvalidatePlayerMentions[2m > [22mdetects position-annotated player names[32m 0[2mms[22m[39m
 [32mΓ£ô[39m tests/pipeline/roster-context.test.ts[2m > [22mroster-context[2m > [22mbootstrapRosterKnowledge[2m > [22mstores roster summaries for each team and agent[32m 4[2mms[22m[39m
 [32mΓ£ô[39m tests/pipeline/roster-context.test.ts[2m > [22mroster-context[2m > [22mbootstrapRosterKnowledge[2m > [22mreturns 0 when no data available[32m 1[2mms[22m[39m
 [32mΓ£ô[39m tests/pipeline/actions.test.ts[2m > [22mSTAGE_ACTIONS[2m > [22mrunDiscussion[2m > [22mruns parallel panelists and synthesizes via moderator[32m 166[2mms[22m[39m
stderr | tests/llm/gateway.test.ts > LLMGateway > error handling > propagates provider error when no fallback
[gateway] Model "fail-model" failed: bad provider failed

stderr | tests/llm/gateway.test.ts > LLMGateway > fallback behavior > tries all candidates before failing
[gateway] Model "gpt-5-mini" failed: openai provider failed

stderr | tests/pipeline/actions.test.ts > STAGE_ACTIONS > runDiscussion > succeeds when one panelist fails but others succeed
[runDiscussion] Panelist 'badagent' failed: Agent charter not found: badagent

 [32mΓ£ô[39m tests/dashboard/traces.test.ts[2m > [22mTrace page ΓÇö standalone & adjacent navigation[2m > [22mrenders standalone page with sections[32m 67[2mms[22m[39m
 [32mΓ£ô[39m tests/dashboard/settings-routes.test.ts[2m > [22mSettings API Routes[2m > [22marticle schedule settings routes[2m > [22mpreserves next_run_at when schedule timing is unchanged[32m 90[2mms[22m[39m
 [32mΓ£ô[39m tests/pipeline/engine.test.ts[2m > [22mGuard functions[2m > [22mrequireSubstackUrl[2m > [22mpasses when substack_url is set[32m 85[2mms[22m[39m
 [32mΓ£ô[39m tests/pipeline/engine.test.ts[2m > [22mTRANSITION_MAP[2m > [22mhas 7 transitions (stages 1ΓåÆ2 through 7ΓåÆ8)[32m 1[2mms[22m[39m
 [32mΓ£ô[39m tests/pipeline/engine.test.ts[2m > [22mTRANSITION_MAP[2m > [22mcovers all consecutive stage pairs[32m 1[2mms[22m[39m
 [32mΓ£ô[39m tests/dashboard/metadata-edit.test.ts[2m > [22mDashboard article metadata editing[2m > [22mHTMX inline metadata partials[2m > [22mGET /htmx/articles/:id/meta returns display partial[32m 83[2mms[22m[39m
 [32mΓ£ô[39m tests/dashboard/metadata-edit.test.ts[2m > [22mDashboard article metadata editing[2m > [22mHTMX inline metadata partials[2m > [22mPOST /htmx/articles/:id/edit-meta saves and returns updated display partial[32m 78[2mms[22m[39m
 [32mΓ£ô[39m tests/dashboard/server.test.ts[2m > [22mDashboard Server[2m > [22mHTML pages[2m > [22marticle detail links to trace views while trace pages surface llm details[32m 76[2mms[22m[39m
 [32mΓ£ô[39m tests/pipeline/artifact-scanner.test.ts[2m > [22martifact-scanner[2m > [22mhelper functions[2m > [22mhasDiscussionSummary detects both filenames[32m 13[2mms[22m[39m
 [32mΓ£ô[39m tests/pipeline/artifact-scanner.test.ts[2m > [22martifact-scanner[2m > [22mhelper functions[2m > [22mcountImages counts png/jpg/webp in article dir[32m 45[2mms[22m[39m
 [32mΓ£ô[39m tests/pipeline/artifact-scanner.test.ts[2m > [22martifact-scanner[2m > [22mhelper functions[2m > [22mcountImages includes sibling images dir[32m 9[2mms[22m[39m
 [32mΓ£ô[39m tests/pipeline/artifact-scanner.test.ts[2m > [22martifact-scanner[2m > [22mhelper functions[2m > [22minferDiscussionPath prefers summary over synthesis[32m 8[2mms[22m[39m
 [32mΓ£ô[39m tests/pipeline/artifact-scanner.test.ts[2m > [22martifact-scanner[2m > [22mhelper functions[2m > [22minferDiscussionPath returns null when neither exists[32m 5[2mms[22m[39m
 [32mΓ£ô[39m tests/pipeline/artifact-scanner.test.ts[2m > [22martifact-scanner[2m > [22mhelper functions[2m > [22minferArticlePath prefers draft.md over flat file[32m 4[2mms[22m[39m
 [32mΓ£ô[39m tests/pipeline/artifact-scanner.test.ts[2m > [22martifact-scanner[2m > [22mhelper functions[2m > [22minferArticlePath falls back to flat file[32m 5[2mms[22m[39m
 [32mΓ£ô[39m tests/pipeline/artifact-scanner.test.ts[2m > [22martifact-scanner[2m > [22mscanArticles[2m > [22mscans multiple article directories[32m 15[2mms[22m[39m
 [32mΓ£ô[39m tests/mcp/server.test.ts[2m > [22mMCP Server[2m > [22mpipeline_drift[2m > [22mreturns error for nonexistent article[32m 67[2mms[22m[39m
 [32mΓ£ô[39m tests/agents/runner.test.ts[2m > [22mAgentRunner[2m > [22mrun[2m > [22mdoes not inject stored memories at runtime (injection disabled)[32m 32[2mms[22m[39m
 [32mΓ£ô[39m tests/agents/runner.test.ts[2m > [22mAgentRunner[2m > [22mrun[2m > [22mdoes not touch stored memories when injection is disabled[32m 82[2mms[22m[39m
 [32mΓ£ô[39m tests/db/repository.test.ts[2m > [22mRepository[2m > [22mnotes[2m > [22mrejects invalid note type[32m 58[2mms[22m[39m
 [32mΓ£ô[39m tests/db/repository.test.ts[2m > [22mRepository[2m > [22mnotes[2m > [22mrejects invalid target[32m 92[2mms[22m[39m
 [32mΓ£ô[39m tests/config/bootstrap.test.ts[2m > [22mBootstrap init[2m > [22mrefreshCorePromptDefaults[2m > [22moverwrites only the allowlisted core runtime prompts[33m 494[2mms[22m[39m
stderr | tests/llm/gateway.test.ts > LLMGateway > fallback behavior > tries all candidates before failing
[gateway] Model "gpt-5" failed: openai provider failed

 [32mΓ£ô[39m tests/pipeline/article-scheduler-service.test.ts[2m > [22marticle scheduler service utilities[2m > [22mcomputes next Tuesday slot from Monday[32m 2[2mms[22m[39m
 [32mΓ£ô[39m tests/pipeline/article-scheduler-service.test.ts[2m > [22marticle scheduler service utilities[2m > [22mrolls forward a week when the same-day slot has passed[32m 0[2mms[22m[39m
 [32mΓ£ô[39m tests/pipeline/article-scheduler-service.test.ts[2m > [22marticle scheduler service utilities[2m > [22mparses ranked discovery JSON and preserves the selected candidate[32m 2[2mms[22m[39m
 [32mΓ£ô[39m tests/pipeline/article-scheduler-service.test.ts[2m > [22marticle scheduler service utilities[2m > [22mrejects discovery output without valid candidates[32m 1[2mms[22m[39m
 [32mΓ£ô[39m tests/pipeline/article-scheduler-service.test.ts[2m > [22mArticleSchedulerService[2m > [22mruns a mocked schedule tick end to end with preset-driven controls[32m 95[2mms[22m[39m
 [32mΓ£ô[39m tests/llm/gateway.test.ts[2m > [22mLLMGateway[2m > [22mprovider management[2m > [22mregisters and retrieves a provider[32m 1[2mms[22m[39m
 [32mΓ£ô[39m tests/llm/gateway.test.ts[2m > [22mLLMGateway[2m > [22mprovider management[2m > [22mremoves a provider[32m 0[2mms[22m[39m
 [32mΓ£ô[39m tests/llm/gateway.test.ts[2m > [22mLLMGateway[2m > [22mprovider management[2m > [22maccepts providers via constructor[32m 0[2mms[22m[39m
 [32mΓ£ô[39m tests/llm/gateway.test.ts[2m > [22mLLMGateway[2m > [22mprovider management[2m > [22mlists registered providers in insertion order[32m 1[2mms[22m[39m
 [32mΓ£ô[39m tests/llm/gateway.test.ts[2m > [22mLLMGateway[2m > [22mprovider management[2m > [22mreturns undefined for unknown provider[32m 0[2mms[22m[39m
 [32mΓ£ô[39m tests/llm/gateway.test.ts[2m > [22mLLMGateway[2m > [22mrouting[2m > [22mroutes to the correct provider based on model[32m 0[2mms[22m[39m
 [32mΓ£ô[39m tests/llm/gateway.test.ts[2m > [22mLLMGateway[2m > [22mrouting[2m > [22mroutes via model policy with stageKey[32m 1[2mms[22m[39m
 [32mΓ£ô[39m tests/llm/gateway.test.ts[2m > [22mLLMGateway[2m > [22mrouting[2m > [22mroutes via model policy with taskFamily[32m 0[2mms[22m[39m
 [32mΓ£ô[39m tests/llm/gateway.test.ts[2m > [22mLLMGateway[2m > [22mrouting[2m > [22mroutes to an explicitly requested provider[32m 1[2mms[22m[39m
 [32mΓ£ô[39m tests/llm/gateway.test.ts[2m > [22mLLMGateway[2m > [22mStubProvider[2m > [22mreturns canned response when message matches[32m 1[2mms[22m[39m
 [32mΓ£ô[39m tests/llm/gateway.test.ts[2m > [22mLLMGateway[2m > [22mStubProvider[2m > [22mreturns default response for unmatched messages[32m 0[2mms[22m[39m
 [32mΓ£ô[39m tests/llm/gateway.test.ts[2m > [22mLLMGateway[2m > [22mStubProvider[2m > [22mhandles messages with no user message[32m 0[2mms[22m[39m
 [32mΓ£ô[39m tests/llm/gateway.test.ts[2m > [22mLLMGateway[2m > [22mStubProvider[2m > [22msupports all models[32m 0[2mms[22m[39m
 [32mΓ£ô[39m tests/llm/gateway.test.ts[2m > [22mLLMGateway[2m > [22mStubProvider[2m > [22muses request model in response[32m 0[2mms[22m[39m
 [32mΓ£ô[39m tests/llm/gateway.test.ts[2m > [22mLLMGateway[2m > [22mchatStructured[2m > [22mparses valid JSON matching schema[32m 4[2mms[22m[39m
 [32mΓ£ô[39m tests/llm/gateway.test.ts[2m > [22mLLMGateway[2m > [22mchatStructured[2m > [22mthrows StructuredOutputError on invalid JSON[32m 2[2mms[22m[39m
 [32mΓ£ô[39m tests/llm/gateway.test.ts[2m > [22mLLMGateway[2m > [22mchatStructured[2m > [22mpasses the derived JSON schema to providers[32m 2[2mms[22m[39m
 [32mΓ£ô[39m tests/llm/gateway.test.ts[2m > [22mLLMGateway[2m > [22mchatStructured[2m > [22mparses JSON wrapped in qwen think tags and code fences[32m 1[2mms[22m[39m
 [32mΓ£ô[39m tests/llm/gateway.test.ts[2m > [22mLLMGateway[2m > [22mchatStructured[2m > [22mparses the first balanced JSON object from mixed-content responses[32m 1[2mms[22m[39m
 [32mΓ£ô[39m tests/llm/gateway.test.ts[2m > [22mLLMGateway[2m > [22mchatStructured[2m > [22mthrows StructuredOutputError on schema mismatch[32m 1[2mms[22m[39m
 [32mΓ£ô[39m tests/llm/gateway.test.ts[2m > [22mLLMGateway[2m > [22mchatStructured[2m > [22msets responseFormat to json on the inner request[32m 3[2mms[22m[39m
 [32mΓ£ô[39m tests/llm/gateway.test.ts[2m > [22mLLMGateway[2m > [22mchatStructured[2m > [22mkeeps LM Studio structured calls in json_schema mode[32m 5[2mms[22m[39m
 [32mΓ£ô[39m tests/llm/gateway.test.ts[2m > [22mLLMGateway[2m > [22merror handling[2m > [22mthrows NoProviderError when no provider supports model[32m 1[2mms[22m[39m
 [32mΓ£ô[39m tests/llm/gateway.test.ts[2m > [22mLLMGateway[2m > [22merror handling[2m > [22mthrows GatewayError when no model and no context[32m 1[2mms[22m[39m
 [32mΓ£ô[39m tests/llm/gateway.test.ts[2m > [22mLLMGateway[2m > [22merror handling[2m > [22mpropagates provider error when no fallback[32m 2[2mms[22m[39m
 [32mΓ£ô[39m tests/llm/gateway.test.ts[2m > [22mLLMGateway[2m > [22mfallback behavior[2m > [22mfalls back to next candidate when first provider fails[32m 0[2mms[22m[39m
 [32mΓ£ô[39m tests/llm/gateway.test.ts[2m > [22mLLMGateway[2m > [22mfallback behavior[2m > [22mtries all candidates before failing[32m 1[2mms[22m[39m
 [32mΓ£ô[39m tests/llm/gateway.test.ts[2m > [22mLLMGateway[2m > [22mfallback behavior[2m > [22mskips candidates with no matching provider[32m 0[2mms[22m[39m
 [32mΓ£ô[39m tests/llm/gateway.test.ts[2m > [22mLLMGateway[2m > [22mmodel policy integration[2m > [22mpasses resolved model to provider[32m 1[2mms[22m[39m
 [32mΓ£ô[39m tests/llm/gateway.test.ts[2m > [22mLLMGateway[2m > [22mmodel policy integration[2m > [22mresolves panel stage with depth level[32m 1[2mms[22m[39m
 [32mΓ£ô[39m tests/dashboard/metadata-edit.test.ts[2m > [22mDashboard article metadata editing[2m > [22mHTMX inline metadata partials[2m > [22mPOST /htmx/articles/:id/edit-meta returns a 400 partial for invalid panel constraints JSON[32m 120[2mms[22m[39m
 [32mΓ£ô[39m tests/mcp/server.test.ts[2m > [22mMCP Server[2m > [22merror handling[2m > [22mreturns error for unknown tool name[32m 113[2mms[22m[39m
 [32mΓ£ô[39m tests/migration/migrate.test.ts[2m > [22mmigrate[2m > [22mhistory.md conversion creates memory entries[33m 462[2mms[22m[39m
 [32mΓ£ô[39m tests/dashboard/traces.test.ts[2m > [22mTrace page ΓÇö standalone & adjacent navigation[2m > [22mshows prev/next links for middle trace[32m 123[2mms[22m[39m
 [32mΓ£ô[39m tests/dashboard/traces.test.ts[2m > [22mTrace page ΓÇö standalone & adjacent navigation[2m > [22mgetAdjacentTraces returns correct prev/next IDs[32m 63[2mms[22m[39m
 [32mΓ£ô[39m tests/dashboard/publish.test.ts[2m > [22mPublish Workflow[2m > [22mPOST /api/articles/:id/draft[2m > [22mreturns error when SubstackService not configured[32m 104[2mms[22m[39m
 [32mΓ£ô[39m tests/dashboard/publish.test.ts[2m > [22mPublish Workflow[2m > [22mPOST /api/articles/:id/draft[2m > [22mreturns error when SubstackService throws[32m 67[2mms[22m[39m
 [32mΓ£ô[39m tests/pipeline/actions.test.ts[2m > [22mSTAGE_ACTIONS[2m > [22mrunDiscussion[2m > [22msucceeds when one panelist fails but others succeed[32m 176[2mms[22m[39m
 [32mΓ£ô[39m tests/pipeline/artifact-scanner.test.ts[2m > [22martifact-scanner[2m > [22mscanArticles[2m > [22moverrides stage to 8 when DB says published[32m 7[2mms[22m[39m
 [32mΓ£ô[39m tests/pipeline/artifact-scanner.test.ts[2m > [22martifact-scanner[2m > [22mscanArticles[2m > [22mhandles empty articles directory[32m 7[2mms[22m[39m
 [32mΓ£ô[39m tests/pipeline/artifact-scanner.test.ts[2m > [22martifact-scanner[2m > [22mscanArticles[2m > [22mhandles non-existent articles directory[32m 4[2mms[22m[39m
 [32mΓ£ô[39m tests/pipeline/artifact-scanner.test.ts[2m > [22martifact-scanner[2m > [22mscanArticles[2m > [22mincludes legacy flat .md files[32m 5[2mms[22m[39m
 [32mΓ£ô[39m tests/pipeline/artifact-scanner.test.ts[2m > [22martifact-scanner[2m > [22mreconcile[2m > [22mdetects MISSING_DB_ROW when artifact dir has no DB entry[32m 8[2mms[22m[39m
 [32mΓ£ô[39m tests/pipeline/artifact-scanner.test.ts[2m > [22martifact-scanner[2m > [22mreconcile[2m > [22mdetects STAGE_DRIFT when artifact != DB stage[32m 7[2mms[22m[39m
 [32mΓ£ô[39m tests/pipeline/artifact-scanner.test.ts[2m > [22martifact-scanner[2m > [22mreconcile[2m > [22mdoes not flag published articles at stage 8 in DB[32m 8[2mms[22m[39m
 [32mΓ£ô[39m tests/pipeline/artifact-scanner.test.ts[2m > [22martifact-scanner[2m > [22mreconcile[2m > [22mdetects STATUS_DRIFT for stage 5+ not in_production[32m 8[2mms[22m[39m
 [32mΓ£ô[39m tests/pipeline/artifact-scanner.test.ts[2m > [22martifact-scanner[2m > [22mreconcile[2m > [22mdetects MISSING_EDITOR_REVIEW[32m 13[2mms[22m[39m
 [32mΓ£ô[39m tests/pipeline/artifact-scanner.test.ts[2m > [22martifact-scanner[2m > [22mreconcile[2m > [22mdetects PATH_MISSING for discussion_path[32m 21[2mms[22m[39m
 [32mΓ£ô[39m tests/pipeline/artifact-scanner.test.ts[2m > [22martifact-scanner[2m > [22mreconcile[2m > [22mdetects NO_ARTIFACTS for DB entries without local dirs[32m 8[2mms[22m[39m
 [32mΓ£ô[39m tests/pipeline/artifact-scanner.test.ts[2m > [22martifact-scanner[2m > [22mreconcile[2m > [22mskips NO_ARTIFACTS for stage-1 proposed articles[32m 2[2mms[22m[39m
 [32mΓ£ô[39m tests/pipeline/engine.test.ts[2m > [22mPipelineEngine[2m > [22mcanAdvance[2m > [22mallows 1ΓåÆ2 when idea.md exists[32m 118[2mms[22m[39m
 [32mΓ£ô[39m tests/pipeline/engine.test.ts[2m > [22mPipelineEngine[2m > [22mcanAdvance[2m > [22mblocks 1ΓåÆ2 when idea.md missing[32m 58[2mms[22m[39m
 [32mΓ£ô[39m tests/agents/runner.test.ts[2m > [22mAgentRunner[2m > [22mrun[2m > [22mdoes not call touch() on stored memories (injection disabled)[32m 30[2mms[22m[39m
 [32mΓ£ô[39m tests/agents/runner.test.ts[2m > [22mAgentRunner[2m > [22mrun[2m > [22mdoes not auto-store generic learning memories after successful run[32m 32[2mms[22m[39m
 [32mΓ£ô[39m tests/agents/runner.test.ts[2m > [22mAgentRunner[2m > [22mrun[2m > [22mdoes not auto-store article-scoped outputs as learning memories[32m 25[2mms[22m[39m
 [32mΓ£ô[39m tests/agents/runner.test.ts[2m > [22mAgentRunner[2m > [22mrun[2m > [22mthrows when charter is missing[32m 27[2mms[22m[39m
 [32mΓ£ô[39m tests/db/repository.test.ts[2m > [22mRepository[2m > [22mnotes[2m > [22mrejects nonexistent linked article[32m 75[2mms[22m[39m
 [32mΓ£ô[39m tests/db/repository.test.ts[2m > [22mRepository[2m > [22marticle runs[2m > [22mstarts and finishes article run[32m 61[2mms[22m[39m
 [32mΓ£ô[39m tests/dashboard/server.test.ts[2m > [22mDashboard Server[2m > [22mHTML pages[2m > [22marticle trace timeline page renders all traces for the article[32m 133[2mms[22m[39m
 [32mΓ£ô[39m tests/dashboard/server.test.ts[2m > [22mDashboard Server[2m > [22mHTML pages[2m > [22mstandalone trace page renders a failed unattached trace[32m 62[2mms[22m[39m
 [32mΓ£ô[39m tests/dashboard/settings-routes.test.ts[2m > [22mSettings API Routes[2m > [22marticle schedule settings routes[2m > [22mtoggles a schedule enabled state[32m 132[2mms[22m[39m
 [32mΓ£ô[39m tests/dashboard/settings-routes.test.ts[2m > [22mSettings API Routes[2m > [22marticle schedule settings routes[2m > [22mdeletes a schedule[32m 75[2mms[22m[39m
 [32mΓ£ô[39m tests/dashboard/publish.test.ts[2m > [22mPublish Workflow[2m > [22mPOST /api/articles/:id/draft[2m > [22mreturns htmx HTML when hx-request header is present[32m 64[2mms[22m[39m
 [32mΓ£ô[39m tests/dashboard/publish.test.ts[2m > [22mPublish Workflow[2m > [22mPOST /api/articles/:id/draft[2m > [22mreturns an actionable HTMX message when Substack is not configured[32m 55[2mms[22m[39m
 [32mΓ£ô[39m tests/config/bootstrap.test.ts[2m > [22mBootstrap init[2m > [22mrefreshCorePromptDefaults[2m > [22madds article-lifecycle to existing installs from defaults[33m 344[2mms[22m[39m
stderr | tests/pipeline/actions.test.ts > STAGE_ACTIONS > runDiscussion > falls back to single-moderator when all panelists fail
[runDiscussion] Panelist 'noagent1' failed: Agent charter not found: noagent1
[runDiscussion] Panelist 'noagent2' failed: Agent charter not found: noagent2

 [32mΓ£ô[39m tests/services/prosemirror.test.ts[2m > [22mparseInlineMarks[2m > [22mreturns plain text with no marks[32m 2[2mms[22m[39m
 [32mΓ£ô[39m tests/services/prosemirror.test.ts[2m > [22mparseInlineMarks[2m > [22mparses bold (**text**)[32m 1[2mms[22m[39m
 [32mΓ£ô[39m tests/services/prosemirror.test.ts[2m > [22mparseInlineMarks[2m > [22mparses italic (*text*)[32m 0[2mms[22m[39m
 [32mΓ£ô[39m tests/services/prosemirror.test.ts[2m > [22mparseInlineMarks[2m > [22mparses italic (_text_)[32m 0[2mms[22m[39m
 [32mΓ£ô[39m tests/services/prosemirror.test.ts[2m > [22mparseInlineMarks[2m > [22mparses bold+italic (***text***)[32m 0[2mms[22m[39m
 [32mΓ£ô[39m tests/services/prosemirror.test.ts[2m > [22mparseInlineMarks[2m > [22mparses links [text](url)[32m 0[2mms[22m[39m
 [32mΓ£ô[39m tests/services/prosemirror.test.ts[2m > [22mparseInlineMarks[2m > [22mparses inline code `code`[32m 0[2mms[22m[39m
 [32mΓ£ô[39m tests/services/prosemirror.test.ts[2m > [22mparseInlineMarks[2m > [22mhandles multiple marks in one line[32m 0[2mms[22m[39m
 [32mΓ£ô[39m tests/services/prosemirror.test.ts[2m > [22mparseInlineMarks[2m > [22mreturns space for empty text[32m 0[2mms[22m[39m
 [32mΓ£ô[39m tests/services/prosemirror.test.ts[2m > [22mparseHeading[2m > [22mparses h1[32m 0[2mms[22m[39m
 [32mΓ£ô[39m tests/services/prosemirror.test.ts[2m > [22mparseHeading[2m > [22mparses h2[32m 0[2mms[22m[39m
 [32mΓ£ô[39m tests/services/prosemirror.test.ts[2m > [22mparseHeading[2m > [22mparses h3[32m 0[2mms[22m[39m
 [32mΓ£ô[39m tests/services/prosemirror.test.ts[2m > [22mparseHeading[2m > [22mparses h4-h6[32m 0[2mms[22m[39m
 [32mΓ£ô[39m tests/services/prosemirror.test.ts[2m > [22mparseHeading[2m > [22mpreserves inline marks in headings[32m 0[2mms[22m[39m
 [32mΓ£ô[39m tests/services/prosemirror.test.ts[2m > [22mparseHeading[2m > [22mfalls back to paragraph for non-heading[32m 0[2mms[22m[39m
 [32mΓ£ô[39m tests/services/prosemirror.test.ts[2m > [22mparseImage[2m > [22mparses simple image[32m 0[2mms[22m[39m
 [32mΓ£ô[39m tests/services/prosemirror.test.ts[2m > [22mparseImage[2m > [22mparses image with title attribute[32m 0[2mms[22m[39m
 [32mΓ£ô[39m tests/services/prosemirror.test.ts[2m > [22mparseImage[2m > [22mparses image with pipe caption in alt text[32m 0[2mms[22m[39m
 [32mΓ£ô[39m tests/services/prosemirror.test.ts[2m > [22mparseImage[2m > [22mreturns paragraph for non-image line[32m 0[2mms[22m[39m
 [32mΓ£ô[39m tests/services/prosemirror.test.ts[2m > [22mbuildCaptionedImage[2m > [22mcreates correct structure[32m 0[2mms[22m[39m
 [32mΓ£ô[39m tests/services/prosemirror.test.ts[2m > [22mbuildCaptionedImage[2m > [22mhas all required image2 attrs[32m 0[2mms[22m[39m
 [32mΓ£ô[39m tests/services/prosemirror.test.ts[2m > [22mtable parsing[2m > [22msplitMarkdownTableRow[2m > [22msplits basic row[32m 0[2mms[22m[39m
 [32mΓ£ô[39m tests/services/prosemirror.test.ts[2m > [22mtable parsing[2m > [22msplitMarkdownTableRow[2m > [22mhandles escaped pipes[32m 0[2mms[22m[39m
 [32mΓ£ô[39m tests/services/prosemirror.test.ts[2m > [22mtable parsing[2m > [22msplitMarkdownTableRow[2m > [22mhandles no leading/trailing pipes[32m 0[2mms[22m[39m
 [32mΓ£ô[39m tests/services/prosemirror.test.ts[2m > [22mtable parsing[2m > [22misMarkdownTableSeparatorRow[2m > [22maccepts standard separators[32m 0[2mms[22m[39m
 [32mΓ£ô[39m tests/services/prosemirror.test.ts[2m > [22mtable parsing[2m > [22misMarkdownTableSeparatorRow[2m > [22maccepts short separators (1+ dashes)[32m 0[2mms[22m[39m
 [32mΓ£ô[39m tests/services/prosemirror.test.ts[2m > [22mtable parsing[2m > [22misMarkdownTableSeparatorRow[2m > [22maccepts alignment separators[32m 0[2mms[22m[39m
 [32mΓ£ô[39m tests/services/prosemirror.test.ts[2m > [22mtable parsing[2m > [22misMarkdownTableSeparatorRow[2m > [22mrejects non-separator content[32m 0[2mms[22m[39m
 [32mΓ£ô[39m tests/services/prosemirror.test.ts[2m > [22mtable parsing[2m > [22misMarkdownTableSeparatorRow[2m > [22mrejects empty array[32m 0[2mms[22m[39m
 [32mΓ£ô[39m tests/services/prosemirror.test.ts[2m > [22mtable parsing[2m > [22mparseMarkdownTableLines[2m > [22mparses a standard GFM table[32m 1[2mms[22m[39m
 [32mΓ£ô[39m tests/services/prosemirror.test.ts[2m > [22mtable parsing[2m > [22mparseMarkdownTableLines[2m > [22mhandles short separator dashes (:--)[32m 0[2mms[22m[39m
 [32mΓ£ô[39m tests/services/prosemirror.test.ts[2m > [22mtable parsing[2m > [22mparseMarkdownTableLines[2m > [22mreturns null for empty input[32m 0[2mms[22m[39m
 [32mΓ£ô[39m tests/services/prosemirror.test.ts[2m > [22mtable parsing[2m > [22mparseMarkdownTableLines[2m > [22mfilters empty body rows[32m 0[2mms[22m[39m
 [32mΓ£ô[39m tests/services/prosemirror.test.ts[2m > [22mtable parsing[2m > [22mparseTable[2m > [22mconverts table to bullet list for unordered tables[32m 1[2mms[22m[39m
 [32mΓ£ô[39m tests/services/prosemirror.test.ts[2m > [22mtable parsing[2m > [22mparseTable[2m > [22mconverts table to ordered list when priority column present[32m 0[2mms[22m[39m
 [32mΓ£ô[39m tests/services/prosemirror.test.ts[2m > [22mtable parsing[2m > [22mparseTable[2m > [22mreturns paragraph for header-only table[32m 0[2mms[22m[39m
 [32mΓ£ô[39m tests/services/prosemirror.test.ts[2m > [22mtable parsing[2m > [22mparseTable[2m > [22mreturns null for empty/invalid input[32m 0[2mms[22m[39m
 [32mΓ£ô[39m tests/services/prosemirror.test.ts[2m > [22mtable parsing[2m > [22mstripTableMarkdown[2m > [22mremoves bold[32m 0[2mms[22m[39m
 [32mΓ£ô[39m tests/services/prosemirror.test.ts[2m > [22mtable parsing[2m > [22mstripTableMarkdown[2m > [22mremoves inline code[32m 0[2mms[22m[39m
 [32mΓ£ô[39m tests/services/prosemirror.test.ts[2m > [22mtable parsing[2m > [22mstripTableMarkdown[2m > [22mremoves links[32m 0[2mms[22m[39m
 [32mΓ£ô[39m tests/services/prosemirror.test.ts[2m > [22mparseBlockquote[2m > [22mparses single line[32m 0[2mms[22m[39m
 [32mΓ£ô[39m tests/services/prosemirror.test.ts[2m > [22mparseBlockquote[2m > [22mjoins multiple lines[32m 0[2mms[22m[39m
 [32mΓ£ô[39m tests/services/prosemirror.test.ts[2m > [22mparseCodeBlock[2m > [22mcreates code block with language[32m 0[2mms[22m[39m
 [32mΓ£ô[39m tests/services/prosemirror.test.ts[2m > [22mparseCodeBlock[2m > [22mcreates code block without language[32m 0[2mms[22m[39m
 [32mΓ£ô[39m tests/services/prosemirror.test.ts[2m > [22mhorizontal rules in markdownToProseMirror[2m > [22mparses --- as horizontal rule[32m 1[2mms[22m[39m
 [32mΓ£ô[39m tests/services/prosemirror.test.ts[2m > [22mhorizontal rules in markdownToProseMirror[2m > [22mparses *** as horizontal rule[32m 0[2mms[22m[39m
 [32mΓ£ô[39m tests/services/prosemirror.test.ts[2m > [22mhorizontal rules in markdownToProseMirror[2m > [22mparses ___ as horizontal rule[32m 0[2mms[22m[39m
 [32mΓ£ô[39m tests/services/prosemirror.test.ts[2m > [22mlists in markdownToProseMirror[2m > [22mparses unordered list[32m 0[2mms[22m[39m
 [32mΓ£ô[39m tests/services/prosemirror.test.ts[2m > [22mlists in markdownToProseMirror[2m > [22mparses ordered list[32m 0[2mms[22m[39m
 [32mΓ£ô[39m tests/services/prosemirror.test.ts[2m > [22mlists in markdownToProseMirror[2m > [22mpreserves ordered list start number[32m 0[2mms[22m[39m
 [32mΓ£ô[39m tests/services/prosemirror.test.ts[2m > [22mlists in markdownToProseMirror[2m > [22mhandles list items with inline marks[32m 0[2mms[22m[39m
 [32mΓ£ô[39m tests/services/prosemirror.test.ts[2m > [22mcreateSubscribeWidget[2m > [22mcreates widget with default caption[32m 0[2mms[22m[39m
 [32mΓ£ô[39m tests/services/prosemirror.test.ts[2m > [22mcreateSubscribeWidget[2m > [22mcreates widget with custom caption[32m 0[2mms[22m[39m
 [32mΓ£ô[39m tests/services/prosemirror.test.ts[2m > [22mensureSubscribeButtons[2m > [22madds subscribe widgets to a document[32m 1[2mms[22m[39m
 [32mΓ£ô[39m tests/services/prosemirror.test.ts[2m > [22mensureSubscribeButtons[2m > [22mdoes not add widgets if already has two[32m 0[2mms[22m[39m
 [32mΓ£ô[39m tests/services/prosemirror.test.ts[2m > [22mcreatePaywall[2m > [22mcreates paywall node[32m 0[2mms[22m[39m
 [32mΓ£ô[39m tests/services/prosemirror.test.ts[2m > [22mcreateButton[2m > [22mcreates button with text and url[32m 0[2mms[22m[39m
 [32mΓ£ô[39m tests/services/prosemirror.test.ts[2m > [22mmarkdownToProseMirror[2m > [22mproduces a doc with correct type[32m 0[2mms[22m[39m
 [32mΓ£ô[39m tests/services/prosemirror.test.ts[2m > [22mmarkdownToProseMirror[2m > [22mconverts paragraphs[32m 0[2mms[22m[39m
 [32mΓ£ô[39m tests/services/prosemirror.test.ts[2m > [22mmarkdownToProseMirror[2m > [22mconverts headings[32m 0[2mms[22m[39m
 [32mΓ£ô[39m tests/services/prosemirror.test.ts[2m > [22mmarkdownToProseMirror[2m > [22mconverts images[32m 0[2mms[22m[39m
 [32mΓ£ô[39m tests/services/prosemirror.test.ts[2m > [22mmarkdownToProseMirror[2m > [22mconverts tables[32m 1[2mms[22m[39m
 [32mΓ£ô[39m tests/services/prosemirror.test.ts[2m > [22mmarkdownToProseMirror[2m > [22mconverts blockquotes[32m 0[2mms[22m[39m
 [32mΓ£ô[39m tests/services/prosemirror.test.ts[2m > [22mmarkdownToProseMirror[2m > [22mconverts code blocks[32m 0[2mms[22m[39m
 [32mΓ£ô[39m tests/services/prosemirror.test.ts[2m > [22mmarkdownToProseMirror[2m > [22mconverts YouTube embeds[32m 0[2mms[22m[39m
 [32mΓ£ô[39m tests/services/prosemirror.test.ts[2m > [22mmarkdownToProseMirror[2m > [22mconverts subscribe directive[32m 0[2mms[22m[39m
 [32mΓ£ô[39m tests/services/prosemirror.test.ts[2m > [22mmarkdownToProseMirror[2m > [22mhandles mixed content[32m 1[2mms[22m[39m
 [32mΓ£ô[39m tests/services/prosemirror.test.ts[2m > [22mmarkdownToProseMirror[2m > [22mstrips HTML comments[32m 0[2mms[22m[39m
 [32mΓ£ô[39m tests/services/prosemirror.test.ts[2m > [22mmarkdownToProseMirror[2m > [22mhandles CRLF line endings[32m 0[2mms[22m[39m
 [32mΓ£ô[39m tests/services/prosemirror.test.ts[2m > [22mmarkdownToProseMirror[2m > [22mhandles TL;DR blockquote with bullet list[32m 0[2mms[22m[39m
 [32mΓ£ô[39m tests/services/prosemirror.test.ts[2m > [22mmarkdownToProseMirror[2m > [22mpreview mode collects warnings instead of throwing for dense tables[32m 0[2mms[22m[39m
 [32mΓ£ô[39m tests/services/prosemirror.test.ts[2m > [22misFooterParagraph[2m > [22mdetects "The NFL Lab" pattern[32m 2[2mms[22m[39m
 [32mΓ£ô[39m tests/services/prosemirror.test.ts[2m > [22misFooterParagraph[2m > [22mdetects "Want us to evaluate" pattern[32m 0[2mms[22m[39m
 [32mΓ£ô[39m tests/services/prosemirror.test.ts[2m > [22misFooterParagraph[2m > [22mdetects "virtual front office" pattern[32m 0[2mms[22m[39m
 [32mΓ£ô[39m tests/services/prosemirror.test.ts[2m > [22misFooterParagraph[2m > [22mrejects non-footer paragraphs[32m 0[2mms[22m[39m
 [32mΓ£ô[39m tests/services/prosemirror.test.ts[2m > [22misFooterParagraph[2m > [22mrejects non-paragraph nodes[32m 0[2mms[22m[39m
 [32mΓ£ô[39m tests/services/prosemirror.test.ts[2m > [22misFooterParagraph[2m > [22mrejects null/undefined[32m 0[2mms[22m[39m
 [32mΓ£ô[39m tests/services/prosemirror.test.ts[2m > [22medge cases[2m > [22mhandles empty markdown[32m 0[2mms[22m[39m
 [32mΓ£ô[39m tests/services/prosemirror.test.ts[2m > [22medge cases[2m > [22mhandles markdown with only whitespace[32m 0[2mms[22m[39m
 [32mΓ£ô[39m tests/services/prosemirror.test.ts[2m > [22medge cases[2m > [22mhandles markdown with only newlines[32m 0[2mms[22m[39m
 [32mΓ£ô[39m tests/services/prosemirror.test.ts[2m > [22medge cases[2m > [22mhandles nested marks (bold inside link is treated separately)[32m 0[2mms[22m[39m
 [32mΓ£ô[39m tests/services/prosemirror.test.ts[2m > [22medge cases[2m > [22mcontiguous paragraph lines are joined[32m 0[2mms[22m[39m
 [32mΓ£ô[39m tests/services/prosemirror.test.ts[2m > [22mextractYouTubeId[2m > [22mextracts bare 11-char ID[32m 0[2mms[22m[39m
 [32mΓ£ô[39m tests/services/prosemirror.test.ts[2m > [22mextractYouTubeId[2m > [22mextracts from short URL[32m 0[2mms[22m[39m
 [32mΓ£ô[39m tests/services/prosemirror.test.ts[2m > [22mextractYouTubeId[2m > [22mextracts from full URL[32m 0[2mms[22m[39m
 [32mΓ£ô[39m tests/services/prosemirror.test.ts[2m > [22mextractYouTubeId[2m > [22mreturns null for invalid input[32m 0[2mms[22m[39m
 [32mΓ£ô[39m tests/services/prosemirror.test.ts[2m > [22mgetNodeText[2m > [22mreturns text from text node[32m 0[2mms[22m[39m
 [32mΓ£ô[39m tests/services/prosemirror.test.ts[2m > [22mgetNodeText[2m > [22mreturns empty string for null[32m 0[2mms[22m[39m
 [32mΓ£ô[39m tests/services/prosemirror.test.ts[2m > [22mgetNodeText[2m > [22mrecursively extracts text from children[32m 0[2mms[22m[39m
 [32mΓ£ô[39m tests/services/prosemirror.test.ts[2m > [22mensureHeroFirstImage[2m > [22mreturns safe when no images[32m 0[2mms[22m[39m
 [32mΓ£ô[39m tests/services/prosemirror.test.ts[2m > [22mensureHeroFirstImage[2m > [22mreturns safe when first image is not a chart[32m 1[2mms[22m[39m
 [32mΓ£ô[39m tests/services/prosemirror.test.ts[2m > [22mensureHeroFirstImage[2m > [22mswaps chart image with safe candidate[32m 0[2mms[22m[39m
 [32mΓ£ô[39m tests/services/prosemirror.test.ts[2m > [22mvalidateProseMirrorBody[2m > [22mvalidates a correct document[32m 0[2mms[22m[39m
 [32mΓ£ô[39m tests/services/prosemirror.test.ts[2m > [22mvalidateProseMirrorBody[2m > [22mdetects unknown node types[32m 0[2mms[22m[39m
 [32mΓ£ô[39m tests/services/prosemirror.test.ts[2m > [22mfindUnknownNodeTypes[2m > [22mreturns empty for known types[32m 0[2mms[22m[39m
 [32mΓ£ô[39m tests/services/prosemirror.test.ts[2m > [22mfindUnknownNodeTypes[2m > [22mfinds unknown types in nested content[32m 0[2mms[22m[39m
 [32mΓ£ô[39m tests/services/prosemirror.test.ts[2m > [22mextractMetaFromMarkdown[2m > [22mextracts title and subtitle[32m 0[2mms[22m[39m
 [32mΓ£ô[39m tests/services/prosemirror.test.ts[2m > [22mextractMetaFromMarkdown[2m > [22mextracts title without subtitle[32m 0[2mms[22m[39m
 [32mΓ£ô[39m tests/services/prosemirror.test.ts[2m > [22mextractMetaFromMarkdown[2m > [22mhandles no title[32m 0[2mms[22m[39m
 [32mΓ£ô[39m tests/services/prosemirror.test.ts[2m > [22mextractMetaFromMarkdown[2m > [22mstrips leading separator after title[32m 0[2mms[22m[39m
 [32mΓ£ô[39m tests/services/prosemirror.test.ts[2m > [22massertInlineTableAllowed[2m > [22mdoes not throw for simple table[32m 1[2mms[22m[39m
 [32mΓ£ô[39m tests/services/prosemirror.test.ts[2m > [22massertInlineTableAllowed[2m > [22mthrows for dense table with financial headers[32m 0[2mms[22m[39m
 [32mΓ£ô[39m tests/services/prosemirror.test.ts[2m > [22mconstants[2m > [22mDEFAULT_SUBSCRIBE_CAPTION is defined[32m 0[2mms[22m[39m
 [32mΓ£ô[39m tests/services/prosemirror.test.ts[2m > [22mconstants[2m > [22mFOOTER_PARAGRAPH_PATTERNS has entries[32m 0[2mms[22m[39m
 [32mΓ£ô[39m tests/services/prosemirror.test.ts[2m > [22mconstants[2m > [22mKNOWN_SUBSTACK_NODE_TYPES includes essential types[32m 0[2mms[22m[39m
 [32mΓ£ô[39m tests/services/prosemirror.test.ts[2m > [22mbuildParagraph[2m > [22mwraps content in paragraph[32m 0[2mms[22m[39m
 [32mΓ£ô[39m tests/services/prosemirror.test.ts[2m > [22mbuildParagraph[2m > [22muses space text for empty content[32m 0[2mms[22m[39m
 [32mΓ£ô[39m tests/services/prosemirror.test.ts[2m > [22mclassifyMarkdownTableForInline[2m > [22mallows simple 2-column table[32m 0[2mms[22m[39m
 [32mΓ£ô[39m tests/services/prosemirror.test.ts[2m > [22mclassifyMarkdownTableForInline[2m > [22mblocks dense financial table[32m 0[2mms[22m[39m
 [32mΓ£ô[39m tests/services/prosemirror.test.ts[2m > [22mclassifyMarkdownTableForInline[2m > [22mallows null table[32m 0[2mms[22m[39m
 [32mΓ£ô[39m tests/services/prosemirror.test.ts[2m > [22mnormalizeTableHeader[2m > [22mlowercases and strips non-alphanumeric[32m 0[2mms[22m[39m
 [32mΓ£ô[39m tests/services/prosemirror.test.ts[2m > [22mnormalizeTableHeader[2m > [22mstrips markdown[32m 0[2mms[22m[39m
 [32mΓ£ô[39m tests/pipeline/engine.test.ts[2m > [22mPipelineEngine[2m > [22mcanAdvance[2m > [22mallows 2ΓåÆ3 when discussion-prompt.md exists[32m 56[2mms[22m[39m
 [32mΓ£ô[39m tests/pipeline/engine.test.ts[2m > [22mPipelineEngine[2m > [22mcanAdvance[2m > [22mallows 3ΓåÆ4 when panel-composition.md exists[32m 54[2mms[22m[39m
 [32mΓ£ô[39m tests/llm/provider-copilot-cli.test.ts[2m > [22mCopilotCLIProvider[2m > [22mhas correct identity[32m 2[2mms[22m[39m
 [32mΓ£ô[39m tests/llm/provider-copilot-cli.test.ts[2m > [22mCopilotCLIProvider[2m > [22mlists supported models and aliases[32m 1[2mms[22m[39m
 [32mΓ£ô[39m tests/llm/provider-copilot-cli.test.ts[2m > [22mCopilotCLIProvider[2m > [22mreturns the Copilot CLI version[32m 1[2mms[22m[39m
 [32mΓ£ô[39m tests/llm/provider-copilot-cli.test.ts[2m > [22mCopilotCLIProvider[2m > [22mbuilds a one-shot prompt request with safe defaults[32m 1[2mms[22m[39m
 [32mΓ£ô[39m tests/llm/provider-copilot-cli.test.ts[2m > [22mCopilotCLIProvider[2m > [22mincludes system instructions and JSON guidance in the prompt[32m 1[2mms[22m[39m
 [32mΓ£ô[39m tests/llm/provider-copilot-cli.test.ts[2m > [22mCopilotCLIProvider[2m > [22muses the configured default or requested model[32m 1[2mms[22m[39m
 [32mΓ£ô[39m tests/llm/provider-copilot-cli.test.ts[2m > [22mCopilotCLIProvider[2m > [22mkeeps prompts under the execFile limit on the -p path[32m 1[2mms[22m[39m
 [32mΓ£ô[39m tests/llm/provider-copilot-cli.test.ts[2m > [22mCopilotCLIProvider[2m > [22mallows web fetch plus the repo MCP servers in article-tools mode[32m 2[2mms[22m[39m
 [32mΓ£ô[39m tests/llm/provider-copilot-cli.test.ts[2m > [22mCopilotCLIProvider[2m > [22mreuses stage 4 article sessions when enabled and traces the session envelope[32m 2[2mms[22m[39m
 [32mΓ£ô[39m tests/llm/provider-copilot-cli.test.ts[2m > [22mCopilotCLIProvider[2m > [22mtreats stage 4 article runs as session-reuse eligible when article-tools mode is active[32m 1[2mms[22m[39m
 [32mΓ£ô[39m tests/llm/provider-copilot-cli.test.ts[2m > [22mCopilotCLIProvider[2m > [22mfalls back to one-shot if a resumed session fails once[32m 2[2mms[22m[39m
 [32mΓ£ô[39m tests/llm/provider-copilot-cli.test.ts[2m > [22mCopilotCLIProvider[2m > [22mlets explicit toolAccessMode override legacy enableTools flags[32m 1[2mms[22m[39m
 [32mΓ£ô[39m tests/llm/provider-copilot-cli.test.ts[2m > [22mCopilotCLIProvider[2m > [22mdoes not attempt session reuse outside article stages[32m 2[2mms[22m[39m
 [32mΓ£ô[39m tests/llm/provider-copilot-cli.test.ts[2m > [22mCopilotCLIProvider[2m > [22mfails closed when the MCP config file is missing[32m 1[2mms[22m[39m
 [32mΓ£ô[39m tests/llm/provider-copilot-cli.test.ts[2m > [22mCopilotCLIProvider[2m > [22mreturns trimmed content with estimated usage[32m 1[2mms[22m[39m
 [32mΓ£ô[39m tests/llm/provider-copilot-cli.test.ts[2m > [22mCopilotCLIProvider[2m > [22mthrows on empty responses[32m 2[2mms[22m[39m
 [32mΓ£ô[39m tests/llm/provider-copilot-cli.test.ts[2m > [22mCopilotCLIProvider[2m > [22msurfaces timeout and provider metadata on errors[32m 2[2mms[22m[39m
 [32mΓ£ô[39m tests/llm/provider-copilot-cli.test.ts[2m > [22mCopilotCLIProvider[2m > [22mcaptures stderr and exit code in provider metadata for CLI failures[32m 1[2mms[22m[39m
 [32mΓ£ô[39m tests/llm/provider-copilot-cli.test.ts[2m > [22mCopilotCLIProvider[2m > [22mpasses through custom path and extra flags[32m 1[2mms[22m[39m
 [32mΓ£ô[39m tests/llm/provider-copilot-cli.test.ts[2m > [22mCopilotCLIProvider[2m > [22mreports actual sandbox cwd in metadata when toolAccessMode is none, not configured workingDirectory[32m 2[2mms[22m[39m
 [32mΓ£ô[39m tests/agents/runner.test.ts[2m > [22mAgentRunner[2m > [22mrun[2m > [22mgracefully excludes missing skills[32m 24[2mms[22m[39m
 [32mΓ£ô[39m tests/agents/runner.test.ts[2m > [22mAgentRunner[2m > [22mrun[2m > [22mincludes article context in the user message[32m 24[2mms[22m[39m
 [32mΓ£ô[39m tests/agents/runner.test.ts[2m > [22mAgentRunner[2m > [22mrun[2m > [22mpasses temperature and maxTokens to the gateway[32m 30[2mms[22m[39m
 [32mΓ£ô[39m tests/agents/runner.test.ts[2m > [22mAgentRunner[2m > [22mrun[2m > [22mpasses provider overrides to the gateway[32m 26[2mms[22m[39m
 [32mΓ£ô[39m tests/db/repository.test.ts[2m > [22mRepository[2m > [22marticle runs[2m > [22mstarts with custom run id[32m 55[2mms[22m[39m
 [32mΓ£ô[39m tests/db/repository.test.ts[2m > [22mRepository[2m > [22marticle runs[2m > [22mrejects nonexistent article[32m 61[2mms[22m[39m
stderr | tests/pipeline/actions.test.ts > STAGE_ACTIONS > runDiscussion > falls back to single-moderator when all panelists fail
[runDiscussion] All 2 panelists failed for 'test-rd-allfail', falling back to single-moderator

 [32mΓ£ô[39m tests/pipeline/artifact-scanner.test.ts[2m > [22martifact-scanner[2m > [22mreconcile[2m > [22mrepair mode calls repo methods for MISSING_DB_ROW[32m 16[2mms[22m[39m
 [32mΓ£ô[39m tests/pipeline/artifact-scanner.test.ts[2m > [22martifact-scanner[2m > [22mreconcile[2m > [22mreports no discrepancies when everything matches[32m 15[2mms[22m[39m
 [32mΓ£ô[39m tests/dashboard/settings-routes.test.ts[2m > [22mSettings API Routes[2m > [22mPOST /api/settings/secrets[2m > [22mstores publishing secrets from form[32m 119[2mms[22m[39m
 [32mΓ£ô[39m tests/llm/provider-mock.test.ts[2m > [22mMockProvider[2m > [22mdefault stage responses[2m > [22mreturns a generic fallback for unrecognized context[33m 324[2mms[22m[39m
 [32mΓ£ô[39m tests/pipeline/actions.test.ts[2m > [22mSTAGE_ACTIONS[2m > [22mrunDiscussion[2m > [22mfalls back to single-moderator when all panelists fail[32m 109[2mms[22m[39m
 [32mΓ£ô[39m tests/config/bootstrap.test.ts[2m > [22mBootstrap init[2m > [22mprepareRuntimeDataDir[2m > [22mcreates runtime directories and refreshes curated core prompts[32m 132[2mms[22m[39m
 [32mΓ£ô[39m tests/dashboard/server.test.ts[2m > [22mDashboard Server[2m > [22mHTML pages[2m > [22marticle detail surfaces paused lead review state and artifact tab[32m 66[2mms[22m[39m
 [32mΓ£ô[39m tests/dashboard/server.test.ts[2m > [22mDashboard Server[2m > [22mHTML pages[2m > [22marticle detail returns 404 for missing article[32m 71[2mms[22m[39m
 [32mΓ£ô[39m tests/pipeline/actions.test.ts[2m > [22mSTAGE_ACTIONS[2m > [22mrunDiscussion[2m > [22msaves thinking traces for panelist artifacts[32m 119[2mms[22m[39m
 [32mΓ£ô[39m tests/dashboard/publish.test.ts[2m > [22mPublish Workflow[2m > [22mPOST /api/articles/:id/draft[2m > [22menriches Substack body with subscribe CTA and footer blurb[32m 86[2mms[22m[39m
 [32mΓ£ô[39m tests/pipeline/engine.test.ts[2m > [22mPipelineEngine[2m > [22mcanAdvance[2m > [22mallows 4ΓåÆ5 when discussion-summary.md and article-contract.md exist[32m 63[2mms[22m[39m
 [32mΓ£ô[39m tests/pipeline/engine.test.ts[2m > [22mPipelineEngine[2m > [22mcanAdvance[2m > [22mblocks 4ΓåÆ5 when article-contract.md is missing[32m 55[2mms[22m[39m
 [32mΓ£ô[39m tests/agents/runner.test.ts[2m > [22mAgentRunner[2m > [22mrun[2m > [22mreturns token usage when available[32m 26[2mms[22m[39m
 [32mΓ£ô[39m tests/agents/runner.test.ts[2m > [22mAgentRunner[2m > [22mrun[2m > [22mmaps estimated copilot-cli usage into tokensUsed[32m 30[2mms[22m[39m
 [32mΓ£ô[39m tests/services/data.test.ts[2m > [22mDataService (scripts mode)[2m > [22mdefaults to scripts mode[32m 3[2mms[22m[39m
 [32mΓ£ô[39m tests/services/data.test.ts[2m > [22mDataService (scripts mode)[2m > [22mhealth()[2m > [22mreturns static ok in scripts mode[32m 1[2mms[22m[39m
 [32mΓ£ô[39m tests/services/data.test.ts[2m > [22mDataService (scripts mode)[2m > [22mplayerStats()[2m > [22mcalls query_player_epa.py with correct args[32m 1[2mms[22m[39m
 [32mΓ£ô[39m tests/services/data.test.ts[2m > [22mDataService (scripts mode)[2m > [22mplayerStats()[2m > [22momits season when not provided[32m 0[2mms[22m[39m
 [32mΓ£ô[39m tests/services/data.test.ts[2m > [22mDataService (scripts mode)[2m > [22mplayerStats()[2m > [22mreturns parsed data from script[32m 0[2mms[22m[39m
 [32mΓ£ô[39m tests/services/data.test.ts[2m > [22mDataService (scripts mode)[2m > [22mteamEfficiency()[2m > [22mcalls query_team_efficiency.py with team and season[32m 0[2mms[22m[39m
 [32mΓ£ô[39m tests/services/data.test.ts[2m > [22mDataService (scripts mode)[2m > [22mpositionalRankings()[2m > [22msends all required params[32m 1[2mms[22m[39m
 [32mΓ£ô[39m tests/services/data.test.ts[2m > [22mDataService (scripts mode)[2m > [22mpositionalRankings()[2m > [22momits optional params when not provided[32m 0[2mms[22m[39m
 [32mΓ£ô[39m tests/services/data.test.ts[2m > [22mDataService (scripts mode)[2m > [22msnapCounts()[2m > [22msends season and team[32m 0[2mms[22m[39m
 [32mΓ£ô[39m tests/services/data.test.ts[2m > [22mDataService (scripts mode)[2m > [22msnapCounts()[2m > [22msends player lookup[32m 0[2mms[22m[39m
 [32mΓ£ô[39m tests/services/data.test.ts[2m > [22mDataService (scripts mode)[2m > [22msnapCounts()[2m > [22msends position-group when provided[32m 0[2mms[22m[39m
 [32mΓ£ô[39m tests/services/data.test.ts[2m > [22mDataService (scripts mode)[2m > [22mdraftHistory()[2m > [22msends player lookup[32m 0[2mms[22m[39m
 [32mΓ£ô[39m tests/services/data.test.ts[2m > [22mDataService (scripts mode)[2m > [22mdraftHistory()[2m > [22msends pick range[32m 0[2mms[22m[39m
 [32mΓ£ô[39m tests/services/data.test.ts[2m > [22mDataService (scripts mode)[2m > [22mdraftHistory()[2m > [22msends position with round[32m 0[2mms[22m[39m
 [32mΓ£ô[39m tests/services/data.test.ts[2m > [22mDataService (scripts mode)[2m > [22mdraftHistory()[2m > [22msends since when provided[32m 0[2mms[22m[39m
 [32mΓ£ô[39m tests/services/data.test.ts[2m > [22mDataService (scripts mode)[2m > [22mdraftHistory()[2m > [22msends no query-specific args when options omitted[32m 0[2mms[22m[39m
 [32mΓ£ô[39m tests/services/data.test.ts[2m > [22mDataService (scripts mode)[2m > [22mcombineProfile()[2m > [22msends player name[32m 0[2mms[22m[39m
 [32mΓ£ô[39m tests/services/data.test.ts[2m > [22mDataService (scripts mode)[2m > [22mcombineProfile()[2m > [22msends positional leaderboard params[32m 0[2mms[22m[39m
 [32mΓ£ô[39m tests/services/data.test.ts[2m > [22mDataService (scripts mode)[2m > [22mngsPassing()[2m > [22msends season and player[32m 0[2mms[22m[39m
 [32mΓ£ô[39m tests/services/data.test.ts[2m > [22mDataService (scripts mode)[2m > [22mngsPassing()[2m > [22msends only season[32m 0[2mms[22m[39m
 [32mΓ£ô[39m tests/services/data.test.ts[2m > [22mDataService (scripts mode)[2m > [22mngsPassing()[2m > [22msupports top parameter[32m 0[2mms[22m[39m
 [32mΓ£ô[39m tests/services/data.test.ts[2m > [22mDataService (scripts mode)[2m > [22mdefenseStats()[2m > [22msends season and player[32m 0[2mms[22m[39m
 [32mΓ£ô[39m tests/services/data.test.ts[2m > [22mDataService (scripts mode)[2m > [22mdefenseStats()[2m > [22msends team-level query[32m 0[2mms[22m[39m
 [32mΓ£ô[39m tests/services/data.test.ts[2m > [22mDataService (scripts mode)[2m > [22mdefenseStats()[2m > [22msends position query[32m 0[2mms[22m[39m
 [32mΓ£ô[39m tests/services/data.test.ts[2m > [22mDataService (scripts mode)[2m > [22mhistoricalComps()[2m > [22msends player and season[32m 0[2mms[22m[39m
 [32mΓ£ô[39m tests/services/data.test.ts[2m > [22mDataService (scripts mode)[2m > [22mhistoricalComps()[2m > [22msends seasonsBack and top[32m 0[2mms[22m[39m
 [32mΓ£ô[39m tests/services/data.test.ts[2m > [22mDataService (scripts mode)[2m > [22mpredictionMarkets()[2m > [22msends search query[32m 0[2mms[22m[39m
 [32mΓ£ô[39m tests/services/data.test.ts[2m > [22mDataService (scripts mode)[2m > [22mpredictionMarkets()[2m > [22msends team and market type[32m 0[2mms[22m[39m
 [32mΓ£ô[39m tests/services/data.test.ts[2m > [22mDataService (scripts mode)[2m > [22merror handling[2m > [22mpropagates DataServiceError from runScript[32m 1[2mms[22m[39m
 [32mΓ£ô[39m tests/services/data.test.ts[2m > [22mDataService.runScript()[2m > [22mparses valid JSON from stdout[32m 0[2mms[22m[39m
 [32mΓ£ô[39m tests/services/data.test.ts[2m > [22mDataService.runScript()[2m > [22mthrows DataServiceError for non-JSON stdout[32m 1[2mms[22m[39m
 [32mΓ£ô[39m tests/services/data.test.ts[2m > [22mDataService.runScript()[2m > [22mthrows DataServiceError when Python not found[32m 2[2mms[22m[39m
 [32mΓ£ô[39m tests/services/data.test.ts[2m > [22mDataService.runScript()[2m > [22mthrows DataServiceError on script stderr error[32m 0[2mms[22m[39m
 [32mΓ£ô[39m tests/services/data.test.ts[2m > [22mDataService (http mode)[2m > [22mcalls HTTP sidecar for health[32m 1[2mms[22m[39m
 [32mΓ£ô[39m tests/services/data.test.ts[2m > [22mDataService (http mode)[2m > [22mcalls HTTP sidecar for playerStats[32m 0[2mms[22m[39m
 [32mΓ£ô[39m tests/services/data.test.ts[2m > [22mDataService (http mode)[2m > [22mcalls HTTP sidecar for teamEfficiency[32m 0[2mms[22m[39m
 [32mΓ£ô[39m tests/services/data.test.ts[2m > [22mDataService (http mode)[2m > [22mcalls HTTP sidecar for predictionMarkets[32m 0[2mms[22m[39m
 [32mΓ£ô[39m tests/services/data.test.ts[2m > [22mDataService (http mode)[2m > [22mthrows DataServiceError when sidecar is unreachable[32m 0[2mms[22m[39m
 [32mΓ£ô[39m tests/services/data.test.ts[2m > [22mDataService (http mode)[2m > [22mthrows DataServiceError with status code on 500[32m 0[2mms[22m[39m
 [32mΓ£ô[39m tests/services/data.test.ts[2m > [22mDataService (http mode)[2m > [22mthrows DataServiceError on 404[32m 0[2mms[22m[39m
 [32mΓ£ô[39m tests/services/data.test.ts[2m > [22mDataService (auto mode)[2m > [22muses scripts when they succeed[32m 0[2mms[22m[39m
 [32mΓ£ô[39m tests/services/data.test.ts[2m > [22mDataService (auto mode)[2m > [22mfalls back to HTTP when scripts fail[32m 0[2mms[22m[39m
 [32mΓ£ô[39m tests/db/repository.test.ts[2m > [22mRepository[2m > [22marticle runs[2m > [22mrejects invalid status[32m 57[2mms[22m[39m
 [32mΓ£ô[39m tests/db/repository.test.ts[2m > [22mRepository[2m > [22mstage runs[2m > [22mstarts and finishes stage run[32m 58[2mms[22m[39m
 [32mΓ£ô[39m tests/pipeline/mlb-pipeline.test.ts[2m > [22mMLB Pipeline Integration[2m > [22mConfig integration[2m > [22mMLB config loads with all required fields[32m 2[2mms[22m[39m
 [32mΓ£ô[39m tests/pipeline/mlb-pipeline.test.ts[2m > [22mMLB Pipeline Integration[2m > [22mConfig integration[2m > [22mleague-specific directories resolve correctly[32m 0[2mms[22m[39m
 [32mΓ£ô[39m tests/pipeline/mlb-pipeline.test.ts[2m > [22mMLB Pipeline Integration[2m > [22mTool routing[2m > [22mroutes to statcast-data tool[32m 0[2mms[22m[39m
 [32mΓ£ô[39m tests/pipeline/mlb-pipeline.test.ts[2m > [22mMLB Pipeline Integration[2m > [22mTool routing[2m > [22mdoes NOT route mlb to nflverse-data[32m 1[2mms[22m[39m
 [32mΓ£ô[39m tests/pipeline/mlb-pipeline.test.ts[2m > [22mMLB Pipeline Integration[2m > [22mLeague helpers for MLB[2m > [22mcurrentSeason returns valid year for mlb[32m 1[2mms[22m[39m
 [32mΓ£ô[39m tests/pipeline/mlb-pipeline.test.ts[2m > [22mMLB Pipeline Integration[2m > [22mLeague helpers for MLB[2m > [22mdataSourceName for mlb mentions Statcast[32m 0[2mms[22m[39m
 [32mΓ£ô[39m tests/pipeline/mlb-pipeline.test.ts[2m > [22mMLB Pipeline Integration[2m > [22mLeague helpers for MLB[2m > [22mgetPositionConfig for mlb returns baseball positions[32m 0[2mms[22m[39m
 [32mΓ£ô[39m tests/pipeline/mlb-pipeline.test.ts[2m > [22mMLB Pipeline Integration[2m > [22mMLB claim extraction[2m > [22mhas stat patterns for baseball metrics[32m 0[2mms[22m[39m
 [32mΓ£ô[39m tests/pipeline/mlb-pipeline.test.ts[2m > [22mMLB Pipeline Integration[2m > [22mMLB claim extraction[2m > [22mhas draft patterns[32m 0[2mms[22m[39m
 [32mΓ£ô[39m tests/pipeline/mlb-pipeline.test.ts[2m > [22mMLB Pipeline Integration[2m > [22mMLB claim extraction[2m > [22mhas superlative patterns[32m 0[2mms[22m[39m
 [32mΓ£ô[39m tests/pipeline/mlb-pipeline.test.ts[2m > [22mMLB Pipeline Integration[2m > [22mMLB claim extraction[2m > [22mextracts batting average claims[32m 3[2mms[22m[39m
 [32mΓ£ô[39m tests/pipeline/mlb-pipeline.test.ts[2m > [22mMLB Pipeline Integration[2m > [22mMLB claim extraction[2m > [22mextracts ERA claims[32m 2[2mms[22m[39m
 [32mΓ£ô[39m tests/pipeline/mlb-pipeline.test.ts[2m > [22mMLB Pipeline Integration[2m > [22mMLB claim extraction[2m > [22mextracts WAR claims[32m 0[2mms[22m[39m
 [32mΓ£ô[39m tests/pipeline/mlb-pipeline.test.ts[2m > [22mMLB Pipeline Integration[2m > [22mMLB data scripts exist[2m > [22mshared utilities exist[32m 0[2mms[22m[39m
 [32mΓ£ô[39m tests/pipeline/mlb-pipeline.test.ts[2m > [22mMLB Pipeline Integration[2m > [22mMLB data scripts exist[2m > [22mfetcher exists[32m 0[2mms[22m[39m
 [32mΓ£ô[39m tests/pipeline/mlb-pipeline.test.ts[2m > [22mMLB Pipeline Integration[2m > [22mMLB data scripts exist[2m > [22mquery scripts exist[32m 1[2mms[22m[39m
 [32mΓ£ô[39m tests/pipeline/mlb-pipeline.test.ts[2m > [22mMLB Pipeline Integration[2m > [22mMLB charters exist[2m > [22mlead.md charter exists[32m 0[2mms[22m[39m
 [32mΓ£ô[39m tests/pipeline/mlb-pipeline.test.ts[2m > [22mMLB Pipeline Integration[2m > [22mMLB charters exist[2m > [22mwriter.md charter exists[32m 0[2mms[22m[39m
 [32mΓ£ô[39m tests/pipeline/mlb-pipeline.test.ts[2m > [22mMLB Pipeline Integration[2m > [22mMLB charters exist[2m > [22meditor.md charter exists[32m 0[2mms[22m[39m
 [32mΓ£ô[39m tests/pipeline/mlb-pipeline.test.ts[2m > [22mMLB Pipeline Integration[2m > [22mMLB charters exist[2m > [22mpublisher.md charter exists[32m 1[2mms[22m[39m
 [32mΓ£ô[39m tests/pipeline/mlb-pipeline.test.ts[2m > [22mMLB Pipeline Integration[2m > [22mMLB charters exist[2m > [22mpanel-moderator.md charter exists[32m 2[2mms[22m[39m
 [32mΓ£ô[39m tests/pipeline/mlb-pipeline.test.ts[2m > [22mMLB Pipeline Integration[2m > [22mNFL non-regression[2m > [22mNFL config still loads correctly[32m 2[2mms[22m[39m
 [32mΓ£ô[39m tests/pipeline/mlb-pipeline.test.ts[2m > [22mMLB Pipeline Integration[2m > [22mNFL non-regression[2m > [22mNFL claim extraction still works[32m 2[2mms[22m[39m
 [32mΓ£ô[39m tests/pipeline/mlb-pipeline.test.ts[2m > [22mMLB Pipeline Integration[2m > [22mNFL non-regression[2m > [22mNFL tool routing unchanged[32m 0[2mms[22m[39m
 [32mΓ£ô[39m tests/llm/provider-lmstudio.test.ts[2m > [22mLMStudioProvider[2m > [22mconstructor defaults[2m > [22mhas correct id and name[32m 2[2mms[22m[39m
 [32mΓ£ô[39m tests/llm/provider-lmstudio.test.ts[2m > [22mLMStudioProvider[2m > [22mconstructor defaults[2m > [22mdefaults baseUrl to localhost:1234[32m 0[2mms[22m[39m
 [32mΓ£ô[39m tests/llm/provider-lmstudio.test.ts[2m > [22mLMStudioProvider[2m > [22mconstructor defaults[2m > [22mdefaults model to qwen-35[32m 0[2mms[22m[39m
 [32mΓ£ô[39m tests/llm/provider-lmstudio.test.ts[2m > [22mLMStudioProvider[2m > [22mcustom constructor options[2m > [22maccepts custom baseUrl[32m 0[2mms[22m[39m
 [32mΓ£ô[39m tests/llm/provider-lmstudio.test.ts[2m > [22mLMStudioProvider[2m > [22mcustom constructor options[2m > [22mstrips trailing slashes from baseUrl[32m 0[2mms[22m[39m
 [32mΓ£ô[39m tests/llm/provider-lmstudio.test.ts[2m > [22mLMStudioProvider[2m > [22mcustom constructor options[2m > [22maccepts custom defaultModel[32m 0[2mms[22m[39m
 [32mΓ£ô[39m tests/llm/provider-lmstudio.test.ts[2m > [22mLMStudioProvider[2m > [22msupportsModel[2m > [22mreturns true for any model name[32m 0[2mms[22m[39m
 [32mΓ£ô[39m tests/llm/provider-lmstudio.test.ts[2m > [22mLMStudioProvider[2m > [22mlistModels[2m > [22mreturns default model before fetchModels is called[32m 1[2mms[22m[39m
 [32mΓ£ô[39m tests/llm/provider-lmstudio.test.ts[2m > [22mLMStudioProvider[2m > [22mlistModels[2m > [22mreturns copy of internal list (not a reference)[32m 0[2mms[22m[39m
 [32mΓ£ô[39m tests/llm/provider-lmstudio.test.ts[2m > [22mLMStudioProvider[2m > [22mfetchModels[2m > [22mfetches models from the /models endpoint[32m 4[2mms[22m[39m
 [32mΓ£ô[39m tests/llm/provider-lmstudio.test.ts[2m > [22mLMStudioProvider[2m > [22mfetchModels[2m > [22mupdates listModels cache after successful fetch[32m 1[2mms[22m[39m
 [32mΓ£ô[39m tests/llm/provider-lmstudio.test.ts[2m > [22mLMStudioProvider[2m > [22mfetchModels[2m > [22mreturns empty array on connection failure[32m 0[2mms[22m[39m
 [32mΓ£ô[39m tests/llm/provider-lmstudio.test.ts[2m > [22mLMStudioProvider[2m > [22mfetchModels[2m > [22mclears cache on connection failure[32m 0[2mms[22m[39m
 [32mΓ£ô[39m tests/llm/provider-lmstudio.test.ts[2m > [22mLMStudioProvider[2m > [22mfetchModels[2m > [22mreturns empty array on non-OK response[32m 0[2mms[22m[39m
 [32mΓ£ô[39m tests/llm/provider-lmstudio.test.ts[2m > [22mLMStudioProvider[2m > [22mchat[2m > [22msends correct request format[32m 1[2mms[22m[39m
 [32mΓ£ô[39m tests/llm/provider-lmstudio.test.ts[2m > [22mLMStudioProvider[2m > [22mchat[2m > [22mdoes not send auth headers[32m 0[2mms[22m[39m
 [32mΓ£ô[39m tests/llm/provider-lmstudio.test.ts[2m > [22mLMStudioProvider[2m > [22mchat[2m > [22muses defaultModel when no model specified[32m 0[2mms[22m[39m
 [32mΓ£ô[39m tests/llm/provider-lmstudio.test.ts[2m > [22mLMStudioProvider[2m > [22mchat[2m > [22mpasses custom temperature[32m 0[2mms[22m[39m
 [32mΓ£ô[39m tests/llm/provider-lmstudio.test.ts[2m > [22mLMStudioProvider[2m > [22mchat[2m > [22mpasses maxTokens as max_tokens[32m 1[2mms[22m[39m
 [32mΓ£ô[39m tests/llm/provider-lmstudio.test.ts[2m > [22mLMStudioProvider[2m > [22mchat[2m > [22muses LM Studio json_schema mode for json responses[32m 1[2mms[22m[39m
 [32mΓ£ô[39m tests/llm/provider-lmstudio.test.ts[2m > [22mLMStudioProvider[2m > [22mchat[2m > [22mpasses through a structured response schema when provided[32m 1[2mms[22m[39m
 [32mΓ£ô[39m tests/llm/provider-lmstudio.test.ts[2m > [22mLMStudioProvider[2m > [22mchat[2m > [22msends native OpenAI-style tools when provided[32m 1[2mms[22m[39m
 [32mΓ£ô[39m tests/llm/provider-lmstudio.test.ts[2m > [22mLMStudioProvider[2m > [22mchat[2m > [22mdoes not combine tools with structured output constraints[32m 1[2mms[22m[39m
 [32mΓ£ô[39m tests/llm/provider-lmstudio.test.ts[2m > [22mLMStudioProvider[2m > [22mchat[2m > [22mpasses assistant tool_calls and tool results through in OpenAI format[32m 0[2mms[22m[39m
 [32mΓ£ô[39m tests/llm/provider-lmstudio.test.ts[2m > [22mLMStudioProvider[2m > [22mchat[2m > [22mtranslates native LM Studio tool_calls into the runner tool-call envelope[32m 0[2mms[22m[39m
 [32mΓ£ô[39m tests/llm/provider-lmstudio.test.ts[2m > [22mLMStudioProvider[2m > [22mchat[2m > [22mwraps plain-text final responses into the internal final envelope for tool loops[32m 0[2mms[22m[39m
 [32mΓ£ô[39m tests/llm/provider-lmstudio.test.ts[2m > [22mLMStudioProvider[2m > [22mchat[2m > [22mreturns parsed ChatResponse[32m 0[2mms[22m[39m
 [32mΓ£ô[39m tests/llm/provider-lmstudio.test.ts[2m > [22mLMStudioProvider[2m > [22mchat[2m > [22mreturns provider metadata envelopes for trace persistence[32m 0[2mms[22m[39m
 [32mΓ£ô[39m tests/llm/provider-lmstudio.test.ts[2m > [22mLMStudioProvider[2m > [22mchat[2m > [22mhandles missing usage gracefully[32m 0[2mms[22m[39m
 [32mΓ£ô[39m tests/llm/provider-lmstudio.test.ts[2m > [22mLMStudioProvider[2m > [22mchat[2m > [22mthrows clear error when LM Studio is not running[32m 1[2mms[22m[39m
 [32mΓ£ô[39m tests/llm/provider-lmstudio.test.ts[2m > [22mLMStudioProvider[2m > [22mchat[2m > [22mthrows on non-OK HTTP response[32m 1[2mms[22m[39m
 [32mΓ£ô[39m tests/llm/provider-lmstudio.test.ts[2m > [22mLMStudioProvider[2m > [22mchat[2m > [22muses custom baseUrl for requests[32m 0[2mms[22m[39m
 [32mΓ£ô[39m tests/pipeline/validators.test.ts[2m > [22mvalidators[2m > [22mvalidateStatClaims[2m > [22mvalidates passing yards within tolerance[32m 8[2mms[22m[39m
 [32mΓ£ô[39m tests/pipeline/validators.test.ts[2m > [22mvalidators[2m > [22mvalidateStatClaims[2m > [22mflags stats that exceed tolerance[32m 2[2mms[22m[39m
 [32mΓ£ô[39m tests/pipeline/validators.test.ts[2m > [22mvalidators[2m > [22mvalidateStatClaims[2m > [22mhandles missing player data gracefully[32m 1[2mms[22m[39m
 [32mΓ£ô[39m tests/pipeline/validators.test.ts[2m > [22mvalidators[2m > [22mvalidateStatClaims[2m > [22mvalidates rushing yards[32m 1[2mms[22m[39m
 [32mΓ£ô[39m tests/pipeline/validators.test.ts[2m > [22mvalidators[2m > [22mvalidateDraftClaims[2m > [22mverifies correct draft information[32m 1[2mms[22m[39m
 [32mΓ£ô[39m tests/pipeline/validators.test.ts[2m > [22mvalidators[2m > [22mvalidateDraftClaims[2m > [22mflags incorrect round[32m 1[2mms[22m[39m
 [32mΓ£ô[39m tests/pipeline/validators.test.ts[2m > [22mvalidators[2m > [22mvalidateDraftClaims[2m > [22mflags incorrect pick number[32m 1[2mms[22m[39m
 [32mΓ£ô[39m tests/pipeline/validators.test.ts[2m > [22mvalidators[2m > [22mvalidateDraftClaims[2m > [22mhandles missing draft data gracefully[32m 1[2mms[22m[39m
 [32mΓ£ô[39m tests/pipeline/validators.test.ts[2m > [22mvalidators[2m > [22mvalidateDraftClaims[2m > [22mverifies correct pick for Walker[32m 1[2mms[22m[39m
 [32mΓ£ô[39m tests/pipeline/validators.test.ts[2m > [22mvalidators[2m > [22mbuildValidationReport[2m > [22mbuilds a markdown report with flagged and verified sections[32m 0[2mms[22m[39m
 [32mΓ£ô[39m tests/pipeline/validators.test.ts[2m > [22mvalidators[2m > [22mbuildValidationReport[2m > [22mhandles all-verified case[32m 0[2mms[22m[39m
 [32mΓ£ô[39m tests/pipeline/validators.test.ts[2m > [22mvalidators[2m > [22mbuildValidationReport[2m > [22mhandles no claims[32m 0[2mms[22m[39m
stderr | tests/e2e/edge-cases.test.ts > Auto-advance failure + retry > retry succeeds after adding idea.md ΓÇö article advances beyond stage 1
[writeDraft] Draft validation failed for 'edge-auto-advance-failure' (draft only 181 words), self-heal attempt 1/2

 [32mΓ£ô[39m tests/pipeline/claim-extractor.test.ts[2m > [22mclaim-extractor[2m > [22mextractClaims[2m > [22mextracts statistical claims[32m 4[2mms[22m[39m
 [32mΓ£ô[39m tests/pipeline/claim-extractor.test.ts[2m > [22mclaim-extractor[2m > [22mextractClaims[2m > [22mextracts touchdown claims when name is in same sentence[32m 0[2mms[22m[39m
 [32mΓ£ô[39m tests/pipeline/claim-extractor.test.ts[2m > [22mclaim-extractor[2m > [22mextractClaims[2m > [22mextracts interception claims when name is adjacent[32m 0[2mms[22m[39m
 [32mΓ£ô[39m tests/pipeline/claim-extractor.test.ts[2m > [22mclaim-extractor[2m > [22mextractClaims[2m > [22mextracts sack claims[32m 0[2mms[22m[39m
 [32mΓ£ô[39m tests/pipeline/claim-extractor.test.ts[2m > [22mclaim-extractor[2m > [22mextractClaims[2m > [22mextracts target share claims[32m 0[2mms[22m[39m
 [32mΓ£ô[39m tests/pipeline/claim-extractor.test.ts[2m > [22mclaim-extractor[2m > [22mextractClaims[2m > [22mextracts CPOE claims[32m 0[2mms[22m[39m
 [32mΓ£ô[39m tests/pipeline/claim-extractor.test.ts[2m > [22mclaim-extractor[2m > [22mextractClaims[2m > [22mextracts tackle claims when name is adjacent[32m 0[2mms[22m[39m
 [32mΓ£ô[39m tests/pipeline/claim-extractor.test.ts[2m > [22mclaim-extractor[2m > [22mextractClaims[2m > [22mextracts contract claims[32m 0[2mms[22m[39m
 [32mΓ£ô[39m tests/pipeline/claim-extractor.test.ts[2m > [22mclaim-extractor[2m > [22mextractClaims[2m > [22mextracts draft claims[32m 0[2mms[22m[39m
 [32mΓ£ô[39m tests/pipeline/claim-extractor.test.ts[2m > [22mclaim-extractor[2m > [22mextractClaims[2m > [22mextracts performance/ranking claims[32m 0[2mms[22m[39m
 [32mΓ£ô[39m tests/pipeline/claim-extractor.test.ts[2m > [22mclaim-extractor[2m > [22mextractClaimedPlayers[2m > [22mreturns unique player names across all claim types[32m 2[2mms[22m[39m
 [32mΓ£ô[39m tests/pipeline/claim-extractor.test.ts[2m > [22mclaim-extractor[2m > [22mtotalClaimCount[2m > [22msums claims across all categories[32m 1[2mms[22m[39m
 [32mΓ£ô[39m tests/pipeline/claim-extractor.test.ts[2m > [22mclaim-extractor[2m > [22mtotalClaimCount[2m > [22mreturns 0 for text with no claims[32m 0[2mms[22m[39m
 [32mΓ£ô[39m tests/pipeline/claim-extractor.test.ts[2m > [22mclaim-extractor[2m > [22medge cases[2m > [22mhandles empty input[32m 0[2mms[22m[39m
 [32mΓ£ô[39m tests/pipeline/claim-extractor.test.ts[2m > [22mclaim-extractor[2m > [22medge cases[2m > [22mhandles text with no player names[32m 0[2mms[22m[39m
 [32mΓ£ô[39m tests/pipeline/claim-extractor.test.ts[2m > [22mclaim-extractor[2m > [22medge cases[2m > [22mhandles players with suffixes (Jr., III)[32m 0[2mms[22m[39m
 [32mΓ£ô[39m tests/pipeline/claim-extractor.test.ts[2m > [22mclaim-extractor[2m > [22medge cases[2m > [22mdeduplicates identical claims[32m 0[2mms[22m[39m
 [32mΓ£ô[39m tests/llm/model-policy.test.ts[2m > [22mModelPolicy[2m > [22mresolve[2m > [22mresolves writer model[32m 2[2mms[22m[39m
 [32mΓ£ô[39m tests/llm/model-policy.test.ts[2m > [22mModelPolicy[2m > [22mresolve[2m > [22mresolves lightweight model[32m 0[2mms[22m[39m
 [32mΓ£ô[39m tests/llm/model-policy.test.ts[2m > [22mModelPolicy[2m > [22mresolve[2m > [22mresolves panel model by depth level[32m 1[2mms[22m[39m
 [32mΓ£ô[39m tests/llm/model-policy.test.ts[2m > [22mModelPolicy[2m > [22mresolve[2m > [22mrequires editorial controls for panel stage[32m 1[2mms[22m[39m
 [32mΓ£ô[39m tests/llm/model-policy.test.ts[2m > [22mModelPolicy[2m > [22mresolve[2m > [22mresolves by task family directly[32m 0[2mms[22m[39m
 [32mΓ£ô[39m tests/llm/model-policy.test.ts[2m > [22mModelPolicy[2m > [22mresolve[2m > [22mapplies model override[32m 0[2mms[22m[39m
 [32mΓ£ô[39m tests/llm/model-policy.test.ts[2m > [22mModelPolicy[2m > [22mresolve[2m > [22mrejects unsupported override model[32m 0[2mms[22m[39m
 [32mΓ£ô[39m tests/llm/model-policy.test.ts[2m > [22mModelPolicy[2m > [22mresolve[2m > [22mreturns correct output budget[32m 0[2mms[22m[39m
 [32mΓ£ô[39m tests/llm/model-policy.test.ts[2m > [22mModelPolicy[2m > [22mresolve[2m > [22mresolves editor model[32m 0[2mms[22m[39m
 [32mΓ£ô[39m tests/llm/model-policy.test.ts[2m > [22mModelPolicy[2m > [22mallSupportedModels[2m > [22mreturns all models across tiers[32m 1[2mms[22m[39m
 [32mΓ£ô[39m tests/llm/model-policy.test.ts[2m > [22mModelPolicy[2m > [22mallSupportedModels[2m > [22mhas no duplicates[32m 0[2mms[22m[39m
 [32mΓ£ô[39m tests/llm/model-policy.test.ts[2m > [22mModelPolicy[2m > [22mtierForModel[2m > [22mfinds tier for known model[32m 0[2mms[22m[39m
 [32mΓ£ô[39m tests/llm/model-policy.test.ts[2m > [22mModelPolicy[2m > [22mtierForModel[2m > [22mreturns nulls for unknown model[32m 0[2mms[22m[39m
 [32mΓ£ô[39m tests/llm/model-policy.test.ts[2m > [22mModelPolicy[2m > [22mgetPanelSizeLimits[2m > [22mreturns limits for casual fan[32m 1[2mms[22m[39m
 [32mΓ£ô[39m tests/llm/model-policy.test.ts[2m > [22mModelPolicy[2m > [22mgetPanelSizeLimits[2m > [22mreturns limits for deep dive[32m 0[2mms[22m[39m
 [32mΓ£ô[39m tests/llm/model-policy.test.ts[2m > [22mModelPolicy[2m > [22mgetPanelSizeLimits[2m > [22mreturns limits for feature (depth 4)[32m 0[2mms[22m[39m
 [32mΓ£ô[39m tests/llm/model-policy.test.ts[2m > [22mModelPolicy[2m > [22mgetPanelSizeLimits[2m > [22mkeeps narrative features on the beat-sized default panel tier[32m 0[2mms[22m[39m
 [32mΓ£ô[39m tests/llm/model-policy.test.ts[2m > [22mModelPolicy[2m > [22mgetPanelSizeLimits[2m > [22muses panel shape for complex comparison panels[32m 1[2mms[22m[39m
 [32mΓ£ô[39m tests/llm/model-policy.test.ts[2m > [22mModelPolicy[2m > [22mgetPanelSizeLimits[2m > [22mthrows for invalid depth level[32m 1[2mms[22m[39m
stderr | tests/e2e/edge-cases.test.ts > Auto-advance failure + retry > retry succeeds after adding idea.md ΓÇö article advances beyond stage 1
[writeDraft] Draft validation failed for 'edge-auto-advance-failure' (draft only 181 words), self-heal attempt 2/2

 [32mΓ£ô[39m tests/migration/migrate.test.ts[2m > [22mmigrate[2m > [22mhandles missing v1 files gracefully[32m 128[2mms[22m[39m
 [32mΓ£ô[39m tests/dashboard/settings-routes.test.ts[2m > [22mSettings API Routes[2m > [22mPOST /api/settings/secrets[2m > [22mstores image secrets from form[32m 73[2mms[22m[39m
 [32mΓ£ô[39m tests/dashboard/settings-routes.test.ts[2m > [22mSettings API Routes[2m > [22mPOST /api/settings/secrets[2m > [22mreturns error when crypto is unavailable[32m 71[2mms[22m[39m
stderr | tests/e2e/edge-cases.test.ts > Auto-advance failure + retry > retry succeeds after adding idea.md ΓÇö article advances beyond stage 1
[auto-advance] Stage 4 failed: Writer draft failed validation after 2 self-heal attempt(s): Draft has 181 words (minimum 200)

 [32mΓ£ô[39m tests/dashboard/server.test.ts[2m > [22mDashboard Server[2m > [22mAPI routes[2m > [22mGET /api/articles returns JSON array[32m 68[2mms[22m[39m
 [32mΓ£ô[39m tests/dashboard/server.test.ts[2m > [22mDashboard Server[2m > [22mAPI routes[2m > [22mGET /api/articles filters by stage[32m 65[2mms[22m[39m
 [31m├ù[39m tests/dashboard/publish.test.ts[2m > [22mPublish Workflow[2m > [22mPOST /api/articles/:id/draft[2m > [22muploads and includes cover image when manifest present[32m 81[2mms[22m[39m
[31m   ΓåÆ expected '<figure><img src="/images/cover-test/ΓÇª' to contain '<h1>Article</h1>'[39m
 [32mΓ£ô[39m tests/dashboard/publish.test.ts[2m > [22mPublish Workflow[2m > [22mPOST /api/articles/:id/draft[2m > [22muploads and intersperses inline images when manifest present[32m 75[2mms[22m[39m
 [32mΓ£ô[39m tests/pipeline/engine.test.ts[2m > [22mPipelineEngine[2m > [22mcanAdvance[2m > [22mallows 5ΓåÆ6 when draft.md has 800+ words[32m 55[2mms[22m[39m
 [32mΓ£ô[39m tests/pipeline/engine.test.ts[2m > [22mPipelineEngine[2m > [22mcanAdvance[2m > [22mblocks 5ΓåÆ6 when draft.md has < 200 words[32m 54[2mms[22m[39m
 [32mΓ£ô[39m tests/agents/runner.test.ts[2m > [22mAgentRunner[2m > [22mrun[2m > [22mpersists canonical llm traces when trace context is provided[32m 89[2mms[22m[39m
 [32mΓ£ô[39m tests/agents/runner.test.ts[2m > [22mAgentRunner[2m > [22mrun[2m > [22mexecutes a bounded tool loop and stores tool call metadata in traces[32m 86[2mms[22m[39m
 [32mΓ£ô[39m tests/db/repository.test.ts[2m > [22mRepository[2m > [22mstage runs[2m > [22mlinks stage run to article run[32m 59[2mms[22m[39m
 [32mΓ£ô[39m tests/db/repository.test.ts[2m > [22mRepository[2m > [22mstage runs[2m > [22mrejects mismatched article run[32m 56[2mms[22m[39m
 [32mΓ£ô[39m tests/pipeline/actions.test.ts[2m > [22mSTAGE_ACTIONS[2m > [22mparsePanelComposition[2m > [22mparses standard panel-composition format[32m 87[2mms[22m[39m
 [32mΓ£ô[39m tests/pipeline/actions.test.ts[2m > [22mSTAGE_ACTIONS[2m > [22mparsePanelComposition[2m > [22mparses colon-separated format[32m 81[2mms[22m[39m
 [32mΓ£ô[39m tests/llm/provider-mock.test.ts[2m > [22mMockProvider[2m > [22msetResponse[2m > [22moverrides the default content[33m 385[2mms[22m[39m
 [32mΓ£ô[39m tests/migration/migrate.test.ts[2m > [22mmigrate[2m > [22mrunning twice does not duplicate[33m 354[2mms[22m[39m
 [32mΓ£ô[39m tests/e2e/edge-cases.test.ts[2m > [22mAuto-advance failure + retry[2m > [22mretry succeeds after adding idea.md ΓÇö article advances beyond stage 1[33m 1535[2mms[22m[39m
 [32mΓ£ô[39m tests/dashboard/server.test.ts[2m > [22mDashboard Server[2m > [22mAPI routes[2m > [22mGET /api/articles/:id returns single article[32m 63[2mms[22m[39m
 [32mΓ£ô[39m tests/dashboard/server.test.ts[2m > [22mDashboard Server[2m > [22mAPI routes[2m > [22mGET /api/articles/:id returns 404 for missing[32m 57[2mms[22m[39m
 [32mΓ£ô[39m tests/dashboard/publish.test.ts[2m > [22mPublish Workflow[2m > [22mPOST /api/articles/:id/draft[2m > [22mrewrites markdown image nodes to uploaded Substack URLs without duplicating them[32m 77[2mms[22m[39m
 [32mΓ£ô[39m tests/dashboard/publish.test.ts[2m > [22mPublish Workflow[2m > [22mPOST /api/articles/:id/publish[2m > [22mpublishes existing draft and advances to Stage 8[32m 72[2mms[22m[39m
 [32mΓ£ô[39m tests/pipeline/engine.test.ts[2m > [22mPipelineEngine[2m > [22mcanAdvance[2m > [22mblocks 5ΓåÆ6 when draft.md is long enough but missing the TLDR contract[32m 55[2mms[22m[39m
 [32mΓ£ô[39m tests/pipeline/engine.test.ts[2m > [22mPipelineEngine[2m > [22mcanAdvance[2m > [22mblocks 5ΓåÆ6 when draft.md has too few TLDR bullets[32m 51[2mms[22m[39m
 [32mΓ£ô[39m tests/agents/runner.test.ts[2m > [22mAgentRunner[2m > [22mrun[2m > [22mparses qwen-style wrapped JSON during tool loops[32m 79[2mms[22m[39m
 [32mΓ£ô[39m tests/db/repository.test.ts[2m > [22mRepository[2m > [22mstage runs[2m > [22mrejects nonexistent article run[32m 54[2mms[22m[39m
 [32mΓ£ô[39m tests/db/repository.test.ts[2m > [22mRepository[2m > [22mstage runs[2m > [22mrejects invalid stage[32m 50[2mms[22m[39m
 [32mΓ£ô[39m tests/pipeline/actions.test.ts[2m > [22mSTAGE_ACTIONS[2m > [22mparsePanelComposition[2m > [22mreturns empty array for unparseable content[32m 82[2mms[22m[39m
 [32mΓ£ô[39m tests/pipeline/actions.test.ts[2m > [22mSTAGE_ACTIONS[2m > [22mparsePanelComposition[2m > [22mreturns empty array for empty content[32m 72[2mms[22m[39m
 [32mΓ£ô[39m tests/dashboard/settings-routes.test.ts[2m > [22mSettings API Routes[2m > [22mPOST /api/settings/secrets/clear[2m > [22mclears a secret[32m 74[2mms[22m[39m
 [32mΓ£ô[39m tests/dashboard/settings-routes.test.ts[2m > [22mSettings API Routes[2m > [22mGET /api/settings/effective[2m > [22mreturns effective settings JSON[32m 69[2mms[22m[39m
 [32mΓ£ô[39m tests/e2e/edge-cases.test.ts[2m > [22mAuto-advance failure + retry[2m > [22mstage_runs records a completed entry after retry[32m 3[2mms[22m[39m
 [32mΓ£ô[39m tests/e2e/edge-cases.test.ts[2m > [22mStage regression + re-advance[2m > [22mcreates article and advances to stage 5[32m 17[2mms[22m[39m
 [32mΓ£ô[39m tests/e2e/edge-cases.test.ts[2m > [22mStage regression + re-advance[2m > [22mcaptures original artifact content before regression[32m 0[2mms[22m[39m
 [32mΓ£ô[39m tests/e2e/edge-cases.test.ts[2m > [22mStage regression + re-advance[2m > [22mregresses from stage 5 to stage 3 via API[32m 8[2mms[22m[39m
 [32mΓ£ô[39m tests/e2e/edge-cases.test.ts[2m > [22mStage regression + re-advance[2m > [22martifacts from stages above 3 are cleared[32m 1[2mms[22m[39m
 [32mΓ£ô[39m tests/e2e/edge-cases.test.ts[2m > [22mStage regression + re-advance[2m > [22mre-advances to stage 4 with fresh artifacts distinct from originals[32m 5[2mms[22m[39m
 [32mΓ£ô[39m tests/e2e/edge-cases.test.ts[2m > [22mStage regression + re-advance[2m > [22mregression is recorded in stage transitions[32m 0[2mms[22m[39m
 [32mΓ£ô[39m tests/e2e/edge-cases.test.ts[2m > [22mEditor REVISE verdict loop[2m > [22mcreates article and advances to stage 5 (draft stage)[32m 13[2mms[22m[39m
 [32mΓ£ô[39m tests/e2e/edge-cases.test.ts[2m > [22mEditor REVISE verdict loop[2m > [22mwrites draft.md and advances 5ΓåÆ6[32m 5[2mms[22m[39m
 [32mΓ£ô[39m tests/e2e/edge-cases.test.ts[2m > [22mEditor REVISE verdict loop[2m > [22mREVISE verdict blocks advance from stage 6ΓåÆ7[32m 2[2mms[22m[39m
 [32mΓ£ô[39m tests/e2e/edge-cases.test.ts[2m > [22mEditor REVISE verdict loop[2m > [22mregresses to stage 4 for draft rewrite[32m 6[2mms[22m[39m
 [32mΓ£ô[39m tests/e2e/edge-cases.test.ts[2m > [22mEditor REVISE verdict loop[2m > [22mrewrites draft and advances back through 4ΓåÆ5ΓåÆ6[32m 6[2mms[22m[39m
 [32mΓ£ô[39m tests/e2e/edge-cases.test.ts[2m > [22mEditor REVISE verdict loop[2m > [22mAPPROVE verdict advances from stage 6ΓåÆ7[32m 4[2mms[22m[39m
 [32mΓ£ô[39m tests/e2e/edge-cases.test.ts[2m > [22mConcurrent article creation[2m > [22mcreates two articles concurrently[32m 7[2mms[22m[39m
 [32mΓ£ô[39m tests/e2e/edge-cases.test.ts[2m > [22mConcurrent article creation[2m > [22madvances each article independently to different stages[32m 13[2mms[22m[39m
 [32mΓ£ô[39m tests/e2e/edge-cases.test.ts[2m > [22mConcurrent article creation[2m > [22martifacts are isolated per article[32m 0[2mms[22m[39m
 [32mΓ£ô[39m tests/e2e/edge-cases.test.ts[2m > [22mConcurrent article creation[2m > [22mstage_runs are isolated per article[32m 4[2mms[22m[39m
 [32mΓ£ô[39m tests/e2e/edge-cases.test.ts[2m > [22mConcurrent article creation[2m > [22mstage transitions are isolated per article[32m 0[2mms[22m[39m
 [32mΓ£ô[39m tests/e2e/edge-cases.test.ts[2m > [22mGuard failures[2m > [22mrejects advance from stage 1 without idea.md[32m 3[2mms[22m[39m
 [32mΓ£ô[39m tests/e2e/edge-cases.test.ts[2m > [22mGuard failures[2m > [22mrejects advance from stage 4 without discussion-summary.md[32m 10[2mms[22m[39m
 [32mΓ£ô[39m tests/dashboard/server.test.ts[2m > [22mDashboard Server[2m > [22mAPI routes[2m > [22mPOST /api/articles creates article[32m 58[2mms[22m[39m
 [32mΓ£ô[39m tests/dashboard/server.test.ts[2m > [22mDashboard Server[2m > [22mAPI routes[2m > [22mPOST /api/articles returns 400 without required fields[32m 52[2mms[22m[39m
 [32mΓ£ô[39m tests/pipeline/engine.test.ts[2m > [22mPipelineEngine[2m > [22mcanAdvance[2m > [22mallows 6ΓåÆ7 when editor approved[32m 50[2mms[22m[39m
 [32mΓ£ô[39m tests/pipeline/engine.test.ts[2m > [22mPipelineEngine[2m > [22mcanAdvance[2m > [22mblocks 6ΓåÆ7 when editor verdict is REVISE[32m 49[2mms[22m[39m
stderr | tests/e2e/edge-cases.test.ts > Auto-advance REVISE loop via autoAdvanceArticle > REVISE ΓåÆ retry ΓåÆ APPROVED: auto-advances with one revision cycle
[runDiscussion] Could not parse panel-composition.md for 'edge-auto-revise-retry', falling back to single-moderator

 [32mΓ£ô[39m tests/llm/providers.test.ts[2m > [22mGeminiProvider[2m > [22mlistModels[2m > [22mreturns known Gemini models[32m 2[2mms[22m[39m
 [32mΓ£ô[39m tests/llm/providers.test.ts[2m > [22mGeminiProvider[2m > [22msupportsModel[2m > [22msupports listed models[32m 0[2mms[22m[39m
 [32mΓ£ô[39m tests/llm/providers.test.ts[2m > [22mGeminiProvider[2m > [22msupportsModel[2m > [22msupports any gemini- prefixed model[32m 0[2mms[22m[39m
 [32mΓ£ô[39m tests/llm/providers.test.ts[2m > [22mGeminiProvider[2m > [22msupportsModel[2m > [22mrejects non-gemini models[32m 0[2mms[22m[39m
 [32mΓ£ô[39m tests/llm/providers.test.ts[2m > [22mGeminiProvider[2m > [22mAPI key validation[2m > [22mthrows when no API key is available[32m 1[2mms[22m[39m
 [32mΓ£ô[39m tests/llm/providers.test.ts[2m > [22mGeminiProvider[2m > [22mAPI key validation[2m > [22muses env var when no constructor key[32m 1[2mms[22m[39m
 [32mΓ£ô[39m tests/llm/providers.test.ts[2m > [22mGeminiProvider[2m > [22mrequest mapping[2m > [22mmaps system message to systemInstruction[32m 1[2mms[22m[39m
 [32mΓ£ô[39m tests/llm/providers.test.ts[2m > [22mGeminiProvider[2m > [22mrequest mapping[2m > [22mmaps assistant role to model role[32m 0[2mms[22m[39m
 [32mΓ£ô[39m tests/llm/providers.test.ts[2m > [22mGeminiProvider[2m > [22mrequest mapping[2m > [22msends temperature and maxOutputTokens in generationConfig[32m 0[2mms[22m[39m
 [32mΓ£ô[39m tests/llm/providers.test.ts[2m > [22mGeminiProvider[2m > [22mrequest mapping[2m > [22mdoes NOT set responseMimeType (system prompt handles JSON)[32m 0[2mms[22m[39m
 [32mΓ£ô[39m tests/llm/providers.test.ts[2m > [22mGeminiProvider[2m > [22mrequest mapping[2m > [22msends native Gemini tool declarations when tools are provided[32m 0[2mms[22m[39m
 [32mΓ£ô[39m tests/llm/providers.test.ts[2m > [22mGeminiProvider[2m > [22mrequest mapping[2m > [22muses providerState contents and appends trailing tool results[32m 0[2mms[22m[39m
 [32mΓ£ô[39m tests/llm/providers.test.ts[2m > [22mGeminiProvider[2m > [22mresponse parsing[2m > [22mparses a successful response with usage[32m 0[2mms[22m[39m
 [32mΓ£ô[39m tests/llm/providers.test.ts[2m > [22mGeminiProvider[2m > [22mresponse parsing[2m > [22mhandles empty candidates gracefully[32m 0[2mms[22m[39m
 [32mΓ£ô[39m tests/llm/providers.test.ts[2m > [22mGeminiProvider[2m > [22mresponse parsing[2m > [22mthrows on non-OK response[32m 0[2mms[22m[39m
 [32mΓ£ô[39m tests/llm/providers.test.ts[2m > [22mGeminiProvider[2m > [22mURL construction[2m > [22mbuilds correct endpoint URL with model and key[32m 0[2mms[22m[39m
 [32mΓ£ô[39m tests/llm/providers.test.ts[2m > [22mLocalProvider[2m > [22mconstruction[2m > [22muses default base URL http://localhost:11434[32m 0[2mms[22m[39m
 [32mΓ£ô[39m tests/llm/providers.test.ts[2m > [22mLocalProvider[2m > [22mconstruction[2m > [22maccepts custom base URL[32m 0[2mms[22m[39m
 [32mΓ£ô[39m tests/llm/providers.test.ts[2m > [22mLocalProvider[2m > [22mconstruction[2m > [22mstrips trailing slashes from base URL[32m 0[2mms[22m[39m
 [32mΓ£ô[39m tests/llm/providers.test.ts[2m > [22mLocalProvider[2m > [22msupportsModel[2m > [22mreturns true for any model name[32m 0[2mms[22m[39m
 [32mΓ£ô[39m tests/llm/providers.test.ts[2m > [22mLocalProvider[2m > [22mrequest mapping[2m > [22mmaps messages in OpenAI-compatible format[32m 0[2mms[22m[39m
 [32mΓ£ô[39m tests/llm/providers.test.ts[2m > [22mLocalProvider[2m > [22mrequest mapping[2m > [22msends temperature and max_tokens[32m 0[2mms[22m[39m
 [32mΓ£ô[39m tests/llm/providers.test.ts[2m > [22mLocalProvider[2m > [22mrequest mapping[2m > [22msets response_format for json mode[32m 0[2mms[22m[39m
 [32mΓ£ô[39m tests/llm/providers.test.ts[2m > [22mLocalProvider[2m > [22mresponse parsing[2m > [22mparses a successful response with usage[32m 0[2mms[22m[39m
 [32mΓ£ô[39m tests/llm/providers.test.ts[2m > [22mLocalProvider[2m > [22mresponse parsing[2m > [22mthrows on non-OK response[32m 0[2mms[22m[39m
 [32mΓ£ô[39m tests/llm/providers.test.ts[2m > [22mLocalProvider[2m > [22mlistLocalModels[2m > [22mreturns models from /api/tags endpoint[32m 1[2mms[22m[39m
 [32mΓ£ô[39m tests/llm/providers.test.ts[2m > [22mLocalProvider[2m > [22mlistLocalModels[2m > [22mthrows on API error[32m 0[2mms[22m[39m
 [32mΓ£ô[39m tests/e2e/edge-cases.test.ts[2m > [22mGuard failures[2m > [22mrejects publish (7ΓåÆ8) without publisher-pass.md via executeTransition[32m 15[2mms[22m[39m
 [32mΓ£ô[39m tests/e2e/edge-cases.test.ts[2m > [22mGuard failures[2m > [22mrejects advance from stage 7 without publisher-pass.md artifact[32m 17[2mms[22m[39m
 [32mΓ£ô[39m tests/e2e/edge-cases.test.ts[2m > [22mGuard failures[2m > [22mblocks htmx advance from stage 7 even with publisher-pass.md (substack_url guard)[32m 18[2mms[22m[39m
 [32mΓ£ô[39m tests/e2e/edge-cases.test.ts[2m > [22mAuto-advance REVISE loop via autoAdvanceArticle[2m > [22mREVISE ΓåÆ retry ΓåÆ APPROVED: auto-advances with one revision cycle[32m 125[2mms[22m[39m
 [32mΓ£ô[39m tests/db/repository.test.ts[2m > [22mRepository[2m > [22mstage runs[2m > [22mfinishes with artifact path[32m 51[2mms[22m[39m
 [32mΓ£ô[39m tests/db/repository.test.ts[2m > [22mRepository[2m > [22mstage runs[2m > [22mstores and queries llm traces by article and stage run[32m 64[2mms[22m[39m
stderr | tests/e2e/edge-cases.test.ts > Auto-advance REVISE loop via autoAdvanceArticle > force-approves after maxRevisions exceeded
[runDiscussion] Could not parse panel-composition.md for 'edge-auto-max-revisions', falling back to single-moderator

 [32mΓ£ô[39m tests/dashboard/publish.test.ts[2m > [22mPublish Workflow[2m > [22mPOST /api/articles/:id/publish[2m > [22mreturns error when publishing without an existing linked Substack draft[32m 62[2mms[22m[39m
 [32mΓ£ô[39m tests/dashboard/publish.test.ts[2m > [22mPublish Workflow[2m > [22mPOST /api/articles/:id/publish[2m > [22mreturns error when no article markdown exists for publish-now[32m 65[2mms[22m[39m
 [32mΓ£ô[39m tests/config/domain-knowledge.test.ts[2m > [22mStructured domain knowledge proof of concept[2m > [22mglossary seeds[2m > [22mincludes the proof-of-concept glossary files[32m 2[2mms[22m[39m
 [32mΓ£ô[39m tests/config/domain-knowledge.test.ts[2m > [22mStructured domain knowledge proof of concept[2m > [22mglossary seeds[2m > [22muses the shared glossary schema and entry fields[32m 2[2mms[22m[39m
 [32mΓ£ô[39m tests/config/domain-knowledge.test.ts[2m > [22mStructured domain knowledge proof of concept[2m > [22mteam identity sheets[2m > [22mincludes the initial proof-of-concept team sheets[32m 0[2mms[22m[39m
 [32mΓ£ô[39m tests/config/domain-knowledge.test.ts[2m > [22mStructured domain knowledge proof of concept[2m > [22mteam identity sheets[2m > [22mensures each proof-of-concept team sheet includes an H1 and the expected sections[32m 1[2mms[22m[39m
 [32mΓ£ô[39m tests/pipeline/actions.test.ts[2m > [22mSTAGE_ACTIONS[2m > [22mparsePanelComposition[2m > [22mhandles dash-separated format[32m 73[2mms[22m[39m
 [32mΓ£ô[39m tests/agents/runner.test.ts[2m > [22mAgentRunner[2m > [22mrun[2m > [22munwraps LM Studio typed wrapper args before executing tools[32m 74[2mms[22m[39m
 [32mΓ£ô[39m tests/agents/runner.test.ts[2m > [22mAgentRunner[2m > [22mrun[2m > [22mnormalizes message envelopes into final tool-loop responses[32m 74[2mms[22m[39m
 [32mΓ£ô[39m tests/pipeline/engine.test.ts[2m > [22mPipelineEngine[2m > [22mcanAdvance[2m > [22mallows 7ΓåÆ8 when publisher pass artifact exists and substack_url is set[32m 56[2mms[22m[39m
 [32mΓ£ô[39m tests/pipeline/engine.test.ts[2m > [22mPipelineEngine[2m > [22mcanAdvance[2m > [22mblocks 7ΓåÆ8 when publisher pass exists but substack_url is missing[32m 53[2mms[22m[39m
 [32mΓ£ô[39m tests/dashboard/server.test.ts[2m > [22mDashboard Server[2m > [22mAPI routes[2m > [22mPOST /api/ideas persists the selected provider on the article[32m 60[2mms[22m[39m
 [32mΓ£ô[39m tests/dashboard/server.test.ts[2m > [22mDashboard Server[2m > [22mAPI routes[2m > [22mPOST /api/articles/:id/advance advances stage[32m 64[2mms[22m[39m
 [32mΓ£ô[39m tests/db/repository.test.ts[2m > [22mRepository[2m > [22mrecoverOrphanedRuns[2m > [22mmarks orphaned stage_runs as interrupted[32m 54[2mms[22m[39m
 [32mΓ£ô[39m tests/db/repository.test.ts[2m > [22mRepository[2m > [22mrecoverOrphanedRuns[2m > [22mmarks orphaned article_runs as interrupted[32m 56[2mms[22m[39m
 [32mΓ£ô[39m tests/migration/migrate.test.ts[2m > [22mmigrate[2m > [22mrespects skipArticles flag[32m 202[2mms[22m[39m
stderr | tests/pipeline/actions.test.ts > STAGE_ACTIONS > writeDraft > recovers article-contract.md in writeDraft when the stage-4 artifact is missing
[writeDraft] article-contract.md missing for 'test-wd-generate-contract' ΓÇö generating as recovery

 [32mΓ£ô[39m tests/dashboard/publish.test.ts[2m > [22mPublish Workflow[2m > [22mPOST /api/articles/:id/publish[2m > [22mreturns error when SubstackService not configured[32m 56[2mms[22m[39m
 [32mΓ£ô[39m tests/dashboard/publish.test.ts[2m > [22mPublish Workflow[2m > [22mPOST /api/articles/:id/publish[2m > [22mreturns error when publish API fails[32m 66[2mms[22m[39m
 [32mΓ£ô[39m tests/e2e/edge-cases.test.ts[2m > [22mAuto-advance REVISE loop via autoAdvanceArticle[2m > [22mforce-approves after maxRevisions exceeded[32m 158[2mms[22m[39m
 [32mΓ£ô[39m tests/pipeline/actions.test.ts[2m > [22mSTAGE_ACTIONS[2m > [22mwriteDraft[2m > [22mcalls writer agent and writes draft.md[32m 118[2mms[22m[39m
 [32mΓ£ô[39m tests/pipeline/engine.test.ts[2m > [22mPipelineEngine[2m > [22mcanAdvance[2m > [22mrejects advance from stage 8 (no transition)[32m 53[2mms[22m[39m
 [32mΓ£ô[39m tests/pipeline/engine.test.ts[2m > [22mPipelineEngine[2m > [22minvalid transitions[2m > [22mcannot skip stages (no 1ΓåÆ3 transition)[32m 46[2mms[22m[39m
stderr | tests/e2e/edge-cases.test.ts > Auto-advance REVISE loop via autoAdvanceArticle > calls autoAdvanceArticle directly with correct step tracking
[runDiscussion] Could not parse panel-composition.md for 'edge-auto-direct-call', falling back to single-moderator

 [32mΓ£ô[39m tests/dashboard/server.test.ts[2m > [22mDashboard Server[2m > [22mAPI routes[2m > [22mPOST /api/articles/:id/advance returns 400 for stage mismatch[32m 61[2mms[22m[39m
 [32mΓ£ô[39m tests/dashboard/server.test.ts[2m > [22mDashboard Server[2m > [22mAPI routes[2m > [22mGET /api/pipeline/summary returns correct counts[32m 56[2mms[22m[39m
 [32mΓ£ô[39m tests/agents/runner.test.ts[2m > [22mAgentRunner[2m > [22mrun[2m > [22mnormalizes success data envelopes into final tool-loop responses[32m 80[2mms[22m[39m
 [32mΓ£ô[39m tests/agents/runner.test.ts[2m > [22mAgentRunner[2m > [22mrun[2m > [22mnormalizes structured panel selections into final markdown responses[32m 76[2mms[22m[39m
 [32mΓ£ô[39m tests/dashboard/format-date.test.ts[2m > [22mformatDate[2m > [22mreturns ΓÇö for null[32m 2[2mms[22m[39m
 [32mΓ£ô[39m tests/dashboard/format-date.test.ts[2m > [22mformatDate[2m > [22mhandles SQLite datetime format (space separator, no Z)[32m 1[2mms[22m[39m
 [32mΓ£ô[39m tests/dashboard/format-date.test.ts[2m > [22mformatDate[2m > [22mhandles ISO 8601 format with T and Z[32m 0[2mms[22m[39m
 [32mΓ£ô[39m tests/dashboard/format-date.test.ts[2m > [22mformatDate[2m > [22mshows "just now" for very recent timestamps[32m 0[2mms[22m[39m
 [32mΓ£ô[39m tests/dashboard/format-date.test.ts[2m > [22mformatDate[2m > [22mshows days ago for older timestamps[32m 0[2mms[22m[39m
 [32mΓ£ô[39m tests/config/domain-knowledge-content.test.ts[2m > [22mdomain knowledge glossary files[2m > [22mships the phase 1 glossary set[32m 2[2mms[22m[39m
 [32mΓ£ô[39m tests/config/domain-knowledge-content.test.ts[2m > [22mdomain knowledge glossary files[2m > [22mcaptures the factual schema required for issue 85[32m 3[2mms[22m[39m
 [32mΓ£ô[39m tests/config/domain-knowledge-content.test.ts[2m > [22mteam identity sheets[2m > [22mships the validated phase 3 team sheets[32m 1[2mms[22m[39m
 [32mΓ£ô[39m tests/config/domain-knowledge-content.test.ts[2m > [22mteam identity sheets[2m > [22muses the shared markdown layout required by Code[32m 1[2mms[22m[39m
 [32mΓ£ô[39m tests/db/repository.test.ts[2m > [22mRepository[2m > [22mrecoverOrphanedRuns[2m > [22mresets articles stuck in revision status[32m 52[2mms[22m[39m
 [32mΓ£ô[39m tests/db/repository.test.ts[2m > [22mRepository[2m > [22mrecoverOrphanedRuns[2m > [22mdoes not reset articles with active runs[32m 54[2mms[22m[39m
 [32mΓ£ô[39m tests/dashboard/extract-thinking.test.ts[2m > [22mextractThinking (dashboard)[2m > [22mextracts matched <think> pairs[32m 2[2mms[22m[39m
 [32mΓ£ô[39m tests/dashboard/extract-thinking.test.ts[2m > [22mextractThinking (dashboard)[2m > [22mextracts multiple matched pairs[32m 0[2mms[22m[39m
 [32mΓ£ô[39m tests/dashboard/extract-thinking.test.ts[2m > [22mextractThinking (dashboard)[2m > [22mhandles Qwen bare close tag[32m 0[2mms[22m[39m
 [32mΓ£ô[39m tests/dashboard/extract-thinking.test.ts[2m > [22mextractThinking (dashboard)[2m > [22mhandles prose prefix (Thinking Process:)[32m 0[2mms[22m[39m
 [32mΓ£ô[39m tests/dashboard/extract-thinking.test.ts[2m > [22mextractThinking (dashboard)[2m > [22mreturns null thinking when no thinking tokens present[32m 0[2mms[22m[39m
 [32mΓ£ô[39m tests/dashboard/extract-thinking.test.ts[2m > [22mextractThinking (dashboard)[2m > [22mtreats empty thinking tags as empty string[32m 0[2mms[22m[39m
 [32mΓ£ô[39m tests/dashboard/extract-thinking.test.ts[2m > [22mextractThinking (dashboard)[2m > [22mhandles <thinking> tags[32m 0[2mms[22m[39m
 [32mΓ£ô[39m tests/dashboard/extract-thinking.test.ts[2m > [22mextractThinking (dashboard)[2m > [22mhandles <reasoning> tags[32m 0[2mms[22m[39m
 [32mΓ£ô[39m tests/dashboard/extract-thinking.test.ts[2m > [22mextractThinking (dashboard)[2m > [22mpreserves markdown in output[32m 0[2mms[22m[39m
 [32mΓ£ô[39m tests/dashboard/extract-thinking.test.ts[2m > [22mextractThinking (dashboard)[2m > [22mtrims whitespace[32m 0[2mms[22m[39m
 [32mΓ£ô[39m tests/dashboard/extract-thinking.test.ts[2m > [22mextractThinking (dashboard)[2m > [22mfalls back to original content when stripped output is empty[32m 0[2mms[22m[39m
 [32mΓ£ô[39m tests/llm/copilot-article-stage.test.ts[2m > [22mCopilotProvider - article stage compatibility[2m > [22maccepts article-stage context without emitting CLI-only tool fields[32m 2[2mms[22m[39m
 [32mΓ£ô[39m tests/llm/copilot-article-stage.test.ts[2m > [22mCopilotProvider - article stage compatibility[2m > [22mdoes not create reusable sessions for article-stage calls[32m 1[2mms[22m[39m
 [32mΓ£ô[39m tests/types.test.ts[2m > [22mtypes[2m > [22mhas 8 valid stages[32m 2[2mms[22m[39m
 [32mΓ£ô[39m tests/types.test.ts[2m > [22mtypes[2m > [22mhas stage names for all stages[32m 0[2mms[22m[39m
 [32mΓ£ô[39m tests/types.test.ts[2m > [22mtypes[2m > [22mhas depth level map entries[32m 0[2mms[22m[39m
(node:74204) ExperimentalWarning: SQLite is an experimental feature and might change at any time
(Use `node --trace-warnings ...` to show where the warning was created)
 [32mΓ£ô[39m tests/llm/pricing.test.ts[2m > [22mpricing module[2m > [22mgetModelPricing[2m > [22mreturns pricing for known models[32m 1[2mms[22m[39m
 [32mΓ£ô[39m tests/llm/pricing.test.ts[2m > [22mpricing module[2m > [22mgetModelPricing[2m > [22mreturns undefined for unknown models[32m 0[2mms[22m[39m
 [32mΓ£ô[39m tests/llm/pricing.test.ts[2m > [22mpricing module[2m > [22mgetModelPricing[2m > [22mcovers all major model families[32m 0[2mms[22m[39m
 [32mΓ£ô[39m tests/llm/pricing.test.ts[2m > [22mpricing module[2m > [22mestimateCost[2m > [22mcalculates cost for a known model[32m 0[2mms[22m[39m
 [32mΓ£ô[39m tests/llm/pricing.test.ts[2m > [22mpricing module[2m > [22mestimateCost[2m > [22mcalculates cost proportionally for smaller token counts[32m 0[2mms[22m[39m
 [32mΓ£ô[39m tests/llm/pricing.test.ts[2m > [22mpricing module[2m > [22mestimateCost[2m > [22mreturns 0 for unknown models[32m 0[2mms[22m[39m
 [32mΓ£ô[39m tests/llm/pricing.test.ts[2m > [22mpricing module[2m > [22mestimateCost[2m > [22mreturns 0 for zero tokens[32m 0[2mms[22m[39m
 [32mΓ£ô[39m tests/llm/pricing.test.ts[2m > [22mpricing module[2m > [22mestimateCost[2m > [22mhandles output-only cost (zero prompt tokens)[32m 0[2mms[22m[39m
 [32mΓ£ô[39m tests/llm/pricing.test.ts[2m > [22mpricing module[2m > [22mestimateCost[2m > [22mopus models are more expensive than sonnet[32m 0[2mms[22m[39m
 [32mΓ£ô[39m tests/llm/pricing.test.ts[2m > [22mpricing module[2m > [22mestimateCost[2m > [22mmini models are cheaper than full models[32m 0[2mms[22m[39m
 [32mΓ£ô[39m tests/llm/pricing.test.ts[2m > [22mpricing module[2m > [22mlistPricedModels[2m > [22mreturns non-empty array[32m 0[2mms[22m[39m
 [32mΓ£ô[39m tests/llm/pricing.test.ts[2m > [22mpricing module[2m > [22mlistPricedModels[2m > [22mincludes common models[32m 1[2mms[22m[39m
 [2m[90mΓåô[39m[22m tests/e2e/lmstudio-scenario.test.ts[2m > [22mLM Studio real-provider scenario[2m > [22mruns idea generation through draft-stage audit on a clean runtime
 [32mΓ£ô[39m tests/pipeline/actions.test.ts[2m > [22mSTAGE_ACTIONS[2m > [22mwriteDraft[2m > [22mrecovers article-contract.md in writeDraft when the stage-4 artifact is missing[32m 111[2mms[22m[39m
 [32mΓ£ô[39m tests/pipeline/engine.test.ts[2m > [22mPipelineEngine[2m > [22minvalid transitions[2m > [22mcannot go backwards (stage 8 has no forward transition)[32m 50[2mms[22m[39m
 [32mΓ£ô[39m tests/pipeline/engine.test.ts[2m > [22mPipelineEngine[2m > [22madvance[2m > [22madvances article from stage 1 to 2[32m 65[2mms[22m[39m
 [32mΓ£ô[39m tests/e2e/edge-cases.test.ts[2m > [22mAuto-advance REVISE loop via autoAdvanceArticle[2m > [22mcalls autoAdvanceArticle directly with correct step tracking[32m 80[2mms[22m[39m
 [32mΓ£ô[39m tests/e2e/edge-cases.test.ts[2m > [22mAuto-advance REVISE loop via autoAdvanceArticle[2m > [22mworks in lightweight mode (no ActionContext)[32m 18[2mms[22m[39m
 [32mΓ£ô[39m tests/dashboard/publish.test.ts[2m > [22mPublish Workflow[2m > [22mPOST /api/articles/:id/publish[2m > [22mreturns htmx HTML for published result[32m 68[2mms[22m[39m
 [32mΓ£ô[39m tests/dashboard/publish.test.ts[2m > [22mPublish Workflow[2m > [22mPOST /api/articles/:id/publish[2m > [22mreturns an actionable HTMX message when publish is unavailable[32m 76[2mms[22m[39m
 [32mΓ£ô[39m tests/agents/runner.test.ts[2m > [22mAgentRunner[2m > [22mrun[2m > [22mreturns validation failures as tool-role messages with hints[32m 71[2mms[22m[39m
 [32mΓ£ô[39m tests/agents/runner.test.ts[2m > [22mAgentRunner[2m > [22mrun[2m > [22mrejects raw JSON data payloads and re-prompts for a real answer[32m 77[2mms[22m[39m
 [32mΓ£ô[39m tests/dashboard/server.test.ts[2m > [22mDashboard Server[2m > [22mAPI routes[2m > [22mPOST /api/agents/refresh-all remains available and returns 503 without runner or memory[32m 49[2mms[22m[39m
 [32mΓ£ô[39m tests/dashboard/server.test.ts[2m > [22mDashboard Server[2m > [22mhtmx partial routes[2m > [22mGET /htmx/pipeline-summary returns HTML fragment[32m 63[2mms[22m[39m
 [32mΓ£ô[39m tests/migration/migrate.test.ts[2m > [22mmigrate[2m > [22mrespects skipMemory flag[32m 207[2mms[22m[39m
 [32mΓ£ô[39m tests/db/repository.test.ts[2m > [22mRepository[2m > [22mrecoverOrphanedRuns[2m > [22mreturns zeros when nothing to recover[32m 60[2mms[22m[39m
 [32mΓ£ô[39m tests/db/repository.test.ts[2m > [22mRepository[2m > [22musage events[2m > [22mrecords and retrieves usage events[32m 55[2mms[22m[39m
 [32mΓ£ô[39m tests/pipeline/actions.test.ts[2m > [22mSTAGE_ACTIONS[2m > [22mwriteDraft[2m > [22mpasses the canonical TLDR contract to the writer via the substack-article skill[32m 114[2mms[22m[39m
 [32mΓ£ô[39m tests/pipeline/engine.test.ts[2m > [22mPipelineEngine[2m > [22madvance[2m > [22madvances through multiple stages sequentially[32m 65[2mms[22m[39m
 [32mΓ£ô[39m tests/pipeline/engine.test.ts[2m > [22mPipelineEngine[2m > [22madvance[2m > [22mthrows when guard fails[32m 46[2mms[22m[39m
 [32mΓ£ô[39m tests/dashboard/publish.test.ts[2m > [22mPublish Workflow[2m > [22mPOST /api/articles/:id/publish[2m > [22mupdates article with substack_url on publish[32m 68[2mms[22m[39m
 [32mΓ£ô[39m tests/dashboard/publish.test.ts[2m > [22mPublish Workflow[2m > [22mPOST /api/articles/:id/publish[2m > [22mreturns 404 for missing article[32m 46[2mms[22m[39m
 [32mΓ£ô[39m tests/dashboard/server.test.ts[2m > [22mDashboard Server[2m > [22mhtmx partial routes[2m > [22mGET /htmx/articles/:id/live-sidebar is retired with the removed article live sidebar surface[32m 147[2mms[22m[39m
 [32mΓ£ô[39m tests/migration/migrate.test.ts[2m > [22mmigrate[2m > [22msupports custom league parameter[32m 194[2mms[22m[39m
 [32mΓ£ô[39m tests/pipeline/copilot-integration.test.ts[2m > [22mPipeline - Copilot provider integration[2m > [22mroutes article-stage requests through the gateway without CLI-only metadata[32m 3[2mms[22m[39m
 [32mΓ£ô[39m tests/pipeline/copilot-integration.test.ts[2m > [22mPipeline - Copilot provider integration[2m > [22mkeeps non-article requests on the same plain provider contract[32m 0[2mms[22m[39m
 [32mΓ£ô[39m tests/db/repository.test.ts[2m > [22mRepository[2m > [22musage events[2m > [22mreturns full article usage history by default[32m 137[2mms[22m[39m
 [32mΓ£ô[39m tests/dashboard/publish.test.ts[2m > [22mPublish Workflow[2m > [22mPOST /api/articles/:id/note[2m > [22mposts a note and returns success[32m 50[2mms[22m[39m
 [32mΓ£ô[39m tests/dashboard/publish.test.ts[2m > [22mPublish Workflow[2m > [22mPOST /api/articles/:id/note[2m > [22mreturns error when SubstackService not configured[32m 44[2mms[22m[39m
 [32mΓ£ô[39m tests/llm/provider-mock.test.ts[2m > [22mMockProvider[2m > [22msetResponse[2m > [22moverride persists across multiple calls[33m 555[2mms[22m[39m
 [32mΓ£ô[39m tests/pipeline/engine.test.ts[2m > [22mPipelineEngine[2m > [22madvance[2m > [22mthrows when repository rejects stale fromStage[32m 45[2mms[22m[39m
 [32mΓ£ô[39m tests/pipeline/engine.test.ts[2m > [22mPipelineEngine[2m > [22madvance[2m > [22muses default agent name when not provided[32m 43[2mms[22m[39m
 [32mΓ£ô[39m tests/pipeline/engine.test.ts[2m > [22mPipelineEngine[2m > [22mgetAvailableActions[2m > [22mreturns matching actions when guard passes[32m 41[2mms[22m[39m
 [32mΓ£ô[39m tests/pipeline/actions.test.ts[2m > [22mSTAGE_ACTIONS[2m > [22mwriteDraft[2m > [22mpasses the bounded writer fact-check policy to the writer prompt[32m 97[2mms[22m[39m
 [32mΓ£ô[39m tests/pipeline/actions.test.ts[2m > [22mSTAGE_ACTIONS[2m > [22mwriteDraft[2m > [22mpasses a short editor-style preflight checklist to the writer prompt[32m 83[2mms[22m[39m
 [32mΓ£ô[39m tests/dashboard/server.test.ts[2m > [22mDashboard Server[2m > [22mhtmx partial routes[2m > [22mGET /htmx/ready-to-publish returns HTML fragment[32m 43[2mms[22m[39m
 [32mΓ£ô[39m tests/dashboard/server.test.ts[2m > [22mDashboard Server[2m > [22mhtmx partial routes[2m > [22mGET /htmx/ready-to-publish shows stage 7 articles[32m 61[2mms[22m[39m
stderr | tests/pipeline/actions.test.ts > STAGE_ACTIONS > writeDraft > self-heals drafts missing the TLDR structure before succeeding
[writeDraft] Draft validation failed for 'test-wd-repair' (Draft structure: missing required TLDR block near the top of the article), self-heal attempt 1/2

 [32mΓ£ô[39m tests/pipeline/validation.test.ts[2m > [22mvalidatePipelineConfig[2m > [22mreturns no errors for the current production config[32m 2[2mms[22m[39m
 [32mΓ£ô[39m tests/pipeline/validation.test.ts[2m > [22mvalidatePipelineConfig[2m > [22mreturns no warnings for the current production config[32m 0[2mms[22m[39m
 [32mΓ£ô[39m tests/pipeline/validation.test.ts[2m > [22mvalidatePipelineConfig[2m > [22massertPipelineConfigValid does not throw for valid config[32m 1[2mms[22m[39m
 [32mΓ£ô[39m tests/db/repository.test.ts[2m > [22mRepository[2m > [22musage events[2m > [22morders article usage history deterministically when timestamps tie[32m 43[2mms[22m[39m
 [32mΓ£ô[39m tests/db/repository.test.ts[2m > [22mRepository[2m > [22musage events[2m > [22muses the article history index for full usage history reads[32m 48[2mms[22m[39m
 [32mΓ£ô[39m tests/db/repository.test.ts[2m > [22mRepository[2m > [22musage events[2m > [22mrejects nonexistent article[32m 42[2mms[22m[39m
 [32mΓ£ô[39m tests/services/recurring-scheduler.test.ts[2m > [22mcalcNextRunAt[2m > [22mreturns the correct next Tuesday when called on a Monday[32m 2[2mms[22m[39m
 [32mΓ£ô[39m tests/services/recurring-scheduler.test.ts[2m > [22mcalcNextRunAt[2m > [22mreturns the next week when called on Tuesday after the slot time[32m 0[2mms[22m[39m
 [32mΓ£ô[39m tests/services/recurring-scheduler.test.ts[2m > [22mcalcNextRunAt[2m > [22mreturns same-day slot when called before the slot time on that day[32m 0[2mms[22m[39m
 [32mΓ£ô[39m tests/services/recurring-scheduler.test.ts[2m > [22mcalcNextRunAt[2m > [22mreturns correct next Thursday from a Tuesday[32m 0[2mms[22m[39m
 [32mΓ£ô[39m tests/services/recurring-scheduler.test.ts[2m > [22mcalcNextRunAt[2m > [22mTuesday accessible (depth 1) vs Thursday deep dive (depth 3) produce different next dates[32m 0[2mms[22m[39m
 [32mΓ£ô[39m tests/services/recurring-scheduler.test.ts[2m > [22mcalcNextRunAt[2m > [22mhandles time string with leading zero[32m 0[2mms[22m[39m
 [32mΓ£ô[39m tests/services/recurring-scheduler.test.ts[2m > [22mcalcNextRunAt[2m > [22mhandles midnight time[32m 0[2mms[22m[39m
 [32mΓ£ô[39m tests/dashboard/publish.test.ts[2m > [22mPublish Workflow[2m > [22mPOST /api/articles/:id/note[2m > [22mreturns error when content is empty[32m 54[2mms[22m[39m
 [32mΓ£ô[39m tests/dashboard/publish.test.ts[2m > [22mPublish Workflow[2m > [22mPOST /api/articles/:id/note[2m > [22mreturns error when createNote throws[32m 49[2mms[22m[39m
 [32mΓ£ô[39m tests/pipeline/engine.test.ts[2m > [22mPipelineEngine[2m > [22mgetAvailableActions[2m > [22mreturns empty when guard fails[32m 48[2mms[22m[39m
 [32mΓ£ô[39m tests/pipeline/engine.test.ts[2m > [22mPipelineEngine[2m > [22mgetAvailableActions[2m > [22mreturns empty for nonexistent article[32m 43[2mms[22m[39m
 [32mΓ£ô[39m tests/dashboard/server.test.ts[2m > [22mDashboard Server[2m > [22mhtmx partial routes[2m > [22mGET /htmx/recent-ideas returns HTML fragment[32m 46[2mms[22m[39m
 [32mΓ£ô[39m tests/dashboard/server.test.ts[2m > [22mDashboard Server[2m > [22mhtmx partial routes[2m > [22mPOST /api/agents/refresh-all stays available without the removed agent pages[32m 52[2mms[22m[39m
stderr | tests/pipeline/actions.test.ts > STAGE_ACTIONS > writeDraft > succeeds on second self-heal attempt when first retry still fails
[writeDraft] Draft validation failed for 'test-wd-repair-2nd' (Draft structure: missing required TLDR block near the top of the article), self-heal attempt 1/2

stderr | tests/pipeline/actions.test.ts > STAGE_ACTIONS > writeDraft > succeeds on second self-heal attempt when first retry still fails
[writeDraft] Draft validation failed for 'test-wd-repair-2nd' (Draft structure: missing required TLDR block near the top of the article), self-heal attempt 2/2

 [32mΓ£ô[39m tests/pipeline/actions.test.ts[2m > [22mSTAGE_ACTIONS[2m > [22mwriteDraft[2m > [22mself-heals drafts missing the TLDR structure before succeeding[32m 102[2mms[22m[39m
 [32mΓ£ô[39m tests/agents/thinking.test.ts[2m > [22mseparateThinking[2m > [22mextracts matched <think> pairs[32m 2[2mms[22m[39m
 [32mΓ£ô[39m tests/agents/thinking.test.ts[2m > [22mseparateThinking[2m > [22mextracts multiple matched pairs and combines thinking[32m 0[2mms[22m[39m
 [32mΓ£ô[39m tests/agents/thinking.test.ts[2m > [22mseparateThinking[2m > [22mhandles Qwen bare close tag (no opening <think>)[32m 0[2mms[22m[39m
 [32mΓ£ô[39m tests/agents/thinking.test.ts[2m > [22mseparateThinking[2m > [22mreturns null thinking when no thinking tokens present[32m 0[2mms[22m[39m
 [32mΓ£ô[39m tests/agents/thinking.test.ts[2m > [22mseparateThinking[2m > [22mtreats empty thinking as empty string (trim of empty inner)[32m 0[2mms[22m[39m
 [32mΓ£ô[39m tests/agents/thinking.test.ts[2m > [22mseparateThinking[2m > [22mhandles <thinking> tags[32m 0[2mms[22m[39m
 [32mΓ£ô[39m tests/agents/thinking.test.ts[2m > [22mseparateThinking[2m > [22mhandles <reasoning> tags[32m 0[2mms[22m[39m
 [32mΓ£ô[39m tests/agents/thinking.test.ts[2m > [22mseparateThinking[2m > [22mpreserves markdown in output after thinking[32m 0[2mms[22m[39m
 [32mΓ£ô[39m tests/agents/thinking.test.ts[2m > [22mseparateThinking[2m > [22mtrims whitespace from thinking and output[32m 0[2mms[22m[39m
 [32mΓ£ô[39m tests/agents/thinking.test.ts[2m > [22mseparateThinking[2m > [22mis case-insensitive for tag names[32m 0[2mms[22m[39m
 [32mΓ£ô[39m tests/agents/thinking.test.ts[2m > [22mseparateThinking[2m > [22mhandles multiline thinking content[32m 0[2mms[22m[39m
 [32mΓ£ô[39m tests/agents/thinking.test.ts[2m > [22mseparateThinking[2m > [22mfalls back to original content when output would be empty[32m 0[2mms[22m[39m
 [32mΓ£ô[39m tests/dashboard/publish.test.ts[2m > [22mPublish Workflow[2m > [22mPOST /api/articles/:id/note[2m > [22mreturns htmx HTML on success[32m 53[2mms[22m[39m
 [32mΓ£ô[39m tests/dashboard/publish.test.ts[2m > [22mPublish Workflow[2m > [22mPOST /api/articles/:id/note[2m > [22mreturns 404 for missing article[32m 47[2mms[22m[39m
 [32mΓ£ô[39m tests/db/repository.test.ts[2m > [22mRepository[2m > [22musage events[2m > [22mrejects missing surface[32m 46[2mms[22m[39m
 [32mΓ£ô[39m tests/db/repository.test.ts[2m > [22mRepository[2m > [22martifact paths[2m > [22msets discussion path[32m 45[2mms[22m[39m
 [32mΓ£ô[39m tests/db/repository.test.ts[2m > [22mRepository[2m > [22martifact paths[2m > [22msets article path[32m 46[2mms[22m[39m
 [32mΓ£ô[39m tests/dashboard/server.test.ts[2m > [22mDashboard Server[2m > [22mhtmx partial routes[2m > [22mGET /htmx/published returns HTML fragment[32m 48[2mms[22m[39m
 [32mΓ£ô[39m tests/dashboard/server.test.ts[2m > [22mDashboard Server[2m > [22mhtmx partial routes[2m > [22mGET /htmx/stage/:stage returns HTML fragment[32m 50[2mms[22m[39m
 [32mΓ£ô[39m tests/pipeline/engine.test.ts[2m > [22mPipelineEngine[2m > [22mgetAvailableActions[2m > [22mreturns empty at stage 8 (published)[32m 52[2mms[22m[39m
 [32mΓ£ô[39m tests/pipeline/engine.test.ts[2m > [22mPipelineEngine[2m > [22mvalidateArticle[2m > [22mreturns validation items up to current stage[32m 48[2mms[22m[39m
 [32mΓ£ô[39m tests/pipeline/engine.test.ts[2m > [22mPipelineEngine[2m > [22mvalidateArticle[2m > [22mshows failures in validation report[32m 45[2mms[22m[39m
stderr | tests/pipeline/actions.test.ts > STAGE_ACTIONS > writeDraft > fails when the retry draft still misses the TLDR contract
[writeDraft] Draft validation failed for 'test-wd-repair-fail' (Draft structure: missing required TLDR block near the top of the article), self-heal attempt 1/2

stderr | tests/pipeline/actions.test.ts > STAGE_ACTIONS > writeDraft > fails when the retry draft still misses the TLDR contract
[writeDraft] Draft validation failed for 'test-wd-repair-fail' (Draft structure: missing required TLDR block near the top of the article), self-heal attempt 2/2

 [32mΓ£ô[39m tests/pipeline/actions.test.ts[2m > [22mSTAGE_ACTIONS[2m > [22mwriteDraft[2m > [22msucceeds on second self-heal attempt when first retry still fails[32m 110[2mms[22m[39m
 [32mΓ£ô[39m tests/dashboard/publish.test.ts[2m > [22mPublish Workflow[2m > [22mPOST /api/articles/:id/note[2m > [22mdoes not attach article slug when checkbox is off[32m 53[2mms[22m[39m
 [32mΓ£ô[39m tests/dashboard/publish.test.ts[2m > [22mPublish Workflow[2m > [22mPOST /api/articles/:id/tweet[2m > [22mposts a tweet and returns success[32m 48[2mms[22m[39m
 [32mΓ£ô[39m tests/llm/provider-mock.test.ts[2m > [22mMockProvider[2m > [22msetResponse[2m > [22mcan be cleared with null[33m 308[2mms[22m[39m
 [32mΓ£ô[39m tests/db/repository.test.ts[2m > [22mRepository[2m > [22mrepairStringStage[2m > [22mrepairs stage to numeric value[32m 45[2mms[22m[39m
 [32mΓ£ô[39m tests/db/repository.test.ts[2m > [22mRepository[2m > [22mrepairStringStage[2m > [22mrejects invalid numeric stage[32m 45[2mms[22m[39m
 [32mΓ£ô[39m tests/db/repository.test.ts[2m > [22mRepository[2m > [22mrepairStringStage[2m > [22mrejects nonexistent article[32m 42[2mms[22m[39m
 [32mΓ£ô[39m tests/pipeline/engine.test.ts[2m > [22mPipelineEngine[2m > [22mvalidateArticle[2m > [22mthrows for nonexistent article[32m 40[2mms[22m[39m
 [32mΓ£ô[39m tests/pipeline/engine.test.ts[2m > [22mPipelineEngine[2m > [22mvalidateArticle[2m > [22mreturns only stage 1 guard for a stage 1 article[32m 44[2mms[22m[39m
 [32mΓ£ô[39m tests/pipeline/engine.test.ts[2m > [22mPipelineEngine[2m > [22medge cases[2m > [22mhandles missing article directory gracefully in canAdvance[32m 39[2mms[22m[39m
 [32mΓ£ô[39m tests/dashboard/server.test.ts[2m > [22mDashboard Server[2m > [22mrepository new methods[2m > [22mgetStageTransitions returns transitions in order[32m 47[2mms[22m[39m
 [32mΓ£ô[39m tests/dashboard/server.test.ts[2m > [22mDashboard Server[2m > [22mrepository new methods[2m > [22mgetPublisherPass returns null when no pass exists[32m 45[2mms[22m[39m
 [32mΓ£ô[39m tests/dashboard/server.test.ts[2m > [22mDashboard Server[2m > [22mrepository new methods[2m > [22mgetPublisherPass returns pass when recorded[32m 50[2mms[22m[39m
 [32mΓ£ô[39m tests/pipeline/actions.test.ts[2m > [22mSTAGE_ACTIONS[2m > [22mwriteDraft[2m > [22mfails when the retry draft still misses the TLDR contract[32m 98[2mms[22m[39m
 [32mΓ£ô[39m tests/pipeline/actions.test.ts[2m > [22mSTAGE_ACTIONS[2m > [22mwriteDraft[2m > [22mdoes not retry when the draft only expands a name beyond what the supplied artifacts support[32m 84[2mms[22m[39m
 [32mΓ£ô[39m tests/dashboard/publish.test.ts[2m > [22mPublish Workflow[2m > [22mPOST /api/articles/:id/tweet[2m > [22mreturns error when TwitterService not configured[32m 49[2mms[22m[39m
 [32mΓ£ô[39m tests/dashboard/publish.test.ts[2m > [22mPublish Workflow[2m > [22mPOST /api/articles/:id/tweet[2m > [22mreturns error when content is empty[32m 44[2mms[22m[39m
 [32mΓ£ô[39m tests/dashboard/publish.test.ts[2m > [22mPublish Workflow[2m > [22mPOST /api/articles/:id/tweet[2m > [22mreturns 404 for missing article[32m 45[2mms[22m[39m
 [32mΓ£ô[39m tests/db/repository.test.ts[2m > [22mRepository[2m > [22mbackfillArticle[2m > [22mcreates missing article row[32m 41[2mms[22m[39m
 [32mΓ£ô[39m tests/db/repository.test.ts[2m > [22mRepository[2m > [22mbackfillArticle[2m > [22mrejects duplicate article[32m 43[2mms[22m[39m
 [32mΓ£ô[39m tests/db/repository.test.ts[2m > [22mRepository[2m > [22mbackfillArticle[2m > [22mrejects invalid stage[32m 39[2mms[22m[39m
 [32mΓ£ô[39m tests/pipeline/engine.test.ts[2m > [22mPipelineEngine[2m > [22medge cases[2m > [22mpublisher pass blocks 7ΓåÆ8 when artifact missing[32m 38[2mms[22m[39m
 [32mΓ£ô[39m tests/pipeline/engine.test.ts[2m > [22mPipelineEngine[2m > [22medge cases[2m > [22mempty draft file fails word count check[32m 41[2mms[22m[39m
 [32mΓ£ô[39m tests/pipeline/engine.test.ts[2m > [22mPipelineEngine[2m > [22mregress[2m > [22mregresses article to a previous stage[32m 43[2mms[22m[39m
 [32mΓ£ô[39m tests/dashboard/server.test.ts[2m > [22mDashboard Server[2m > [22mrepository new methods[2m > [22mlistArticles with no filters returns all[32m 47[2mms[22m[39m
 [32mΓ£ô[39m tests/dashboard/server.test.ts[2m > [22mDashboard Server[2m > [22mrepository new methods[2m > [22mlistArticles filters by stage[32m 42[2mms[22m[39m
 [32mΓ£ô[39m tests/dashboard/server.test.ts[2m > [22mDashboard Server[2m > [22mrepository new methods[2m > [22mlistArticles filters by status[32m 39[2mms[22m[39m
stderr | tests/pipeline/actions.test.ts > STAGE_ACTIONS > writeDraft > retries when the draft still contains placeholder scaffolding text
[writeDraft] Draft validation failed for 'test-wd-placeholder-preflight' (Draft still includes placeholder or scaffolding text ("TODO"). Remove it before handing the article to Editor.), self-heal attempt 1/2

 [32mΓ£ô[39m tests/pipeline/actions.test.ts[2m > [22mSTAGE_ACTIONS[2m > [22mwriteDraft[2m > [22mrecords unsourced claim issues as advisories without triggering a retry[32m 87[2mms[22m[39m
 [32mΓ£ô[39m tests/pipeline/engine.test.ts[2m > [22mPipelineEngine[2m > [22mregress[2m > [22mthrows when target stage is not less than current[32m 40[2mms[22m[39m
 [32mΓ£ô[39m tests/pipeline/engine.test.ts[2m > [22mPipelineEngine[2m > [22mregress[2m > [22mthrows for nonexistent article[32m 36[2mms[22m[39m
 [32mΓ£ô[39m tests/dashboard/publish.test.ts[2m > [22mPublish Workflow[2m > [22mPOST /api/articles/:id/tweet[2m > [22mreturns htmx HTML on success[32m 43[2mms[22m[39m
 [32mΓ£ô[39m tests/dashboard/publish.test.ts[2m > [22mPublish Workflow[2m > [22mPOST /api/articles/:id/tweet[2m > [22mreturns htmx HTML for dry run[32m 42[2mms[22m[39m
 [32mΓ£ô[39m tests/dashboard/publish.test.ts[2m > [22mPublish Workflow[2m > [22mPOST /api/articles/:id/tweet[2m > [22mreturns error when postTweet throws[32m 42[2mms[22m[39m
 [32mΓ£ô[39m tests/agents/runner.test.ts[2m > [22mAgentRunner[2m > [22mrun[2m > [22mbreaks consecutive duplicate tool calls after 3 repetitions[33m 689[2mms[22m[39m
 [32mΓ£ô[39m tests/agents/runner.test.ts[2m > [22mAgentRunner[2m > [22mrun[2m > [22msends LM Studio native tool calls and preserves messages across turns[32m 59[2mms[22m[39m
 [32mΓ£ô[39m tests/dashboard/publish.test.ts[2m > [22mPublish Workflow[2m > [22mPOST /api/articles/:id/tweet[2m > [22mappends article substack_url to tweet content[32m 41[2mms[22m[39m
 [32mΓ£ô[39m tests/db/repository.test.ts[2m > [22mRepository[2m > [22mbackfillArticle[2m > [22mrejects invalid status[32m 39[2mms[22m[39m
 [32mΓ£ô[39m tests/db/repository.test.ts[2m > [22mRepository[2m > [22mregressStage[2m > [22mregresses stage and sets status to revision[32m 41[2mms[22m[39m
 [32mΓ£ô[39m tests/db/repository.test.ts[2m > [22mRepository[2m > [22mregressStage[2m > [22mrecords regression in stage_transitions[32m 40[2mms[22m[39m
 [32mΓ£ô[39m tests/dashboard/server.test.ts[2m > [22mDashboard Server[2m > [22mrepository new methods[2m > [22mlistArticles respects limit[32m 44[2mms[22m[39m
 [32mΓ£ô[39m tests/dashboard/server.test.ts[2m > [22mDashboard Server[2m > [22marticle detail view[2m > [22mdoes not render removed stage timeline classes[32m 42[2mms[22m[39m
 [32mΓ£ô[39m tests/dashboard/server.test.ts[2m > [22mDashboard Server[2m > [22marticle detail view[2m > [22mrenders artifact tabs with htmx attributes[32m 41[2mms[22m[39m
 [32mΓ£ô[39m tests/pipeline/actions.test.ts[2m > [22mSTAGE_ACTIONS[2m > [22mwriteDraft[2m > [22mretries when the draft still contains placeholder scaffolding text[32m 83[2mms[22m[39m
 [32mΓ£ô[39m tests/pipeline/actions.test.ts[2m > [22mSTAGE_ACTIONS[2m > [22mwriteDraft[2m > [22mdoes not retry a non-risky draft that already respects the preflight[32m 74[2mms[22m[39m
 [32mΓ£ô[39m tests/agents/runner.test.ts[2m > [22mAgentRunner[2m > [22mrun[2m > [22mreuses the prior tool result when LM Studio repeats an identical tool call[32m 56[2mms[22m[39m
 [32mΓ£ô[39m tests/agents/runner.test.ts[2m > [22mAgentRunner[2m > [22mrun[2m > [22mpersists provider metadata for trace visibility[32m 54[2mms[22m[39m
 [32mΓ£ô[39m tests/agents/runner.test.ts[2m > [22mAgentRunner[2m > [22mrun[2m > [22mpersists lmstudio request and response envelopes in traces[32m 54[2mms[22m[39m
 [32mΓ£ô[39m tests/agents/runner.test.ts[2m > [22mnormalizeToolLoopResponse[2m > [22mpasses through a valid final envelope[32m 0[2mms[22m[39m
 [32mΓ£ô[39m tests/agents/runner.test.ts[2m > [22mnormalizeToolLoopResponse[2m > [22mpasses through a valid tool_call envelope[32m 0[2mms[22m[39m
 [32mΓ£ô[39m tests/agents/runner.test.ts[2m > [22mnormalizeToolLoopResponse[2m > [22mwraps a raw object without a type field as a final response[32m 0[2mms[22m[39m
 [32mΓ£ô[39m tests/agents/runner.test.ts[2m > [22mnormalizeToolLoopResponse[2m > [22mwraps an object with an unrecognized type field as a final response[32m 0[2mms[22m[39m
 [32mΓ£ô[39m tests/agents/runner.test.ts[2m > [22mnormalizeToolLoopResponse[2m > [22mrecognises tool call where type is the tool name with args[32m 0[2mms[22m[39m
 [32mΓ£ô[39m tests/agents/runner.test.ts[2m > [22mnormalizeToolLoopResponse[2m > [22mrecognises tool call where type is a hyphenated tool name[32m 0[2mms[22m[39m
 [32mΓ£ô[39m tests/agents/runner.test.ts[2m > [22mnormalizeToolLoopResponse[2m > [22mrecognises bare tool call where type is the tool name without args[32m 0[2mms[22m[39m
 [32mΓ£ô[39m tests/agents/runner.test.ts[2m > [22mnormalizeToolLoopResponse[2m > [22mextracts content from a known nested field[32m 0[2mms[22m[39m
 [32mΓ£ô[39m tests/agents/runner.test.ts[2m > [22mnormalizeToolLoopResponse[2m > [22mhandles string input by returning it as-is[32m 0[2mms[22m[39m
 [32mΓ£ô[39m tests/agents/runner.test.ts[2m > [22mnormalizeToolLoopResponse[2m > [22mhandles null/undefined input[32m 0[2mms[22m[39m
 [32mΓ£ô[39m tests/agents/runner.test.ts[2m > [22mnormalizeToolLoopResponse[2m > [22maliases "name" to toolName when type is "tool_call"[32m 0[2mms[22m[39m
 [32mΓ£ô[39m tests/agents/runner.test.ts[2m > [22mnormalizeToolLoopResponse[2m > [22maliases "tool_name" and "function" to toolName when type is "tool_call"[32m 0[2mms[22m[39m
 [32mΓ£ô[39m tests/agents/runner.test.ts[2m > [22mnormalizeToolLoopResponse[2m > [22mrecovers type:"final" when content is missing but "text" is present[32m 0[2mms[22m[39m
 [32mΓ£ô[39m tests/agents/runner.test.ts[2m > [22mnormalizeToolLoopResponse[2m > [22mrecovers type:"final" when content is missing but "answer" or "response" is present[32m 0[2mms[22m[39m
 [32mΓ£ô[39m tests/agents/runner.test.ts[2m > [22mnormalizeToolLoopResponse[2m > [22mstringifies type:"final" with no recognisable content field[32m 0[2mms[22m[39m
 [32mΓ£ô[39m tests/agents/runner.test.ts[2m > [22mlooksLikeJsonDataPayload[2m > [22mdetects a numeric data payload object[32m 0[2mms[22m[39m
 [32mΓ£ô[39m tests/agents/runner.test.ts[2m > [22mlooksLikeJsonDataPayload[2m > [22mdetects an array data payload[32m 0[2mms[22m[39m
 [32mΓ£ô[39m tests/agents/runner.test.ts[2m > [22mlooksLikeJsonDataPayload[2m > [22mrejects prose content (markdown article)[32m 0[2mms[22m[39m
 [32mΓ£ô[39m tests/agents/runner.test.ts[2m > [22mlooksLikeJsonDataPayload[2m > [22mrejects a proper final response with long text content[32m 0[2mms[22m[39m
 [32mΓ£ô[39m tests/agents/runner.test.ts[2m > [22mlooksLikeJsonDataPayload[2m > [22mrejects plain strings[32m 0[2mms[22m[39m
 [32mΓ£ô[39m tests/agents/runner.test.ts[2m > [22mlooksLikeJsonDataPayload[2m > [22mrejects non-JSON strings starting with {[32m 0[2mms[22m[39m
 [32mΓ£ô[39m tests/agents/runner.test.ts[2m > [22mlooksLikePersonaOrConfig[2m > [22mdetects a typical persona envelope[32m 0[2mms[22m[39m
 [32mΓ£ô[39m tests/agents/runner.test.ts[2m > [22mlooksLikePersonaOrConfig[2m > [22mdetects a minimal persona with name + role[32m 0[2mms[22m[39m
 [32mΓ£ô[39m tests/agents/runner.test.ts[2m > [22mlooksLikePersonaOrConfig[2m > [22mdetects name + model without role[32m 0[2mms[22m[39m
 [32mΓ£ô[39m tests/agents/runner.test.ts[2m > [22mlooksLikePersonaOrConfig[2m > [22mrejects objects without name[32m 0[2mms[22m[39m
 [32mΓ£ô[39m tests/agents/runner.test.ts[2m > [22mlooksLikePersonaOrConfig[2m > [22mrejects objects with content-like keys alongside name+role[32m 0[2mms[22m[39m
 [32mΓ£ô[39m tests/agents/runner.test.ts[2m > [22mlooksLikePersonaOrConfig[2m > [22mrejects normal data objects[32m 0[2mms[22m[39m
 [32mΓ£ô[39m tests/agents/runner.test.ts[2m > [22mlooksLikePersonaOrConfig[2m > [22mrejects arrays and primitives[32m 0[2mms[22m[39m
 [32mΓ£ô[39m tests/agents/runner.test.ts[2m > [22mnormalizeToolLoopResponse ΓÇö persona guard[2m > [22mrejects persona JSON with empty content (triggers schema validation failure)[32m 0[2mms[22m[39m
 [32mΓ£ô[39m tests/agents/runner.test.ts[2m > [22mnormalizeToolLoopResponse ΓÇö persona guard[2m > [22mstill accepts non-persona untyped objects via last-resort stringify[32m 0[2mms[22m[39m
 [32mΓ£ô[39m tests/agents/runner.test.ts[2m > [22munwrapFinalEnvelope[2m > [22munwraps a standard final envelope[32m 0[2mms[22m[39m
 [32mΓ£ô[39m tests/agents/runner.test.ts[2m > [22munwrapFinalEnvelope[2m > [22munwraps case-insensitive type[32m 0[2mms[22m[39m
 [32mΓ£ô[39m tests/agents/runner.test.ts[2m > [22munwrapFinalEnvelope[2m > [22mreturns original text when not JSON[32m 0[2mms[22m[39m
 [32mΓ£ô[39m tests/agents/runner.test.ts[2m > [22munwrapFinalEnvelope[2m > [22mreturns original text for non-final JSON[32m 0[2mms[22m[39m
 [32mΓ£ô[39m tests/agents/runner.test.ts[2m > [22munwrapFinalEnvelope[2m > [22mreturns original text when content is empty[32m 0[2mms[22m[39m
 [32mΓ£ô[39m tests/agents/runner.test.ts[2m > [22munwrapFinalEnvelope[2m > [22mreturns original text when content is missing[32m 0[2mms[22m[39m
 [32mΓ£ô[39m tests/agents/runner.test.ts[2m > [22munwrapFinalEnvelope[2m > [22mreturns original text for non-object JSON[32m 0[2mms[22m[39m
 [32mΓ£ô[39m tests/agents/runner.test.ts[2m > [22munwrapFinalEnvelope[2m > [22mpreserves leading whitespace but still detects envelope[32m 0[2mms[22m[39m
 [32mΓ£ô[39m tests/db/repository.test.ts[2m > [22mRepository[2m > [22mregressStage[2m > [22mrejects regression to same or higher stage[32m 38[2mms[22m[39m
 [32mΓ£ô[39m tests/db/repository.test.ts[2m > [22mRepository[2m > [22mregressStage[2m > [22mrejects regression for nonexistent article[32m 35[2mms[22m[39m
 [32mΓ£ô[39m tests/db/repository.test.ts[2m > [22mRepository[2m > [22mregressStage[2m > [22mrejects stage mismatch[32m 37[2mms[22m[39m
 [32mΓ£ô[39m tests/dashboard/server.test.ts[2m > [22mDashboard Server[2m > [22marticle detail view[2m > [22mrenders action panel with guard status[32m 40[2mms[22m[39m
 [32mΓ£ô[39m tests/dashboard/server.test.ts[2m > [22mDashboard Server[2m > [22marticle detail view[2m > [22mrenders published badge for stage 8 articles[32m 48[2mms[22m[39m
 [32mΓ£ô[39m tests/dashboard/server.test.ts[2m > [22mDashboard Server[2m > [22marticle detail view[2m > [22momits removed audit log section[32m 41[2mms[22m[39m
 [32mΓ£ô[39m tests/pipeline/actions.test.ts[2m > [22mSTAGE_ACTIONS[2m > [22mwriteDraft[2m > [22mkeeps writer conversation handoff summary-only while still providing the full current editor review[32m 78[2mms[22m[39m
 [32mΓ£ô[39m tests/llm/provider-mock.test.ts[2m > [22mMockProvider[2m > [22msetError[2m > [22mcauses chat() to throw[33m 449[2mms[22m[39m
 [32mΓ£ô[39m tests/db/repository.test.ts[2m > [22mRepository[2m > [22mregressStage[2m > [22mrejects invalid stage numbers[32m 38[2mms[22m[39m
 [32mΓ£ô[39m tests/db/repository.test.ts[2m > [22mRepository[2m > [22mclearArtifactsAfterStage[2m > [22mclears artifacts for stages above toStage[32m 42[2mms[22m[39m
 [32mΓ£ô[39m tests/db/repository.test.ts[2m > [22mRepository[2m > [22mclearArtifactsAfterStage[2m > [22mreturns empty array when no artifacts exist[32m 34[2mms[22m[39m
 [32mΓ£ô[39m tests/dashboard/server.test.ts[2m > [22mDashboard Server[2m > [22marticle detail view[2m > [22mkeeps metadata badges and edit affordance without sidebar metadata section[32m 40[2mms[22m[39m
 [32mΓ£ô[39m tests/dashboard/server.test.ts[2m > [22mDashboard Server[2m > [22marticle detail view[2m > [22mdoes not surface legacy stage-run failure chrome on article detail[32m 36[2mms[22m[39m
 [32mΓ£ô[39m tests/dashboard/server.test.ts[2m > [22mDashboard Server[2m > [22mhtmx article routes[2m > [22mGET /htmx/articles/:id/artifact/:name returns file content[32m 38[2mms[22m[39m
 [32mΓ£ô[39m tests/pipeline/actions.test.ts[2m > [22mSTAGE_ACTIONS[2m > [22mwriteDraft[2m > [22muses the shared writer task builder for revisions so the checklist survives revision prompts[32m 77[2mms[22m[39m
 [32mΓ£ô[39m tests/pipeline/actions.test.ts[2m > [22mSTAGE_ACTIONS[2m > [22mrunEditor[2m > [22mcalls editor agent and writes editor-review.md[32m 63[2mms[22m[39m
 [32mΓ£ô[39m tests/db/repository.test.ts[2m > [22mRepository[2m > [22mregressStage clears artifacts[2m > [22mregression to Stage 2 clears Stage 3+ artifacts[32m 45[2mms[22m[39m
 [32mΓ£ô[39m tests/db/repository.test.ts[2m > [22mRepository[2m > [22mregressStage clears artifacts[2m > [22mregression past Stage 6 clears publisher pass[32m 44[2mms[22m[39m
 [32mΓ£ô[39m tests/db/repository.test.ts[2m > [22mRepository[2m > [22mregressStage clears artifacts[2m > [22mregression past Stage 5 clears editor reviews[32m 39[2mms[22m[39m
 [32mΓ£ô[39m tests/dashboard/server.test.ts[2m > [22mDashboard Server[2m > [22mhtmx article routes[2m > [22mGET /htmx/articles/:id/artifact/:name shows placeholder for missing file[32m 37[2mms[22m[39m
 [32mΓ£ô[39m tests/dashboard/server.test.ts[2m > [22mDashboard Server[2m > [22mhtmx article routes[2m > [22mGET /htmx/articles/:id/artifact/:name returns 400 for invalid name[32m 36[2mms[22m[39m
 [32mΓ£ô[39m tests/dashboard/server.test.ts[2m > [22mDashboard Server[2m > [22mhtmx article routes[2m > [22mGET /htmx/articles/:id/artifact/:name returns 404 for unknown article[32m 37[2mms[22m[39m
 [32mΓ£ô[39m tests/pipeline/actions.test.ts[2m > [22mSTAGE_ACTIONS[2m > [22mrunEditor[2m > [22mpasses shared summary plus editor self-history, not raw cross-role transcript[32m 68[2mms[22m[39m
 [32mΓ£ô[39m tests/pipeline/actions.test.ts[2m > [22mSTAGE_ACTIONS[2m > [22mrunEditor[2m > [22mreturns REVISE and records a revision summary when the editor sends the draft back[32m 62[2mms[22m[39m
 [32mΓ£ô[39m tests/db/repository.test.ts[2m > [22mRepository[2m > [22mregressStage clears artifacts[2m > [22mregression below Stage 6 clears lead-review artifacts[32m 41[2mms[22m[39m
 [32mΓ£ô[39m tests/db/repository.test.ts[2m > [22mRepository[2m > [22mpinned agents[2m > [22mpins and retrieves agents[32m 43[2mms[22m[39m
 [32mΓ£ô[39m tests/db/repository.test.ts[2m > [22mRepository[2m > [22mpinned agents[2m > [22mignores duplicate pins[32m 36[2mms[22m[39m
 [32mΓ£ô[39m tests/dashboard/server.test.ts[2m > [22mDashboard Server[2m > [22mhtmx article routes[2m > [22mGET /htmx/articles/:id/artifact/:name escapes HTML in content[32m 39[2mms[22m[39m
 [32mΓ£ô[39m tests/dashboard/server.test.ts[2m > [22mDashboard Server[2m > [22mhtmx article routes[2m > [22mGET /htmx/articles/:id/artifact/:name allows lead-review artifacts[32m 43[2mms[22m[39m
 [32mΓ£ô[39m tests/dashboard/server.test.ts[2m > [22mDashboard Server[2m > [22mhtmx article routes[2m > [22mGET /htmx/articles/:id/artifact/:name prefers persisted thinking sidecars[32m 38[2mms[22m[39m
 [32mΓ£ô[39m tests/db/repository.test.ts[2m > [22mRepository[2m > [22mpinned agents[2m > [22munpins an agent[32m 35[2mms[22m[39m
 [32mΓ£ô[39m tests/db/repository.test.ts[2m > [22mRepository[2m > [22mpinned agents[2m > [22mreturns empty array when no agents pinned[32m 34[2mms[22m[39m
 [32mΓ£ô[39m tests/pipeline/actions.test.ts[2m > [22mSTAGE_ACTIONS[2m > [22mrunEditor[2m > [22msynthesises generic blocker metadata when editor returns REVISE without structured tags[32m 72[2mms[22m[39m
 [32mΓ£ô[39m tests/pipeline/actions.test.ts[2m > [22mSTAGE_ACTIONS[2m > [22mrunEditor[2m > [22msynthesises blocker metadata from last-resort when editor returns REVISE with malformed tags[32m 67[2mms[22m[39m
 [32mΓ£ô[39m tests/dashboard/server.test.ts[2m > [22mDashboard Server[2m > [22mhtmx article routes[2m > [22mPOST /htmx/articles/:id/advance returns 404 for unknown article[32m 35[2mms[22m[39m
 [32mΓ£ô[39m tests/dashboard/server.test.ts[2m > [22mDashboard Server[2m > [22mhtmx article routes[2m > [22mPOST /htmx/articles/:id/advance returns error when guard fails[32m 37[2mms[22m[39m
 [32mΓ£ô[39m tests/dashboard/server.test.ts[2m > [22mDashboard Server[2m > [22mhtmx article routes[2m > [22mPOST /htmx/articles/:id/advance succeeds when guard passes[32m 35[2mms[22m[39m
 [32mΓ£ô[39m tests/pipeline/actions.test.ts[2m > [22mSTAGE_ACTIONS[2m > [22mrunEditor[2m > [22mextracts blockers from bold items under ERRORS section when no structured tags present[32m 63[2mms[22m[39m
 [32mΓ£ô[39m tests/pipeline/actions.test.ts[2m > [22mSTAGE_ACTIONS[2m > [22mrunEditor[2m > [22mpasses writer-factcheck.md to editor as advisory context[32m 61[2mms[22m[39m
 [32mΓ£ô[39m tests/dashboard/server.test.ts[2m > [22mDashboard Server[2m > [22mhtmx article routes[2m > [22muses draft readiness for stage 7 publish actions instead of the stage guard failure[32m 41[2mms[22m[39m
 [32mΓ£ô[39m tests/dashboard/server.test.ts[2m > [22mDashboard Server[2m > [22mregress endpoints[2m > [22mPOST /api/articles/:id/regress sends article back[32m 39[2mms[22m[39m
 [32mΓ£ô[39m tests/dashboard/server.test.ts[2m > [22mDashboard Server[2m > [22mregress endpoints[2m > [22mPOST /api/articles/:id/regress returns 404 for missing article[32m 32[2mms[22m[39m
 [32mΓ£ô[39m tests/pipeline/actions.test.ts[2m > [22mSTAGE_ACTIONS[2m > [22mrunPublisherPass[2m > [22mcalls publisher agent and writes publisher-pass.md[32m 62[2mms[22m[39m
 [32mΓ£ô[39m tests/pipeline/actions.test.ts[2m > [22mSTAGE_ACTIONS[2m > [22mrunPublisherPass[2m > [22mpasses summary-only handoff to publisher[32m 62[2mms[22m[39m
 [32mΓ£ô[39m tests/dashboard/server.test.ts[2m > [22mDashboard Server[2m > [22mregress endpoints[2m > [22mPOST /api/articles/:id/regress returns 400 for invalid target[32m 34[2mms[22m[39m
 [32mΓ£ô[39m tests/dashboard/server.test.ts[2m > [22mDashboard Server[2m > [22mregress endpoints[2m > [22mPOST /htmx/articles/:id/regress returns success HTML[32m 37[2mms[22m[39m
 [32mΓ£ô[39m tests/dashboard/server.test.ts[2m > [22mDashboard Server[2m > [22mregress endpoints[2m > [22mPOST /htmx/articles/:id/regress returns 404 for missing article[32m 30[2mms[22m[39m
 [32mΓ£ô[39m tests/dashboard/server.test.ts[2m > [22mDashboard Server[2m > [22mregress endpoints[2m > [22mPOST /htmx/articles/:id/regress returns 422 for invalid target[32m 33[2mms[22m[39m
 [32mΓ£ô[39m tests/llm/provider-mock.test.ts[2m > [22mMockProvider[2m > [22msetError[2m > [22merror persists across calls[33m 661[2mms[22m[39m
 [32mΓ£ô[39m tests/pipeline/actions.test.ts[2m > [22mSTAGE_ACTIONS[2m > [22mpublish[2m > [22mreturns error when substack_url not set[32m 55[2mms[22m[39m
 [32mΓ£ô[39m tests/pipeline/actions.test.ts[2m > [22mSTAGE_ACTIONS[2m > [22mduration tracking[2m > [22mrecords duration on success[32m 47[2mms[22m[39m
 [32mΓ£ô[39m tests/pipeline/actions.test.ts[2m > [22mSTAGE_ACTIONS[2m > [22mduration tracking[2m > [22mrecords duration on failure[32m 42[2mms[22m[39m
 [32mΓ£ô[39m tests/pipeline/actions.test.ts[2m > [22mexecuteTransition[2m > [22mvalidates guard ΓåÆ runs action ΓåÆ advances stage ΓåÆ audits[32m 48[2mms[22m[39m
 [32mΓ£ô[39m tests/pipeline/actions.test.ts[2m > [22mexecuteTransition[2m > [22mfails when guard does not pass[32m 47[2mms[22m[39m
 [32mΓ£ô[39m tests/pipeline/actions.test.ts[2m > [22mexecuteTransition[2m > [22mdoes not advance stage when action fails[32m 50[2mms[22m[39m
 [32mΓ£ô[39m tests/pipeline/actions.test.ts[2m > [22mexecuteTransition[2m > [22mreturns error for undefined stage transition[32m 39[2mms[22m[39m
 [32mΓ£ô[39m tests/pipeline/actions.test.ts[2m > [22mexecuteTransition[2m > [22mcreates audit entry with duration on success[32m 49[2mms[22m[39m
 [32mΓ£ô[39m tests/pipeline/actions.test.ts[2m > [22mexecuteTransition[2m > [22mcreates audit entry on success[32m 48[2mms[22m[39m
 [32mΓ£ô[39m tests/llm/provider-mock.test.ts[2m > [22mMockProvider[2m > [22msetError[2m > [22mcan be cleared with null[33m 419[2mms[22m[39m
stderr | tests/pipeline/actions.test.ts > autoAdvanceArticle draft structure recovery > sends stage-5 drafts back to writer when the TLDR contract is missing
[writeDraft] Draft validation failed for 'test-auto-tldr' (Draft structure: TLDR block must appear near the top after the headline/subtitle (and optional cover image)), self-heal attempt 1/2

stderr | tests/pipeline/actions.test.ts > autoAdvanceArticle draft structure recovery > sends stage-5 drafts back to writer when the TLDR contract is missing
[writeDraft] Draft validation failed for 'test-auto-tldr' (Draft structure: missing required TLDR block near the top of the article), self-heal attempt 2/2

 [32mΓ£ô[39m tests/pipeline/actions.test.ts[2m > [22mexecuteTransition[2m > [22mruns multi-stage transitions sequentially[32m 53[2mms[22m[39m
 [32mΓ£ô[39m tests/pipeline/actions.test.ts[2m > [22mautoAdvanceArticle draft structure recovery[2m > [22msends stage-5 drafts back to writer when the TLDR contract is missing[32m 71[2mms[22m[39m
stderr | tests/e2e/pipeline.test.ts > E2E: Full Pipeline > should process an article from idea through all pipeline stages
[runDiscussion] Could not parse panel-composition.md for 'seahawks-draft-analysis', falling back to single-moderator

stderr | tests/pipeline/actions.test.ts > autoAdvanceArticle draft structure recovery > regresses back to writer when runEditor succeeds with a REVISE verdict
[runEditor] No verdict found for 'test-auto-editor-revise', retrying with strict format

stderr | tests/pipeline/actions.test.ts > autoAdvanceArticle draft structure recovery > regresses back to writer when runEditor succeeds with a REVISE verdict
[writeDraft] Draft validation failed for 'test-auto-editor-revise' (Draft structure: missing required TLDR block near the top of the article), self-heal attempt 1/2

stderr | tests/pipeline/actions.test.ts > autoAdvanceArticle draft structure recovery > regresses back to writer when runEditor succeeds with a REVISE verdict
[writeDraft] Draft validation failed for 'test-auto-editor-revise' (Draft structure: missing required TLDR block near the top of the article), self-heal attempt 2/2

stderr | tests/pipeline/actions.test.ts > autoAdvanceArticle draft structure recovery > regresses to writer with synthetic blockers when runEditor returns REVISE without structured tags
[runEditor] No verdict found for 'test-auto-editor-revise-missing-blockers', retrying with strict format

 [32mΓ£ô[39m tests/pipeline/actions.test.ts[2m > [22mautoAdvanceArticle draft structure recovery[2m > [22mregresses back to writer when runEditor succeeds with a REVISE verdict[32m 85[2mms[22m[39m
 [32mΓ£ô[39m tests/pipeline/actions.test.ts[2m > [22mautoAdvanceArticle draft structure recovery[2m > [22mregresses to writer with synthetic blockers when runEditor returns REVISE without structured tags[32m 85[2mms[22m[39m
 [32mΓ£ô[39m tests/pipeline/actions.test.ts[2m > [22mautoAdvanceArticle draft structure recovery[2m > [22mescalates repeated blocker signatures to lead review instead of regressing again[32m 59[2mms[22m[39m
 [32mΓ£ô[39m tests/pipeline/actions.test.ts[2m > [22mautoAdvanceArticle draft structure recovery[2m > [22mreports repeated blocker detection separately from active escalation state[32m 51[2mms[22m[39m
 [32mΓ£ô[39m tests/pipeline/actions.test.ts[2m > [22mautoAdvanceArticle draft structure recovery[2m > [22mreturns public escalation query helpers for active repeated-blocker handoffs[32m 53[2mms[22m[39m
stderr | tests/pipeline/actions.test.ts > autoAdvanceArticle draft structure recovery > keeps non-repeated blockers on the existing revision-cap path
[runEditor] No verdict found for 'test-auto-no-lead-review', retrying with strict format

 [32mΓ£ô[39m tests/llm/provider-mock.test.ts[2m > [22mMockProvider[2m > [22msetError[2m > [22mstill increments callCount when throwing[33m 475[2mms[22m[39m
stderr | tests/pipeline/actions.test.ts > autoAdvanceArticle draft structure recovery > keeps non-repeated blockers on the existing revision-cap path
[writeDraft] Draft validation failed for 'test-auto-no-lead-review' (Draft structure: missing required TLDR block near the top of the article), self-heal attempt 1/2

stderr | tests/pipeline/actions.test.ts > autoAdvanceArticle draft structure recovery > keeps non-repeated blockers on the existing revision-cap path
[writeDraft] Draft validation failed for 'test-auto-no-lead-review' (Draft structure: missing required TLDR block near the top of the article), self-heal attempt 2/2

 [32mΓ£ô[39m tests/pipeline/actions.test.ts[2m > [22mautoAdvanceArticle draft structure recovery[2m > [22mholds stage-6 needs_lead_review articles without force-approving or regressing[32m 52[2mms[22m[39m
 [32mΓ£ô[39m tests/pipeline/actions.test.ts[2m > [22mautoAdvanceArticle draft structure recovery[2m > [22mkeeps non-repeated blockers on the existing revision-cap path[32m 86[2mms[22m[39m
 [32mΓ£ô[39m tests/pipeline/actions.test.ts[2m > [22mConfigurable upstream context[2m > [22mwriteDraft includes idea.md as upstream context by default[32m 58[2mms[22m[39m
 [32mΓ£ô[39m tests/pipeline/actions.test.ts[2m > [22mConfigurable upstream context[2m > [22mrunEditor includes idea.md, discussion-summary.md, and writer-factcheck.md by default[32m 54[2mms[22m[39m
 [32mΓ£ô[39m tests/llm/provider-copilot.test.ts[2m > [22mCopilotProvider[2m > [22mchat ΓÇö error handling[2m > [22mthrows on 429 rate limit[33m 7041[2mms[22m[39m
 [32mΓ£ô[39m tests/llm/provider-copilot.test.ts[2m > [22mCopilotProvider[2m > [22mchat ΓÇö error handling[2m > [22mthrows on network error[32m 1[2mms[22m[39m
 [32mΓ£ô[39m tests/llm/provider-copilot.test.ts[2m > [22mCopilotProvider[2m > [22midentity[2m > [22mhas correct id and name[32m 0[2mms[22m[39m
 [32mΓ£ô[39m tests/pipeline/actions.test.ts[2m > [22mConfigurable upstream context[2m > [22mrunPublisherPass includes editor-review.md by default[32m 56[2mms[22m[39m
 [32mΓ£ô[39m tests/pipeline/actions.test.ts[2m > [22mConfigurable upstream context[2m > [22mrespects pipeline-context.json overrides[32m 65[2mms[22m[39m
 [32mΓ£ô[39m tests/pipeline/actions.test.ts[2m > [22mConfigurable upstream context[2m > [22muses per-article overrides stored in _config.json[32m 63[2mms[22m[39m
 [32mΓ£ô[39m tests/pipeline/actions.test.ts[2m > [22mConfigurable upstream context[2m > [22mworks with empty include list (minimal context)[32m 68[2mms[22m[39m
 [32mΓ£ô[39m tests/dashboard/new-idea.test.ts[2m > [22mNew Idea Routes[2m > [22mPOST /api/ideas (with actionContext / LLM)[2m > [22mrenders the provider selector when multiple providers are registered[32m 96[2mms[22m[39m
stderr | tests/pipeline/actions.test.ts > Configurable upstream context > runDiscussion respects pipeline-context.json overrides during moderator fallback
[runDiscussion] Could not parse panel-composition.md for 'test-ctx-rd', falling back to single-moderator

 [32mΓ£ô[39m tests/llm/provider-mock.test.ts[2m > [22mMockProvider[2m > [22mtoken usage[2m > [22mreturns usage stats[33m 492[2mms[22m[39m
 [32mΓ£ô[39m tests/pipeline/actions.test.ts[2m > [22mConfigurable upstream context[2m > [22mgeneratePrompt respects pipeline-context.json overrides[32m 50[2mms[22m[39m
 [32mΓ£ô[39m tests/pipeline/actions.test.ts[2m > [22mConfigurable upstream context[2m > [22mrunDiscussion respects pipeline-context.json overrides during moderator fallback[32m 53[2mms[22m[39m
 [32mΓ£ô[39m tests/pipeline/actions.test.ts[2m > [22mConfigurable upstream context[2m > [22mrich context preset widens writeDraft defaults[32m 59[2mms[22m[39m
 [32mΓ£ô[39m tests/pipeline/actions.test.ts[2m > [22mpost-revision retrospective automation[2m > [22mdoes not create a retrospective when revision_count is 0[32m 57[2mms[22m[39m
 [32mΓ£ô[39m tests/pipeline/actions.test.ts[2m > [22mpost-revision retrospective automation[2m > [22mcreates one retrospective after a single revisioned completion path[32m 64[2mms[22m[39m
 [32mΓ£ô[39m tests/pipeline/actions.test.ts[2m > [22mpost-revision retrospective automation[2m > [22mcaptures multiple revisions and stays idempotent on rerun[32m 66[2mms[22m[39m
 [32mΓ£ô[39m tests/llm/provider-mock.test.ts[2m > [22mMockProvider[2m > [22mtoken usage[2m > [22mreturns finishReason[33m 387[2mms[22m[39m
 [32mΓ£ô[39m tests/pipeline/actions.test.ts[2m > [22mpost-revision retrospective automation[2m > [22mmarks force-approved completion paths in the retrospective[32m 61[2mms[22m[39m
 [32mΓ£ô[39m tests/pipeline/actions.test.ts[2m > [22mToken usage recording[2m > [22mrecords token usage after a successful agent run[32m 41[2mms[22m[39m
 [32mΓ£ô[39m tests/llm/provider-mock.test.ts[2m > [22mMockProvider[2m > [22mcall tracking[2m > [22mstarts with zero calls[32m 0[2mms[22m[39m
 [32mΓ£ô[39m tests/pipeline/actions.test.ts[2m > [22mToken usage recording[2m > [22mrecords usage for each stage action[32m 46[2mms[22m[39m
 [32mΓ£ô[39m tests/pipeline/actions.test.ts[2m > [22mToken usage recording[2m > [22mpersists estimated copilot-cli usage into usage_events[32m 45[2mms[22m[39m
 [32mΓ£ô[39m tests/pipeline/actions.test.ts[2m > [22mToken usage recording[2m > [22mkeeps same-second usage history deterministic without timing sleeps[32m 51[2mms[22m[39m
 [32mΓ£ô[39m tests/pipeline/actions.test.ts[2m > [22mToken usage recording[2m > [22mdoes not record usage when tokensUsed is undefined[32m 43[2mms[22m[39m
 [32mΓ£ô[39m tests/pipeline/actions.test.ts[2m > [22mToken usage recording[2m > [22mrecords correct provider, model, stage, and surface values[32m 41[2mms[22m[39m
 [32mΓ£ô[39m tests/pipeline/actions.test.ts[2m > [22mwriteDraft fact-check preflight[2m > [22mruns fact-check then writer when discussion-summary.md exists[32m 60[2mms[22m[39m
 [32mΓ£ô[39m tests/pipeline/actions.test.ts[2m > [22mwriteDraft fact-check preflight[2m > [22mstores panel-factcheck.md artifact[32m 58[2mms[22m[39m
 [32mΓ£ô[39m tests/pipeline/actions.test.ts[2m > [22mwriteDraft fact-check preflight[2m > [22mstores writer-factcheck.md scaffold artifact with fresh-draft budget[32m 62[2mms[22m[39m
 [32mΓ£ô[39m tests/pipeline/actions.test.ts[2m > [22mwriteDraft fact-check preflight[2m > [22mpreserves prior writer-factcheck notes while updating the revision contract[32m 66[2mms[22m[39m
 [32mΓ£ô[39m tests/pipeline/actions.test.ts[2m > [22mwriteDraft fact-check preflight[2m > [22mlimits revision-mode approved-source fetches to one new check[32m 74[2mms[22m[39m
 [32mΓ£ô[39m tests/pipeline/actions.test.ts[2m > [22mwriteDraft fact-check preflight[2m > [22mrecords approved-source fetch usage and attributed results in writer-factcheck.md[32m 64[2mms[22m[39m
 [32mΓ£ô[39m tests/llm/provider-mock.test.ts[2m > [22mMockProvider[2m > [22mcall tracking[2m > [22mincrements callCount on each call[33m 672[2mms[22m[39m
 [32mΓ£ô[39m tests/pipeline/actions.test.ts[2m > [22mwriteDraft fact-check preflight[2m > [22mallows official team primary pages as approved sources[32m 64[2mms[22m[39m
 [32mΓ£ô[39m tests/pipeline/actions.test.ts[2m > [22mwriteDraft fact-check preflight[2m > [22mblocks non-approved source domains without fetching them[32m 59[2mms[22m[39m
 [32mΓ£ô[39m tests/pipeline/actions.test.ts[2m > [22mwriteDraft fact-check preflight[2m > [22menforces the external approved-source budget when more URLs are supplied[32m 63[2mms[22m[39m
 [32mΓ£ô[39m tests/pipeline/actions.test.ts[2m > [22mwriteDraft fact-check preflight[2m > [22menforces the remaining wall-clock budget during slow approved-source fetches[32m 48[2mms[22m[39m
 [32mΓ£ô[39m tests/pipeline/actions.test.ts[2m > [22mwriteDraft fact-check preflight[2m > [22mskips fact-check when discussion-summary.md does not exist[32m 46[2mms[22m[39m
 [32mΓ£ô[39m tests/llm/provider-mock.test.ts[2m > [22mMockProvider[2m > [22mcall tracking[2m > [22mtracks lastRequest[32m 229[2mms[22m[39m
 [32mΓ£ô[39m tests/llm/provider-mock.test.ts[2m > [22mMockProvider[2m > [22mcall tracking[2m > [22mresetStats clears tracking[33m 461[2mms[22m[39m
 [32mΓ£ô[39m tests/llm/provider-mock.test.ts[2m > [22mMockProvider[2m > [22mresponse metadata[2m > [22muses requested model in response[33m 388[2mms[22m[39m
 [32mΓ£ô[39m tests/llm/provider-mock.test.ts[2m > [22mMockProvider[2m > [22mresponse metadata[2m > [22mdefaults to mock-model when no model specified[33m 390[2mms[22m[39m
 [32mΓ£ô[39m tests/e2e/pipeline.test.ts[2m > [22mE2E: Full Pipeline[2m > [22mshould process an article from idea through all pipeline stages[33m 8248[2mms[22m[39m
 [32mΓ£ô[39m tests/e2e/pipeline.test.ts[2m > [22mE2E: Full Pipeline[2m > [22mshould serve dashboard with pipeline data[32m 65[2mms[22m[39m
 [32mΓ£ô[39m tests/e2e/pipeline.test.ts[2m > [22mE2E: Full Pipeline[2m > [22mshould detect pipeline drift between DB and disk[32m 52[2mms[22m[39m
 [32mΓ£ô[39m tests/e2e/pipeline.test.ts[2m > [22mE2E: Full Pipeline[2m > [22mshould handle batch advancement of multiple articles[32m 45[2mms[22m[39m
 [32mΓ£ô[39m tests/e2e/pipeline.test.ts[2m > [22mE2E: Full Pipeline[2m > [22mshould enforce guard failures and succeed after condition is met[32m 53[2mms[22m[39m
 [32mΓ£ô[39m tests/e2e/pipeline.test.ts[2m > [22mE2E: Full Pipeline[2m > [22mshould work through MCP server tools[32m 50[2mms[22m[39m
 [32mΓ£ô[39m tests/llm/provider-mock.test.ts[2m > [22mMockProvider[2m > [22mresponse metadata[2m > [22mprovider id is mock[33m 418[2mms[22m[39m
 [32mΓ£ô[39m tests/e2e/pipeline.test.ts[2m > [22mE2E: Full Pipeline[2m > [22mshould generate an audit report after pipeline activity[32m 60[2mms[22m[39m
 [32mΓ£ô[39m tests/e2e/pipeline.test.ts[2m > [22mE2E: Full Pipeline[2m > [22mshould have working memory infrastructure across pipeline runs[32m 57[2mms[22m[39m
 [32mΓ£ô[39m tests/dashboard/new-idea.test.ts[2m > [22mNew Idea Routes[2m > [22mPOST /api/ideas (with actionContext / LLM)[2m > [22mgenerates idea via LLM and extracts title[33m 4925[2mms[22m[39m
 [32mΓ£ô[39m tests/e2e/pipeline.test.ts[2m > [22mE2E: Full Pipeline[2m > [22mshould provide accurate pipeline summary via scheduler[32m 49[2mms[22m[39m
 [32mΓ£ô[39m tests/e2e/pipeline.test.ts[2m > [22mE2E: Full Pipeline[2m > [22mshould advance articles via dashboard API[32m 51[2mms[22m[39m
 [32mΓ£ô[39m tests/e2e/pipeline.test.ts[2m > [22mE2E: Full Pipeline[2m > [22mshould generate a validation report for an article[32m 48[2mms[22m[39m
 [32mΓ£ô[39m tests/dashboard/new-idea.test.ts[2m > [22mNew Idea Routes[2m > [22mPOST /api/ideas (with actionContext / LLM)[2m > [22mstores team and depth level from LLM flow[33m 3013[2mms[22m[39m
 [32mΓ£ô[39m tests/dashboard/new-idea.test.ts[2m > [22mNew Idea Routes[2m > [22mPOST /api/ideas (with actionContext / LLM)[2m > [22mrespects presets and advanced panel controls end to end[33m 2831[2mms[22m[39m
 [32mΓ£ô[39m tests/dashboard/new-idea.test.ts[2m > [22mNew Idea Routes[2m > [22mPOST /api/ideas (with actionContext / LLM)[2m > [22mpasses the selected provider to the runner[33m 2817[2mms[22m[39m
 [32mΓ£ô[39m tests/dashboard/new-idea.test.ts[2m > [22mNew Idea Routes[2m > [22mPOST /api/ideas (with actionContext / LLM)[2m > [22mtells the lead task to return the tool-loop final envelope[33m 2822[2mms[22m[39m
 [32mΓ£ô[39m tests/dashboard/new-idea.test.ts[2m > [22mNew Idea Routes[2m > [22mPOST /api/ideas (with actionContext / LLM)[2m > [22mrejects unknown provider overrides[32m 30[2mms[22m[39m
 [32mΓ£ô[39m tests/dashboard/new-idea.test.ts[2m > [22mNew Idea Routes[2m > [22mPOST /api/ideas (with actionContext / LLM)[2m > [22mattaches idea-generation traces and stage runs to the created article[33m 2903[2mms[22m[39m
 [32mΓ£ô[39m tests/dashboard/new-idea.test.ts[2m > [22mNew Idea Routes[2m > [22mPOST /api/ideas (with actionContext / LLM)[2m > [22mreturns trace metadata when idea creation fails after the trace starts[33m 2727[2mms[22m[39m
 [32mΓ£ô[39m tests/dashboard/new-idea.test.ts[2m > [22mNew Idea Routes[2m > [22mPOST /api/ideas (with actionContext / LLM)[2m > [22mreturns trace metadata when the runner throws after creating a trace[33m 2741[2mms[22m[39m
 [32mΓ£ô[39m tests/dashboard/new-idea.test.ts[2m > [22mNew Idea Routes[2m > [22mPOST /api/articles/:id/auto-advance[2m > [22madvances article through all satisfied guards[32m 99[2mms[22m[39m
 [32mΓ£ô[39m tests/dashboard/new-idea.test.ts[2m > [22mNew Idea Routes[2m > [22mPOST /api/articles/:id/auto-advance[2m > [22mstops when a guard fails[32m 91[2mms[22m[39m
 [32mΓ£ô[39m tests/dashboard/new-idea.test.ts[2m > [22mNew Idea Routes[2m > [22mPOST /api/articles/:id/auto-advance[2m > [22mdoes not advance past stage 7[32m 109[2mms[22m[39m
 [32mΓ£ô[39m tests/dashboard/new-idea.test.ts[2m > [22mNew Idea Routes[2m > [22mPOST /api/articles/:id/auto-advance[2m > [22mreturns 404 for unknown article[32m 27[2mms[22m[39m

ΓÄ»ΓÄ»ΓÄ»ΓÄ»ΓÄ»ΓÄ»ΓÄ» Failed Tests 2 ΓÄ»ΓÄ»ΓÄ»ΓÄ»ΓÄ»ΓÄ»ΓÄ»

 FAIL  tests/dashboard/publish.test.ts > Publish Workflow > GET /articles/:id/publish > renders publish preview page with article content
AssertionError: expected '<!DOCTYPE html>\n<html lang="en">\n<hΓÇª' to contain 'Test Article'

- Expected
+ Received

- Test Article
+ <!DOCTYPE html>
+ <html lang="en">
+ <head>
+   <meta charset="UTF-8">
+   <meta name="viewport" content="width=device-width, initial-scale=1.0, viewport-fit=cover">
+   <title>Publish ΓÇö Publish Preview Test ΓÇö NFL Lab Dashboard</title>
+   <link rel="stylesheet" href="/static/styles.css">
+   <script src="/static/htmx.min.js"></script>
+   <script src="/static/sse.js"></script>
+ </head>
+ <body class="app-shell page-publish-publish-preview-test" hx-ext="sse" sse-connect="/events">
+   <header class="site-header shared-mobile-header">
+     <div class="header-inner">
+       <div class="header-brand">
+         <a href="/" class="logo">NFL Lab</a>
+         <span class="header-tagline">Editorial desk</span>
+       </div>
+       <nav id="primary-nav" class="header-nav shared-mobile-nav" aria-label="Primary">
+         <a href="/" class="btn btn-header header-nav-link is-active">Dashboard</a>
+         <a href="/ideas/new" class="btn btn-header header-nav-link">New Idea</a>
+         <a href="/config" class="btn btn-header header-nav-link">Settings</a>
+       </nav>
+       <div id="nav-backdrop" class="nav-backdrop" aria-hidden="true"></div>
+       <div class="header-meta">
+         <!-- TODO: receive NODE_ENV via template param instead of direct process.env read -->
+         <span class="env-badge header-env-badge">test</span>
+         <button id="theme-toggle" class="btn btn-header btn-icon" title="Toggle theme" onclick="toggleTheme()">≡ƒîô</button>
+         <button
+           id="nav-toggle"
+           class="btn btn-header btn-icon nav-toggle"
+           type="button"
+           aria-label="Toggle navigation"
+           aria-expanded="false"
+           aria-controls="primary-nav"
+         ><span class="nav-toggle-icon" aria-hidden="true">Γÿ░</span><span class="nav-toggle-label">Menu</span></button>
+       </div>
+     </div>
+   </header>
+   <main class="content">
+     <div class="content-shell">
+       
+     <div class="article-detail publish-page">
+       <section class="detail-section publish-hero">
+         <a href="/articles/pub-preview" class="back-link">ΓåÉ Article Detail</a>
+         <div class="publish-detail-header">
+           <p class="section-kicker">Publish workflow</p>
+           <h1>Publish Page: Publish Preview Test</h1>
+           
+           <div class="detail-meta">
+             
+             <span class="badge badge-stage badge-stage-7">
+               Stage 7
+             </span>
+           </div>
+           <p class="hint">Save a Substack draft for review, then publish that linked draft live when ready.</p>
+         </div>
+       </section>
+
+       <div class="detail-grid mobile-detail-layout publish-layout">
+         <div class="detail-main mobile-primary-column">
+           <section class="detail-section">
+             <div class="action-bar action-group preview-section-header">
+               <h2>Published Layout Preview</h2>
+               <button id="viewport-toggle" class="btn btn-secondary btn-sm" onclick="toggleViewport()">
+                 ≡ƒô▒ Mobile
+               </button>
+             </div>
+             <p class="hint">This preview uses the same Substack-style layout as the dedicated article preview page.</p>
+             <div class="article-preview" id="article-preview">
+               
+     <div id="preview-frame" class="preview-container">
+       
+
+       <h1 class="preview-title">Publish Preview Test</h1>
+       
+
+       <div class="preview-author-line">
+         <span class="preview-author">NFL Lab</span>
+         <span class="preview-date">just now</span>
+       </div>
+
+       <hr class="preview-divider">
+
+       <div class="preview-body">
+         <p>Some content here.</p>
+       </div>
+
+       <div class="subscribe-cta">
+         <p class="subscribe-cta-text">Thanks for reading NFL Lab! Subscribe for free to receive new posts and support our work.</p>
+         <button class="subscribe-cta-button">Subscribe</button>
+       </div>
+
+       <hr class="preview-divider">
+
+       
+     <div class="preview-blurb">
+       <p><em>The NFL Lab is a virtual front office ΓÇö specialized AI analysts who debate every angle of every move, moderated and fact-checked by a human editor. When they disagree, that disagreement <strong>is</strong> the analysis. Welcome to the Lab.</em></p>
+       <p><em>Got a trade, signing, or draft scenario you want us to break down? Drop it in the comments.</em></p>
+     </div>
+     </div>
+
+       <script>
+         (function() {
+           var frame = document.getElementById('preview-frame');
+           var btn = document.getElementById('viewport-toggle');
+         var isMobile = false;
+         window.toggleViewport = function() {
+           isMobile = !isMobile;
+           if (isMobile) {
+             frame.classList.add('preview-mobile');
+             btn.textContent = '≡ƒûÑ Desktop';
+           } else {
+             frame.classList.remove('preview-mobile');
+             btn.textContent = '≡ƒô▒ Mobile';
+           }
+         };
+       })();
+     </script>
+             </div>
+           </section>
+         </div>
+
+         <div class="detail-sidebar mobile-secondary-column publish-sidebar-stack">
+           
+     <section id="publish-workflow" class="detail-section publish-workflow-section">
+       <div class="publish-workflow-header">
+         <div class="publish-workflow-kicker-row">
+           <p class="section-kicker">Primary path</p>
+           <span class="publish-status-badge is-ready">Draft linked</span>
+         </div>
+         <h2>Publish Status</h2>
+         <div class="alert alert-error">
+           <strong>Action needed:</strong> Substack publishing is not configured.
+           
+         </div>
+         <p class="hint">Configure Substack credentials on the <a href="/config">Settings</a> page, then try again.</p>
+         <p class="status-info publish-workflow-summary">Latest draft saved to Substack. You can update it again or publish that linked draft live.</p>
+       </div>
+       <p class="status-info publish-workflow-link">Current draft: <a href="https://test.substack.com/publish/post/12345" target="_blank">Open in Substack Γåù</a></p>
+       <div class="action-bar action-group publish-workflow-actions">
+         <button class="btn btn-primary btn-publish" disabled aria-disabled="true" title="Configure Substack credentials in Settings, then try again.">
+          Publish Now
+        </button>
+         <button class="btn btn-secondary" disabled aria-disabled="true" title="Configure Substack credentials in Settings, then try again.">
+          Update Draft on Substack
+        </button>
+       </div>
+       <p class="hint publish-workflow-hint">ΓÇ£Publish NowΓÇ¥ updates the linked Substack draft with the latest article body, then publishes it live.</p>
+     </section>
+
+           
+       <section class="detail-section publish-support-section">
+         <p class="section-kicker">Pre-publish review</p>
+         <h2>Γ£à No Issues Found</h2>
+         <p class="hint">No advisories or validation issues were detected during article production.</p>
+       </section>
+
+           
+     <section class="detail-section publish-support-section ai-review-section">
+       <p class="section-kicker">AI-assisted review</p>
+       <h2>≡ƒñû AI Pre-Publish Review</h2>
+       <div id="ai-review-content">
+         <p class="hint">Generate an AI-powered review that analyzes the article against its source artifacts and surfaces concerns for human review.</p>
+         <button class="btn btn-secondary"
+           hx-get="/htmx/articles/pub-preview/ai-review"
+           hx-target="#ai-review-content"
+           hx-swap="innerHTML"
+           hx-indicator="#ai-review-spinner">
+           ≡ƒñû Generate AI Review
+         </button>
+         <span id="ai-review-spinner" class="htmx-indicator">AnalyzingΓÇª</span>
+       </div>
+     </section>
+
+           
+     <section class="detail-section publish-support-section">
+       <p class="section-kicker">Optional follow-up</p>
+       <h2>≡ƒô¥ Substack Note</h2>
+       <div id="note-composer">
+         <textarea id="note-content" name="content" rows="4" class="form-textarea"
+           placeholder="Write a Note to promote this article..."></textarea>
+         <div class="composer-meta">
+           <label class="composer-check">
+             <input type="checkbox" id="note-attach" name="attachArticle" checked>
+             Attach article card
+           </label>
+         </div>
+       <div class="composer-actions">
+         <button class="btn btn-secondary"
+           hx-post="/api/articles/pub-preview/note"
+           hx-target="#note-result"
+             hx-swap="innerHTML"
+             hx-include="#note-content, #note-attach">
+             Post Note
+           </button>
+         </div>
+         <div id="note-result"></div>
+       </div>
+     </section>
+           
+     <section class="detail-section publish-support-section">
+       <p class="section-kicker">Optional follow-up</p>
+       <h2>≡ƒÉª Tweet</h2>
+       <div id="tweet-composer">
+         <textarea id="tweet-content" name="content" rows="3" class="form-textarea"
+           placeholder="Compose a tweet...">Publish Preview Test ≡ƒÅê</textarea>
+         <div class="composer-meta">
+           <span id="tweet-char-count" class="char-count">0/280</span>
+           <label class="composer-check">
+             <input type="checkbox" id="tweet-dry-run" name="dryRun">
+             Dry run (don&#39;t actually post)
+           </label>
+         </div>
+       <div class="composer-actions">
+         <button class="btn btn-secondary"
+           hx-post="/api/articles/pub-preview/tweet"
+           hx-target="#tweet-result"
+             hx-swap="innerHTML"
+             hx-include="#tweet-content, #tweet-dry-run">
+             Post Tweet
+           </button>
+         </div>
+         <div id="tweet-result"></div>
+       </div>
+     </section>
+     <script>
+       document.getElementById('tweet-content').addEventListener('input', function() {
+         var text = this.value;
+         var urlCount = (text.match(/https?:\/\/\S+/g) || []).length;
+         var nonUrlLength = text.replace(/https?:\/\/\S+/g, '').length;
+         var effective = nonUrlLength + (urlCount * 23);
+         var counter = document.getElementById('tweet-char-count');
+         counter.textContent = effective + '/280';
+         counter.className = 'char-count' + (effective > 280 ? ' over-limit' : effective > 250 ? ' near-limit' : '');
+       });
+     </script>
+
+           
+     <section class="detail-section publish-support-section publish-all-section">
+       <p class="section-kicker">Automation</p>
+       <h2>≡ƒÜÇ Publish All</h2>
+       <p class="hint">Publish the latest article live, then optionally post a Note and Tweet in sequence.</p>
+       <p class="hint">Configure Substack on the <a href="/config">Settings</a> page before using Publish All.</p>
+       <div class="publish-all-options">
+         <label class="composer-check">
+           <input type="checkbox" id="pa-note" checked> Post Substack Note
+         </label>
+         <label class="composer-check">
+           <input type="checkbox" id="pa-tweet" checked> Post Tweet
+         </label>
+       </div>
+       <button class="btn btn-publish btn-lg" id="publish-all-btn" disabled aria-disabled="true" title="Configure Substack credentials in Settings, then try again.">
+         ≡ƒÜÇ Publish All
+       </button>
+       <div id="publish-all-progress"></div>
+     </section>
+     <script>
+       async function publishAll(articleId) {
+         var btn = document.getElementById('publish-all-btn');
+         var progress = document.getElementById('publish-all-progress');
+         var includeNote = document.getElementById('pa-note') ? document.getElementById('pa-note').checked : false;
+         var includeTweet = document.getElementById('pa-tweet') ? document.getElementById('pa-tweet').checked : false;
+
+         btn.disabled = true;
+         btn.textContent = 'ΓÅ│ PublishingΓÇª';
+         progress.innerHTML = '';
+
+         function addStep(emoji, text, cls) {
+           progress.innerHTML += '<div class="publish-step ' + (cls || '') + '">' + emoji + ' ' + text + '</div>';
+         }
+
+         try {
+           addStep('ΓÅ│', 'Publishing to SubstackΓÇª');
+           var pubRes = await fetch('/api/articles/' + articleId + '/publish', { method: 'POST' });
+           var pubData = await pubRes.json();
+           if (!pubRes.ok) throw new Error(pubData.error || 'Publish failed');
+           addStep('Γ£à', 'Published to Substack', 'step-success');
+
+           if (includeNote) {
+             var noteContent = document.getElementById('note-content') ? document.getElementById('note-content').value : '';
+             if (noteContent && noteContent.trim()) {
+               addStep('ΓÅ│', 'Posting NoteΓÇª');
+               var noteAttach = document.getElementById('note-attach') ? document.getElementById('note-attach').checked : false;
+               var noteRes = await fetch('/api/articles/' + articleId + '/note', {
+                 method: 'POST',
+                 headers: { 'Content-Type': 'application/json' },
+                 body: JSON.stringify({ content: noteContent, attachArticle: noteAttach })
+               });
+               if (noteRes.ok) addStep('Γ£à', 'Note posted', 'step-success');
+               else addStep('ΓÜá∩╕Å', 'Note failed (non-critical)', 'step-warn');
+             }
+           }
+
+           if (includeTweet) {
+             var tweetContent = document.getElementById('tweet-content') ? document.getElementById('tweet-content').value : '';
+             if (tweetContent && tweetContent.trim()) {
+               addStep('ΓÅ│', 'Posting TweetΓÇª');
+               var dryRun = document.getElementById('tweet-dry-run') ? document.getElementById('tweet-dry-run').checked : false;
+               var tweetRes = await fetch('/api/articles/' + articleId + '/tweet', {
+                 method: 'POST',
+                 headers: { 'Content-Type': 'application/json' },
+                 body: JSON.stringify({ content: tweetContent, dryRun: dryRun })
+               });
+               if (tweetRes.ok) addStep('Γ£à', 'Tweet posted', 'step-success');
+               else addStep('ΓÜá∩╕Å', 'Tweet failed (non-critical)', 'step-warn');
+             }
+           }
+
+           addStep('≡ƒÄë', 'All done! RedirectingΓÇª', 'step-done');
+           setTimeout(function() { window.location.href = '/articles/' + articleId; }, 2000);
+         } catch (err) {
+           addStep('Γ¥î', err.message, 'step-error');
+           btn.disabled = false;
+           btn.textContent = '≡ƒÜÇ Publish All';
+         }
+       }
+     </script>
+         </div>
+       </div>
+     </div>
+     </div>
+   </main>
+   <footer class="site-footer">
+     <p>NFL Lab editorial desk</p>
+     <p class="site-footer-meta">The queue, the draft, and the publish moment.</p>
+   </footer>
+   <script>
+     function toggleTheme() {
+       var html = document.documentElement;
+       var current = html.getAttribute('data-theme');
+       var next = current === 'dark' ? 'light' : (current === 'light' ? 'dark' : 'dark');
+       html.setAttribute('data-theme', next);
+       localStorage.setItem('theme', next);
+       document.getElementById('theme-toggle').textContent = next === 'dark' ? 'ΓÿÇ∩╕Å' : '≡ƒîô';
+     }
+     (function() {
+       var saved = localStorage.getItem('theme');
+       if (saved) {
+         document.documentElement.setAttribute('data-theme', saved);
+         var btn = document.getElementById('theme-toggle');
+         if (btn) btn.textContent = saved === 'dark' ? 'ΓÿÇ∩╕Å' : '≡ƒîô';
+       }
+     })();
+     (function() {
+       var navToggle = document.getElementById('nav-toggle');
+       var nav = document.getElementById('primary-nav');
+       var backdrop = document.getElementById('nav-backdrop');
+       if (!navToggle || !nav) return;
+       function setNavHidden(hidden) {
+         if (hidden) {
+           nav.setAttribute('aria-hidden', 'true');
+           nav.setAttribute('inert', '');
+           if (backdrop) backdrop.setAttribute('aria-hidden', 'true');
+         } else {
+           nav.removeAttribute('aria-hidden');
+           nav.removeAttribute('inert');
+           if (backdrop) backdrop.removeAttribute('aria-hidden');
+         }
+       }
+       // Only hide nav at mobile widths ΓÇö desktop nav must stay interactive
+       if (window.innerWidth < 768) setNavHidden(true);
+       function closeNav() {
+         nav.classList.remove('is-open');
+         document.body.classList.remove('nav-open');
+         navToggle.setAttribute('aria-expanded', 'false');
+         if (window.innerWidth < 768) setNavHidden(true);
+       }
+       navToggle.addEventListener('click', function() {
+         var nextOpen = !nav.classList.contains('is-open');
+         nav.classList.toggle('is-open', nextOpen);
+         document.body.classList.toggle('nav-open', nextOpen);
+         navToggle.setAttribute('aria-expanded', nextOpen ? 'true' : 'false');
+         setNavHidden(!nextOpen);
+       });
+       if (backdrop) backdrop.addEventListener('click', closeNav);
+       nav.querySelectorAll('a').forEach(function(link) {
+         link.addEventListener('click', function() {
+           if (window.innerWidth < 768) closeNav();
+         });
+       });
+       document.addEventListener('click', function(event) {
+         var target = event.target;
+         if (!(target instanceof Element)) return;
+         if (!nav.classList.contains('is-open')) return;
+         if (nav.contains(target) || navToggle.contains(target)) return;
+         closeNav();
+       });
+       document.addEventListener('keydown', function(event) {
+         if (event.key === 'Escape') closeNav();
+       });
+       window.addEventListener('resize', function() {
+         if (window.innerWidth >= 768) {
+           // Transitioning to desktop ΓÇö ensure nav is interactive
+           nav.classList.remove('is-open');
+           document.body.classList.remove('nav-open');
+           navToggle.setAttribute('aria-expanded', 'false');
+           setNavHidden(false);
+         } else if (!nav.classList.contains('is-open')) {
+           setNavHidden(true);
+         }
+       });
+     })();
+   </script>
+ </body>
+ </html>

 Γ¥» tests/dashboard/publish.test.ts:274:20
    272|       expect(html).toContain('shared-mobile-header');
    273|       expect(html).toContain('mobile-detail-layout publish-layout');
    274|       expect(html).toContain('Test Article');
       |                    ^
    275|       expect(html).toContain('Some content here');
    276|       expect(html).toContain('Published Layout Preview');

ΓÄ»ΓÄ»ΓÄ»ΓÄ»ΓÄ»ΓÄ»ΓÄ»ΓÄ»ΓÄ»ΓÄ»ΓÄ»ΓÄ»ΓÄ»ΓÄ»ΓÄ»ΓÄ»ΓÄ»ΓÄ»ΓÄ»ΓÄ»ΓÄ»ΓÄ»ΓÄ»ΓÄ»[1/2]ΓÄ»

 FAIL  tests/dashboard/publish.test.ts > Publish Workflow > POST /api/articles/:id/draft > uploads and includes cover image when manifest present
AssertionError: expected '<figure><img src="/images/cover-test/ΓÇª' to contain '<h1>Article</h1>'

- Expected
+ Received

- <h1>Article</h1>
+ <figure><img src="/images/cover-test/cover-1.png" alt="Cover image" class="article-img" loading="lazy" onerror="this.style.opacity='0.3';this.alt='[Image not available]'"></figure>
+ <p>Content.</p>
+ <div class="subscribe-widget"><p>Test</p><button type="button">Subscribe</button></div>
+ <hr>
+ <p><em>The </em><em>NFL Lab</em><em> is a virtual front office ΓÇö specialized AI analysts who debate every angle of every move, moderated and fact-checked by a human editor. When they disagree, that disagreement </em><strong><em>is</em></strong><em> the analysis. Welcome to the Lab. Got a trade, signing, or draft scenario you want us to break down? Drop it in the comments.</em></p>

 Γ¥» tests/dashboard/publish.test.ts:545:20
    543|       // Convert to HTML to verify content
    544|       const html = proseMirrorToHtml(doc);
    545|       expect(html).toContain('<h1>Article</h1>');
       |                    ^
    546|     });
    547| 

ΓÄ»ΓÄ»ΓÄ»ΓÄ»ΓÄ»ΓÄ»ΓÄ»ΓÄ»ΓÄ»ΓÄ»ΓÄ»ΓÄ»ΓÄ»ΓÄ»ΓÄ»ΓÄ»ΓÄ»ΓÄ»ΓÄ»ΓÄ»ΓÄ»ΓÄ»ΓÄ»ΓÄ»[2/2]ΓÄ»


[2m Test Files [22m [1m[31m1 failed[39m[22m[2m | [22m[1m[32m71 passed[39m[22m[2m | [22m[33m1 skipped[39m[90m (73)[39m
[2m      Tests [22m [1m[31m2 failed[39m[22m[2m | [22m[1m[32m1763 passed[39m[22m[2m | [22m[33m1 skipped[39m[90m (1766)[39m
[2m   Start at [22m 07:01:42
[2m   Duration [22m 29.05s[2m (transform 8.08s, setup 3.75s, collect 36.95s, tests 128.46s, environment 13ms, prepare 16.64s)[22m

JSON report written to C:/github/nfl-eval/test-results.json
